Supplement_Sales_Weekly.csv
Date,Product Name,Category,Units Sold,Price,Discount,Location,Platform
2020-01-06,Whey Protein,Protein,161,31.98,0.03,Canada,Walmart
2020-02-03,Whey Protein,Protein,179,34.72,0.1,Canada,iHerb
2020-02-17,Whey Protein,Protein,336,24.86,0.07,Canada,iHerb
2020-03-02,Whey Protein,Protein,272,27.03,0.02,Canada,Amazon
2020-03-16,Whey Protein,Protein,140,50.17,0.23,Canada,iHerb
2020-03-30,Whey Protein,Protein,223,41.12,0.2,Canada,iHerb
2020-04-13,Whey Protein,Protein,529,26.26,0.18,Canada,Walmart
2020-05-04,Whey Protein,Protein,207,43.21,0.22,Canada,iHerb
2020-05-11,Whey Protein,Protein,634,20.22,0.13,Canada,iHerb
2020-06-22,Whey Protein,Protein,169,42.93,0.23,Canada,iHerb
2020-06-29,Whey Protein,Protein,55,50.73,0.15,Canada,Walmart
2020-07-13,Whey Protein,Protein,59,46.9,0.09,Canada,iHerb
2020-08-10,Whey Protein,Protein,441,14.01,0.11,Canada,iHerb
2020-09-21,Whey Protein,Protein,404,20.2,0.12,Canada,iHerb
2020-10-19,Whey Protein,Protein,409,18.4,0.09,Canada,Walmart
2020-11-02,Whey Protein,Protein,37,53.4,0.15,Canada,Amazon
2020-11-09,Whey Protein,Protein,34,50.58,0.07,Canada,Amazon
2020-11-30,Whey Protein,Protein,385,19.86,0.02,Canada,Walmart
2020-12-21,Whey Protein,Protein,168,36.88,0.14,Canada,iHerb
2021-01-18,Whey Protein,Protein,670,23.88,0.23,Canada,Walmart
2021-01-25,Whey Protein,Protein,269,32.03,0.21,Canada,iHerb
2021-02-01,Whey Protein,Protein,322,31.22,0.18,Canada,Amazon
2021-02-22,Whey Protein,Protein,22,57.19,0.0,Canada,Walmart
2021-03-01,Whey Protein,Protein,555,19.86,0.05,Canada,Walmart
2021-03-29,Whey Protein,Protein,201,35.92,0.12,Canada,Amazon
2021-04-19,Whey Protein,Protein,228,43.48,0.24,Canada,Walmart
2021-06-21,Whey Protein,Protein,157,31.81,0.05,Canada,Walmart
2021-07-12,Whey Protein,Protein,533,16.52,0.08,Canada,iHerb
2021-08-02,Whey Protein,Protein,88,36.69,0.04,Canada,iHerb
2021-09-06,Whey Protein,Protein,224,24.45,0.02,Canada,iHerb
2021-09-13,Whey Protein,Protein,112,45.1,0.18,Canada,iHerb
2021-09-27,Whey Protein,Protein,715,13.91,0.2,Canada,Amazon
2021-10-11,Whey Protein,Protein,41,56.96,0.17,Canada,Amazon
2021-11-22,Whey Protein,Protein,29,54.68,0.07,Canada,iHerb
2021-12-06,Whey Protein,Protein,935,11.42,0.16,Canada,Amazon
2021-12-13,Whey Protein,Protein,39,53.71,0.09,Canada,Amazon
2021-12-20,Whey Protein,Protein,99,42.32,0.14,Canada,Walmart
2022-01-03,Whey Protein,Protein,1083,12.33,0.18,Canada,iHerb
2022-01-10,Whey Protein,Protein,367,20.72,0.02,Canada,Amazon
2022-01-24,Whey Protein,Protein,616,20.08,0.11,Canada,Amazon
2022-01-31,Whey Protein,Protein,80,49.49,0.16,Canada,Walmart
2022-02-14,Whey Protein,Protein,408,25.01,0.13,Canada,Walmart
2022-02-28,Whey Protein,Protein,211,33.72,0.09,Canada,Amazon
2022-03-14,Whey Protein,Protein,227,30.8,0.08,Canada,iHerb
2022-04-25,Whey Protein,Protein,804,21.98,0.21,Canada,Amazon
2022-05-09,Whey Protein,Protein,116,49.45,0.19,Canada,Walmart
2022-05-23,Whey Protein,Protein,248,34.55,0.15,Canada,iHerb
2022-06-13,Whey Protein,Protein,146,34.32,0.03,Canada,iHerb
2022-06-20,Whey Protein,Protein,842,13.21,0.13,Canada,Amazon
2022-07-11,Whey Protein,Protein,137,37.65,0.12,Canada,Walmart
2022-07-18,Whey Protein,Protein,692,13.04,0.06,Canada,Walmart
2022-08-15,Whey Protein,Protein,171,37.05,0.23,Canada,Walmart
2022-09-19,Whey Protein,Protein,299,21.08,0.05,Canada,Walmart
2022-09-26,Whey Protein,Protein,26,50.29,0.0,Canada,iHerb
2022-10-10,Whey Protein,Protein,305,22.93,0.07,Canada,iHerb
2022-10-31,Whey Protein,Protein,38,47.93,0.02,Canada,Amazon
2022-11-07,Whey Protein,Protein,234,24.84,0.04,Canada,iHerb
2022-11-28,Whey Protein,Protein,139,46.69,0.25,Canada,Amazon
2022-12-19,Whey Protein,Protein,499,21.52,0.14,Canada,Walmart
2023-02-13,Whey Protein,Protein,147,33.26,0.02,Canada,Amazon
2023-03-20,Whey Protein,Protein,843,22.61,0.22,Canada,Amazon
2023-04-03,Whey Protein,Protein,367,24.85,0.06,Canada,Walmart
2023-04-10,Whey Protein,Protein,568,26.3,0.16,Canada,Walmart
2023-05-15,Whey Protein,Protein,62,53.57,0.13,Canada,Walmart
2023-06-05,Whey Protein,Protein,118,46.72,0.18,Canada,Amazon
2023-06-26,Whey Protein,Protein,174,31.37,0.06,Canada,iHerb
2023-07-03,Whey Protein,Protein,186,38.28,0.2,Canada,Amazon
2023-07-10,Whey Protein,Protein,80,46.62,0.17,Canada,iHerb
2023-07-24,Whey Protein,Protein,642,17.0,0.1,Canada,Walmart
2023-08-14,Whey Protein,Protein,105,45.42,0.21,Canada,Walmart
2023-08-21,Whey Protein,Protein,16,57.13,0.04,Canada,Walmart
2023-09-18,Whey Protein,Protein,80,43.53,0.11,Canada,Amazon
2023-10-09,Whey Protein,Protein,406,21.27,0.17,Canada,iHerb
2023-10-16,Whey Protein,Protein,610,18.02,0.22,Canada,Amazon
2023-10-23,Whey Protein,Protein,178,28.86,0.05,Canada,Walmart
2023-11-13,Whey Protein,Protein,840,10.25,0.1,Canada,Amazon
2023-11-27,Whey Protein,Protein,97,35.25,0.03,Canada,Amazon
2023-12-04,Whey Protein,Protein,238,23.79,0.01,Canada,iHerb
2024-01-15,Whey Protein,Protein,55,53.47,0.12,Canada,iHerb
2024-01-29,Whey Protein,Protein,432,23.06,0.08,Canada,Walmart
2024-03-04,Whey Protein,Protein,296,32.01,0.15,Canada,iHerb
2024-04-08,Whey Protein,Protein,136,39.7,0.07,Canada,iHerb
2024-04-15,Whey Protein,Protein,82,52.13,0.15,Canada,Walmart
2024-04-22,Whey Protein,Protein,176,36.63,0.06,Canada,Walmart
2024-05-13,Whey Protein,Protein,51,44.34,0.01,Canada,iHerb
2024-05-27,Whey Protein,Protein,43,58.64,0.13,Canada,Amazon
2024-06-03,Whey Protein,Protein,34,56.88,0.05,Canada,Amazon
2024-06-10,Whey Protein,Protein,141,33.77,0.02,Canada,Amazon
2024-06-17,Whey Protein,Protein,88,38.85,0.02,Canada,Walmart
2024-07-08,Whey Protein,Protein,141,39.53,0.13,Canada,Walmart
2024-07-15,Whey Protein,Protein,175,39.86,0.17,Canada,iHerb
2024-07-29,Whey Protein,Protein,260,29.21,0.15,Canada,iHerb
2024-09-23,Whey Protein,Protein,176,27.31,0.02,Canada,iHerb
2024-09-30,Whey Protein,Protein,742,17.53,0.24,Canada,iHerb
2024-10-07,Whey Protein,Protein,355,27.68,0.23,Canada,Amazon
2024-12-02,Whey Protein,Protein,178,36.57,0.17,Canada,iHerb
2025-01-06,Whey Protein,Protein,1125,10.85,0.15,Canada,Amazon
2025-01-27,Whey Protein,Protein,40,59.39,0.15,Canada,Amazon
2025-03-03,Whey Protein,Protein,627,27.08,0.25,Canada,iHerb
2025-03-17,Whey Protein,Protein,1143,10.07,0.09,Canada,iHerb
2020-01-06,Vitamin C,Vitamin,135,42.51,0.04,UK,Amazon
2020-01-20,Vitamin C,Vitamin,1250,22.33,0.18,UK,Walmart
2020-01-27,Vitamin C,Vitamin,350,35.9,0.07,UK,iHerb
2020-02-03,Vitamin C,Vitamin,592,35.63,0.2,UK,Amazon
2020-02-10,Vitamin C,Vitamin,730,27.89,0.12,UK,Amazon
2020-02-24,Vitamin C,Vitamin,934,30.55,0.23,UK,iHerb
2020-04-06,Vitamin C,Vitamin,1121,27.86,0.2,UK,Walmart
2020-05-04,Vitamin C,Vitamin,635,24.46,0.08,UK,iHerb
2020-05-25,Vitamin C,Vitamin,69,56.46,0.09,UK,iHerb
2020-06-01,Vitamin C,Vitamin,619,27.77,0.17,UK,Walmart
2020-06-22,Vitamin C,Vitamin,81,54.92,0.1,UK,Amazon
2020-07-20,Vitamin C,Vitamin,330,36.27,0.17,UK,Amazon
2020-08-24,Vitamin C,Vitamin,234,42.47,0.17,UK,Amazon
2020-09-14,Vitamin C,Vitamin,171,37.23,0.02,UK,Walmart
2020-10-19,Vitamin C,Vitamin,37,54.22,0.04,UK,Walmart
2020-11-02,Vitamin C,Vitamin,279,32.9,0.1,UK,iHerb
2020-11-23,Vitamin C,Vitamin,359,39.04,0.19,UK,iHerb
2020-11-30,Vitamin C,Vitamin,672,27.7,0.16,UK,iHerb
2020-12-07,Vitamin C,Vitamin,1294,12.83,0.03,UK,iHerb
2020-12-28,Vitamin C,Vitamin,466,26.7,0.03,UK,Amazon
2021-01-11,Vitamin C,Vitamin,148,52.16,0.16,UK,Amazon
2021-01-25,Vitamin C,Vitamin,46,53.67,0.01,UK,Amazon
2021-02-01,Vitamin C,Vitamin,1936,20.88,0.24,UK,Walmart
2021-02-22,Vitamin C,Vitamin,1570,15.66,0.14,UK,iHerb
2021-03-15,Vitamin C,Vitamin,80,55.58,0.09,UK,Walmart
2021-05-03,Vitamin C,Vitamin,1645,16.01,0.13,UK,Amazon
2021-06-07,Vitamin C,Vitamin,106,56.13,0.14,UK,Walmart
2021-06-21,Vitamin C,Vitamin,906,24.92,0.16,UK,Walmart
2021-06-28,Vitamin C,Vitamin,63,52.99,0.06,UK,Amazon
2021-07-12,Vitamin C,Vitamin,156,39.39,0.02,UK,Walmart
2021-07-19,Vitamin C,Vitamin,1248,22.61,0.24,UK,iHerb
2021-08-30,Vitamin C,Vitamin,49,50.65,0.01,UK,Amazon
2021-09-27,Vitamin C,Vitamin,137,44.34,0.13,UK,Walmart
2021-10-04,Vitamin C,Vitamin,411,29.0,0.12,UK,Amazon
2021-10-11,Vitamin C,Vitamin,1677,14.72,0.25,UK,Walmart
2021-10-18,Vitamin C,Vitamin,137,46.86,0.17,UK,iHerb
2021-11-15,Vitamin C,Vitamin,702,23.49,0.13,UK,Walmart
2021-11-22,Vitamin C,Vitamin,378,37.91,0.19,UK,Amazon
2021-12-06,Vitamin C,Vitamin,403,38.52,0.23,UK,iHerb
2022-01-24,Vitamin C,Vitamin,202,35.31,0.01,UK,Walmart
2022-02-14,Vitamin C,Vitamin,362,50.96,0.25,UK,Walmart
2022-02-21,Vitamin C,Vitamin,154,48.09,0.08,UK,Walmart
2022-04-04,Vitamin C,Vitamin,1193,20.99,0.08,UK,iHerb
2022-05-23,Vitamin C,Vitamin,282,39.48,0.09,UK,Walmart
2022-05-30,Vitamin C,Vitamin,1487,20.28,0.19,UK,iHerb
2022-06-13,Vitamin C,Vitamin,452,36.55,0.17,UK,iHerb
2022-07-04,Vitamin C,Vitamin,1953,12.9,0.17,UK,Amazon
2022-07-18,Vitamin C,Vitamin,850,21.88,0.13,UK,Amazon
2022-07-25,Vitamin C,Vitamin,53,58.7,0.09,UK,iHerb
2022-08-29,Vitamin C,Vitamin,102,53.24,0.17,UK,iHerb
2022-09-12,Vitamin C,Vitamin,296,37.87,0.16,UK,iHerb
2022-09-26,Vitamin C,Vitamin,515,22.71,0.06,UK,iHerb
2022-11-14,Vitamin C,Vitamin,164,48.47,0.18,UK,Walmart
2022-12-12,Vitamin C,Vitamin,1762,11.25,0.14,UK,Walmart
2022-12-26,Vitamin C,Vitamin,386,35.13,0.14,UK,Amazon
2023-02-27,Vitamin C,Vitamin,242,44.11,0.13,UK,iHerb
2023-03-13,Vitamin C,Vitamin,320,32.92,0.01,UK,Walmart
2023-03-20,Vitamin C,Vitamin,1276,17.11,0.06,UK,Walmart
2023-04-03,Vitamin C,Vitamin,632,28.85,0.13,UK,Walmart
2023-04-17,Vitamin C,Vitamin,777,30.76,0.16,UK,Amazon
2023-05-01,Vitamin C,Vitamin,307,37.13,0.09,UK,iHerb
2023-06-26,Vitamin C,Vitamin,157,45.99,0.11,UK,Amazon
2023-07-31,Vitamin C,Vitamin,88,48.83,0.08,UK,Amazon
2023-09-04,Vitamin C,Vitamin,235,41.29,0.18,UK,Amazon
2023-09-11,Vitamin C,Vitamin,970,14.77,0.11,UK,Walmart
2023-11-27,Vitamin C,Vitamin,515,25.88,0.04,UK,Amazon
2024-01-08,Vitamin C,Vitamin,1430,13.73,0.09,UK,iHerb
2024-01-15,Vitamin C,Vitamin,673,29.03,0.15,UK,Walmart
2024-02-05,Vitamin C,Vitamin,1517,23.1,0.23,UK,Amazon
2024-02-12,Vitamin C,Vitamin,1034,21.52,0.1,UK,iHerb
2024-02-19,Vitamin C,Vitamin,691,30.48,0.16,UK,Walmart
2024-03-11,Vitamin C,Vitamin,2950,13.15,0.22,UK,Walmart
2024-05-20,Vitamin C,Vitamin,2447,10.59,0.08,UK,iHerb
2024-06-10,Vitamin C,Vitamin,1094,25.02,0.23,UK,Walmart
2024-06-24,Vitamin C,Vitamin,286,33.85,0.02,UK,iHerb
2024-08-26,Vitamin C,Vitamin,278,32.0,0.04,UK,iHerb
2024-09-09,Vitamin C,Vitamin,330,35.07,0.2,UK,iHerb
2024-09-30,Vitamin C,Vitamin,200,46.97,0.2,UK,Walmart
2024-10-14,Vitamin C,Vitamin,1397,14.18,0.21,UK,Walmart
2024-10-21,Vitamin C,Vitamin,311,39.65,0.19,UK,iHerb
2024-11-11,Vitamin C,Vitamin,516,35.51,0.24,UK,iHerb
2024-12-02,Vitamin C,Vitamin,134,40.08,0.0,UK,Walmart
2024-12-16,Vitamin C,Vitamin,288,44.34,0.21,UK,Walmart
2025-02-03,Vitamin C,Vitamin,1278,17.87,0.05,UK,Walmart
2025-02-24,Vitamin C,Vitamin,192,53.95,0.22,UK,iHerb
2025-03-17,Vitamin C,Vitamin,1449,24.06,0.23,UK,Amazon
2025-03-31,Vitamin C,Vitamin,151,57.08,0.2,UK,iHerb
2020-01-06,Fish Oil,Omega,2604,12.91,0.25,Canada,Amazon
2020-01-27,Fish Oil,Omega,163,53.64,0.21,Canada,iHerb
2020-02-10,Fish Oil,Omega,329,45.6,0.21,Canada,Amazon
2020-02-17,Fish Oil,Omega,71,49.73,0.01,Canada,Walmart
2020-03-02,Fish Oil,Omega,326,34.28,0.01,Canada,iHerb
2020-03-16,Fish Oil,Omega,2003,16.15,0.22,Canada,Amazon
2020-03-23,Fish Oil,Omega,1401,20.79,0.17,Canada,iHerb
2020-04-27,Fish Oil,Omega,953,22.94,0.11,Canada,iHerb
2020-05-04,Fish Oil,Omega,659,27.84,0.09,Canada,iHerb
2020-05-18,Fish Oil,Omega,192,44.81,0.1,Canada,Amazon
2020-05-25,Fish Oil,Omega,185,39.66,0.01,Canada,Amazon
2020-06-15,Fish Oil,Omega,157,57.36,0.22,Canada,Amazon
2020-07-13,Fish Oil,Omega,67,53.31,0.07,Canada,iHerb
2020-07-20,Fish Oil,Omega,305,43.98,0.24,Canada,Amazon
2020-07-27,Fish Oil,Omega,1370,15.27,0.15,Canada,iHerb
2020-08-17,Fish Oil,Omega,884,16.65,0.04,Canada,iHerb
2020-08-24,Fish Oil,Omega,924,17.69,0.22,Canada,Amazon
2020-09-07,Fish Oil,Omega,592,20.21,0.1,Canada,iHerb
2020-11-30,Fish Oil,Omega,167,41.44,0.07,Canada,Amazon
2020-12-14,Fish Oil,Omega,442,32.34,0.19,Canada,Amazon
2020-12-28,Fish Oil,Omega,1143,18.44,0.12,Canada,iHerb
2021-01-11,Fish Oil,Omega,346,37.21,0.19,Canada,Walmart
2021-02-08,Fish Oil,Omega,276,33.54,0.01,Canada,iHerb
2021-03-15,Fish Oil,Omega,190,51.56,0.19,Canada,iHerb
2021-04-12,Fish Oil,Omega,509,27.62,0.06,Canada,iHerb
2021-04-26,Fish Oil,Omega,595,37.14,0.21,Canada,Walmart
2021-05-24,Fish Oil,Omega,849,29.15,0.22,Canada,iHerb
2021-06-14,Fish Oil,Omega,1414,14.15,0.05,Canada,iHerb
2021-06-21,Fish Oil,Omega,1463,12.02,0.02,Canada,Amazon
2021-07-12,Fish Oil,Omega,224,32.5,0.01,Canada,Amazon
2021-07-19,Fish Oil,Omega,362,32.62,0.11,Canada,Amazon
2021-07-26,Fish Oil,Omega,465,30.92,0.18,Canada,Amazon
2021-08-09,Fish Oil,Omega,43,57.39,0.03,Canada,iHerb
2021-08-16,Fish Oil,Omega,310,38.71,0.16,Canada,iHerb
2021-08-30,Fish Oil,Omega,267,34.25,0.08,Canada,Walmart
2021-09-06,Fish Oil,Omega,1139,17.24,0.2,Canada,iHerb
2021-09-13,Fish Oil,Omega,56,57.28,0.11,Canada,Amazon
2021-10-04,Fish Oil,Omega,320,32.43,0.16,Canada,Amazon
2021-11-15,Fish Oil,Omega,308,29.36,0.06,Canada,Walmart
2021-11-29,Fish Oil,Omega,274,38.36,0.14,Canada,Amazon
2021-12-06,Fish Oil,Omega,174,37.09,0.02,Canada,Amazon
2021-12-27,Fish Oil,Omega,589,22.32,0.0,Canada,Walmart
2022-01-17,Fish Oil,Omega,961,21.45,0.13,Canada,Amazon
2022-01-31,Fish Oil,Omega,1444,15.32,0.12,Canada,Amazon
2022-02-07,Fish Oil,Omega,267,39.56,0.08,Canada,Walmart
2022-02-14,Fish Oil,Omega,163,45.92,0.1,Canada,Walmart
2022-02-21,Fish Oil,Omega,309,34.29,0.02,Canada,Amazon
2022-02-28,Fish Oil,Omega,2014,11.24,0.09,Canada,Amazon
2022-03-14,Fish Oil,Omega,119,51.57,0.09,Canada,iHerb
2022-03-21,Fish Oil,Omega,214,47.0,0.16,Canada,iHerb
2022-04-11,Fish Oil,Omega,647,22.85,0.01,Canada,iHerb
2022-05-16,Fish Oil,Omega,595,34.56,0.17,Canada,iHerb
2022-07-18,Fish Oil,Omega,77,59.11,0.18,Canada,iHerb
2022-07-25,Fish Oil,Omega,99,55.73,0.17,Canada,Walmart
2022-08-01,Fish Oil,Omega,468,23.14,0.01,Canada,iHerb
2022-08-08,Fish Oil,Omega,783,21.85,0.17,Canada,Amazon
2022-08-22,Fish Oil,Omega,64,59.4,0.16,Canada,Walmart
2022-08-29,Fish Oil,Omega,188,49.05,0.25,Canada,Walmart
2022-09-05,Fish Oil,Omega,607,21.34,0.11,Canada,iHerb
2022-10-31,Fish Oil,Omega,159,50.86,0.23,Canada,iHerb
2022-11-07,Fish Oil,Omega,400,26.23,0.05,Canada,Amazon
2022-11-14,Fish Oil,Omega,86,59.79,0.22,Canada,Walmart
2022-11-21,Fish Oil,Omega,51,57.81,0.11,Canada,iHerb
2023-01-02,Fish Oil,Omega,1237,23.62,0.21,Canada,iHerb
2023-01-09,Fish Oil,Omega,1148,19.32,0.14,Canada,iHerb
2023-03-27,Fish Oil,Omega,302,39.22,0.1,Canada,iHerb
2023-04-17,Fish Oil,Omega,1425,19.69,0.13,Canada,Amazon
2023-05-08,Fish Oil,Omega,2286,12.41,0.13,Canada,Walmart
2023-06-05,Fish Oil,Omega,830,18.19,0.01,Canada,Walmart
2023-06-19,Fish Oil,Omega,380,26.7,0.01,Canada,Amazon
2023-06-26,Fish Oil,Omega,93,58.76,0.16,Canada,Walmart
2023-07-10,Fish Oil,Omega,161,49.05,0.18,Canada,iHerb
2023-07-17,Fish Oil,Omega,388,30.31,0.15,Canada,Amazon
2023-07-31,Fish Oil,Omega,1562,10.94,0.1,Canada,iHerb
2023-08-14,Fish Oil,Omega,223,31.45,0.0,Canada,Amazon
2023-08-21,Fish Oil,Omega,2023,12.24,0.24,Canada,Amazon
2023-09-04,Fish Oil,Omega,153,46.85,0.17,Canada,iHerb
2023-09-11,Fish Oil,Omega,144,53.6,0.24,Canada,iHerb
2023-10-02,Fish Oil,Omega,191,43.12,0.16,Canada,iHerb
2023-10-16,Fish Oil,Omega,304,33.17,0.11,Canada,Amazon
2023-10-23,Fish Oil,Omega,78,58.78,0.18,Canada,Walmart
2023-10-30,Fish Oil,Omega,135,36.77,0.0,Canada,iHerb
2023-11-06,Fish Oil,Omega,349,31.36,0.11,Canada,Amazon
2023-11-13,Fish Oil,Omega,517,25.31,0.12,Canada,Walmart
2024-01-15,Fish Oil,Omega,1527,18.52,0.21,Canada,Amazon
2024-02-12,Fish Oil,Omega,898,27.1,0.22,Canada,Walmart
2024-03-18,Fish Oil,Omega,92,55.66,0.1,Canada,iHerb
2024-04-22,Fish Oil,Omega,142,54.11,0.17,Canada,Walmart
2024-04-29,Fish Oil,Omega,192,50.85,0.17,Canada,Walmart
2024-05-06,Fish Oil,Omega,192,52.31,0.2,Canada,iHerb
2024-05-20,Fish Oil,Omega,428,33.66,0.14,Canada,Amazon
2024-07-15,Fish Oil,Omega,297,36.62,0.14,Canada,iHerb
2024-08-05,Fish Oil,Omega,55,52.0,0.02,Canada,Amazon
2024-09-09,Fish Oil,Omega,74,50.92,0.14,Canada,Amazon
2024-10-28,Fish Oil,Omega,932,18.38,0.16,Canada,iHerb
2024-11-04,Fish Oil,Omega,64,55.13,0.11,Canada,Amazon
2024-12-09,Fish Oil,Omega,653,21.15,0.07,Canada,Walmart
2024-12-30,Fish Oil,Omega,265,49.89,0.24,Canada,Walmart
2025-01-06,Fish Oil,Omega,121,53.71,0.15,Canada,Walmart
2025-01-27,Fish Oil,Omega,360,32.94,0.04,Canada,Walmart
2025-02-03,Fish Oil,Omega,298,39.55,0.13,Canada,iHerb
2025-02-10,Fish Oil,Omega,594,22.88,0.01,Canada,Amazon
2025-03-24,Fish Oil,Omega,392,34.55,0.1,Canada,Walmart
