Supplement_Sales_Weekly.csv
Date,Product Name,Category,Units Sold,Price,Discount,Location,Platform
2020-01-06,Multivitamin,Vitamin,949,16.07,0.08,Canada,Walmart
2020-03-23,Multivitamin,Vitamin,214,42.58,0.18,Canada,Amazon
2020-05-11,Multivitamin,Vitamin,263,34.25,0.08,Canada,Amazon
2020-05-18,Multivitamin,Vitamin,724,23.6,0.17,Canada,iHerb
2020-06-01,Multivitamin,Vitamin,252,34.23,0.08,Canada,Amazon
2020-06-08,Multivitamin,Vitamin,101,53.53,0.2,Canada,Walmart
2020-07-06,Multivitamin,Vitamin,112,39.16,0.0,Canada,Walmart
2020-09-21,Multivitamin,Vitamin,243,24.9,0.02,Canada,Amazon
2020-10-05,Multivitamin,Vitamin,927,11.84,0.12,Canada,iHerb
2020-10-26,Multivitamin,Vitamin,377,23.95,0.1,Canada,Walmart
2020-11-02,Multivitamin,Vitamin,224,36.3,0.17,Canada,Walmart
2020-11-09,Multivitamin,Vitamin,350,26.69,0.14,Canada,Amazon
2020-11-30,Multivitamin,Vitamin,283,38.47,0.21,Canada,Amazon
2020-12-07,Multivitamin,Vitamin,383,28.06,0.16,Canada,Walmart
2021-02-22,Multivitamin,Vitamin,1020,14.32,0.0,Canada,iHerb
2021-04-05,Multivitamin,Vitamin,57,55.2,0.08,Canada,Amazon
2021-05-03,Multivitamin,Vitamin,43,54.74,0.03,Canada,Amazon
2021-07-12,Multivitamin,Vitamin,741,20.34,0.16,Canada,Walmart
2021-08-16,Multivitamin,Vitamin,95,44.76,0.1,Canada,Walmart
2021-08-30,Multivitamin,Vitamin,947,15.73,0.25,Canada,Amazon
2021-10-11,Multivitamin,Vitamin,39,48.72,0.01,Canada,Amazon
2021-10-25,Multivitamin,Vitamin,419,18.63,0.0,Canada,iHerb
2021-11-01,Multivitamin,Vitamin,577,20.56,0.13,Canada,Amazon
2021-12-13,Multivitamin,Vitamin,864,21.17,0.18,Canada,Amazon
2022-01-10,Multivitamin,Vitamin,1387,12.4,0.22,Canada,Walmart
2022-01-17,Multivitamin,Vitamin,71,53.39,0.11,Canada,Walmart
2022-02-14,Multivitamin,Vitamin,316,42.33,0.24,Canada,Walmart
2022-03-14,Multivitamin,Vitamin,248,33.76,0.05,Canada,Walmart
2022-03-28,Multivitamin,Vitamin,198,51.82,0.24,Canada,iHerb
2022-04-11,Multivitamin,Vitamin,904,15.52,0.06,Canada,Walmart
2022-05-16,Multivitamin,Vitamin,1113,13.67,0.05,Canada,Walmart
2022-06-06,Multivitamin,Vitamin,38,52.66,0.05,Canada,Amazon
2022-06-13,Multivitamin,Vitamin,125,48.96,0.18,Canada,iHerb
2022-07-25,Multivitamin,Vitamin,358,37.21,0.24,Canada,Amazon
2022-08-08,Multivitamin,Vitamin,593,15.02,0.04,Canada,Walmart
2022-08-15,Multivitamin,Vitamin,363,26.95,0.14,Canada,Walmart
2022-08-29,Multivitamin,Vitamin,294,31.88,0.21,Canada,Walmart
2022-09-26,Multivitamin,Vitamin,472,22.08,0.12,Canada,Amazon
2022-11-14,Multivitamin,Vitamin,263,32.11,0.16,Canada,Walmart
2022-11-28,Multivitamin,Vitamin,136,41.55,0.13,Canada,Walmart
2022-12-12,Multivitamin,Vitamin,264,35.71,0.21,Canada,Amazon
2023-01-23,Multivitamin,Vitamin,102,58.19,0.23,Canada,iHerb
2023-02-27,Multivitamin,Vitamin,1217,15.96,0.1,Canada,Amazon
2023-04-03,Multivitamin,Vitamin,322,33.85,0.11,Canada,Amazon
2023-05-08,Multivitamin,Vitamin,86,50.89,0.09,Canada,iHerb
2023-06-05,Multivitamin,Vitamin,797,22.95,0.22,Canada,Walmart
2023-06-19,Multivitamin,Vitamin,299,27.63,0.02,Canada,Amazon
2023-07-24,Multivitamin,Vitamin,235,37.74,0.18,Canada,Walmart
2023-07-31,Multivitamin,Vitamin,185,32.22,0.01,Canada,iHerb
2023-08-21,Multivitamin,Vitamin,117,38.93,0.06,Canada,iHerb
2023-09-25,Multivitamin,Vitamin,24,57.88,0.04,Canada,Amazon
2023-10-09,Multivitamin,Vitamin,52,52.17,0.11,Canada,Amazon
2023-10-30,Multivitamin,Vitamin,154,49.94,0.25,Canada,iHerb
2023-12-11,Multivitamin,Vitamin,1335,10.88,0.13,Canada,Amazon
2023-12-25,Multivitamin,Vitamin,244,44.07,0.23,Canada,Amazon
2024-01-22,Multivitamin,Vitamin,290,36.08,0.16,Canada,Walmart
2024-02-05,Multivitamin,Vitamin,91,50.61,0.09,Canada,Walmart
2024-02-26,Multivitamin,Vitamin,786,21.15,0.18,Canada,Amazon
2024-03-25,Multivitamin,Vitamin,145,55.55,0.24,Canada,iHerb
2024-04-01,Multivitamin,Vitamin,88,45.08,0.0,Canada,Amazon
2024-04-29,Multivitamin,Vitamin,871,24.45,0.24,Canada,Amazon
2024-05-06,Multivitamin,Vitamin,111,44.49,0.08,Canada,Walmart
2024-06-03,Multivitamin,Vitamin,133,48.68,0.17,Canada,Walmart
2024-06-17,Multivitamin,Vitamin,441,34.44,0.22,Canada,iHerb
2024-06-24,Multivitamin,Vitamin,94,55.63,0.21,Canada,Amazon
2024-07-22,Multivitamin,Vitamin,270,40.39,0.24,Canada,iHerb
2024-07-29,Multivitamin,Vitamin,57,55.8,0.15,Canada,Amazon
2024-08-05,Multivitamin,Vitamin,321,25.38,0.05,Canada,Walmart
2024-09-30,Multivitamin,Vitamin,1002,14.92,0.24,Canada,Amazon
2024-10-14,Multivitamin,Vitamin,636,14.73,0.07,Canada,iHerb
2024-11-11,Multivitamin,Vitamin,117,49.01,0.2,Canada,Amazon
2024-11-18,Multivitamin,Vitamin,853,13.22,0.1,Canada,iHerb
2024-11-25,Multivitamin,Vitamin,54,55.02,0.12,Canada,Amazon
2024-12-02,Multivitamin,Vitamin,429,34.77,0.24,Canada,Walmart
2024-12-09,Multivitamin,Vitamin,95,45.92,0.09,Canada,iHerb
2025-01-06,Multivitamin,Vitamin,799,15.66,0.05,Canada,Amazon
2025-01-13,Multivitamin,Vitamin,152,37.61,0.0,Canada,Amazon
2025-01-20,Multivitamin,Vitamin,121,45.38,0.11,Canada,iHerb
2025-02-03,Multivitamin,Vitamin,863,20.58,0.16,Canada,iHerb
2025-03-03,Multivitamin,Vitamin,1231,17.15,0.17,Canada,Walmart
2025-03-31,Multivitamin,Vitamin,1122,10.88,0.02,Canada,Amazon
2020-01-06,Pre-Workout,Performance,551,35.47,0.25,Canada,iHerb
2020-01-13,Pre-Workout,Performance,2056,14.11,0.24,Canada,iHerb
2020-02-24,Pre-Workout,Performance,414,32.81,0.09,Canada,Amazon
2020-03-09,Pre-Workout,Performance,104,52.7,0.11,Canada,Amazon
2020-03-23,Pre-Workout,Performance,107,45.66,0.05,Canada,Walmart
2020-05-04,Pre-Workout,Performance,125,57.06,0.22,Canada,iHerb
2020-05-11,Pre-Workout,Performance,212,52.75,0.22,Canada,Amazon
2020-05-18,Pre-Workout,Performance,538,26.23,0.07,Canada,iHerb
2020-05-25,Pre-Workout,Performance,194,44.86,0.16,Canada,Amazon
2020-06-08,Pre-Workout,Performance,325,32.92,0.09,Canada,iHerb
2020-07-20,Pre-Workout,Performance,172,43.25,0.14,Canada,Amazon
2020-07-27,Pre-Workout,Performance,635,25.39,0.15,Canada,Amazon
2020-08-03,Pre-Workout,Performance,43,51.42,0.02,Canada,iHerb
2020-09-28,Pre-Workout,Performance,140,46.56,0.19,Canada,Amazon
2020-10-12,Pre-Workout,Performance,119,43.82,0.08,Canada,Walmart
2020-11-02,Pre-Workout,Performance,1277,12.46,0.1,Canada,Walmart
2020-11-09,Pre-Workout,Performance,120,35.94,0.01,Canada,Amazon
2020-11-23,Pre-Workout,Performance,201,45.16,0.21,Canada,Amazon
2020-11-30,Pre-Workout,Performance,283,43.71,0.24,Canada,iHerb
2020-12-14,Pre-Workout,Performance,81,59.23,0.17,Canada,iHerb
2020-12-28,Pre-Workout,Performance,840,22.17,0.11,Canada,Walmart
2021-01-11,Pre-Workout,Performance,322,26.87,0.0,Canada,Amazon
2021-01-18,Pre-Workout,Performance,1032,22.16,0.19,Canada,Amazon
2021-02-08,Pre-Workout,Performance,1124,15.88,0.06,Canada,Walmart
2021-03-01,Pre-Workout,Performance,164,39.95,0.02,Canada,iHerb
2021-03-15,Pre-Workout,Performance,639,23.98,0.05,Canada,Walmart
2021-04-12,Pre-Workout,Performance,331,35.63,0.07,Canada,Walmart
2021-04-19,Pre-Workout,Performance,1383,15.03,0.08,Canada,Amazon
2021-05-24,Pre-Workout,Performance,833,15.92,0.0,Canada,Walmart
2021-06-07,Pre-Workout,Performance,513,32.82,0.22,Canada,Amazon
2021-08-09,Pre-Workout,Performance,185,38.32,0.12,Canada,Walmart
2021-09-06,Pre-Workout,Performance,56,54.46,0.12,Canada,Amazon
2021-09-13,Pre-Workout,Performance,109,55.45,0.24,Canada,Walmart
2021-11-01,Pre-Workout,Performance,1292,10.75,0.07,Canada,Walmart
2021-11-22,Pre-Workout,Performance,222,36.34,0.08,Canada,Amazon
2021-11-29,Pre-Workout,Performance,70,52.9,0.1,Canada,Amazon
2021-12-27,Pre-Workout,Performance,1427,11.86,0.01,Canada,Amazon
2022-01-24,Pre-Workout,Performance,109,52.73,0.12,Canada,Amazon
2022-01-31,Pre-Workout,Performance,97,51.72,0.11,Canada,Walmart
2022-02-07,Pre-Workout,Performance,56,58.01,0.06,Canada,Walmart
2022-02-28,Pre-Workout,Performance,141,43.71,0.05,Canada,iHerb
2022-03-07,Pre-Workout,Performance,1248,18.87,0.22,Canada,Walmart
2022-03-28,Pre-Workout,Performance,452,27.57,0.04,Canada,Amazon
2022-05-09,Pre-Workout,Performance,412,40.07,0.24,Canada,Amazon
2022-05-30,Pre-Workout,Performance,162,47.19,0.13,Canada,iHerb
2022-07-11,Pre-Workout,Performance,1668,11.95,0.21,Canada,Walmart
2022-08-15,Pre-Workout,Performance,244,34.67,0.07,Canada,Amazon
2022-08-22,Pre-Workout,Performance,824,16.08,0.05,Canada,Amazon
2022-08-29,Pre-Workout,Performance,97,45.61,0.09,Canada,Amazon
2022-09-12,Pre-Workout,Performance,503,20.09,0.02,Canada,Amazon
2022-10-31,Pre-Workout,Performance,93,46.48,0.05,Canada,iHerb
2022-11-07,Pre-Workout,Performance,484,23.58,0.09,Canada,Amazon
2023-01-02,Pre-Workout,Performance,368,42.27,0.24,Canada,Walmart
2023-02-06,Pre-Workout,Performance,218,38.31,0.06,Canada,iHerb
2023-02-13,Pre-Workout,Performance,1343,23.18,0.23,Canada,Walmart
2023-02-27,Pre-Workout,Performance,301,30.93,0.01,Canada,iHerb
2023-04-03,Pre-Workout,Performance,337,32.59,0.05,Canada,Amazon
2023-04-10,Pre-Workout,Performance,505,35.05,0.15,Canada,Amazon
2023-04-17,Pre-Workout,Performance,715,19.88,0.0,Canada,Walmart
2023-05-01,Pre-Workout,Performance,527,26.91,0.03,Canada,Amazon
2023-05-08,Pre-Workout,Performance,1763,12.17,0.09,Canada,iHerb
2023-05-22,Pre-Workout,Performance,130,47.98,0.14,Canada,Amazon
2023-05-29,Pre-Workout,Performance,324,32.3,0.08,Canada,Walmart
2023-06-19,Pre-Workout,Performance,221,46.53,0.21,Canada,iHerb
2023-08-07,Pre-Workout,Performance,532,30.87,0.24,Canada,iHerb
2023-08-21,Pre-Workout,Performance,677,24.56,0.2,Canada,Amazon
2023-08-28,Pre-Workout,Performance,269,36.95,0.2,Canada,Amazon
2023-10-02,Pre-Workout,Performance,1065,18.26,0.24,Canada,Walmart
2023-10-09,Pre-Workout,Performance,170,38.31,0.07,Canada,Walmart
2023-10-30,Pre-Workout,Performance,586,20.94,0.13,Canada,iHerb
2023-11-06,Pre-Workout,Performance,173,34.62,0.02,Canada,Walmart
2023-12-18,Pre-Workout,Performance,99,52.3,0.16,Canada,Walmart
2024-01-01,Pre-Workout,Performance,63,59.96,0.15,Canada,iHerb
2024-01-22,Pre-Workout,Performance,473,26.34,0.09,Canada,iHerb
2024-03-04,Pre-Workout,Performance,814,23.22,0.08,Canada,iHerb
2024-03-11,Pre-Workout,Performance,377,31.16,0.06,Canada,iHerb
2024-05-06,Pre-Workout,Performance,714,23.43,0.05,Canada,Amazon
2024-06-24,Pre-Workout,Performance,399,23.54,0.02,Canada,Walmart
2024-07-29,Pre-Workout,Performance,419,31.36,0.15,Canada,Amazon
2024-08-05,Pre-Workout,Performance,208,35.44,0.07,Canada,Amazon
2024-08-12,Pre-Workout,Performance,1140,12.73,0.16,Canada,Walmart
2024-09-02,Pre-Workout,Performance,168,43.4,0.16,Canada,Amazon
2024-09-23,Pre-Workout,Performance,41,54.35,0.06,Canada,Walmart
2024-10-14,Pre-Workout,Performance,49,59.57,0.13,Canada,Walmart
2024-11-11,Pre-Workout,Performance,536,25.8,0.14,Canada,Walmart
2024-12-02,Pre-Workout,Performance,1904,11.0,0.16,Canada,Walmart
2024-12-09,Pre-Workout,Performance,161,48.85,0.18,Canada,Amazon
2024-12-16,Pre-Workout,Performance,110,44.31,0.06,Canada,Amazon
2024-12-23,Pre-Workout,Performance,1109,16.75,0.11,Canada,iHerb
2025-01-13,Pre-Workout,Performance,703,33.23,0.24,Canada,Walmart
2025-01-20,Pre-Workout,Performance,233,43.27,0.13,Canada,Walmart
2025-01-27,Pre-Workout,Performance,687,26.69,0.14,Canada,Amazon
2025-02-17,Pre-Workout,Performance,492,33.25,0.17,Canada,iHerb
2025-03-17,Pre-Workout,Performance,849,21.74,0.07,Canada,Amazon
2025-03-31,Pre-Workout,Performance,937,26.84,0.16,Canada,iHerb
2020-01-06,BCAA,Amino Acid,359,41.19,0.13,UK,Walmart
2020-01-20,BCAA,Amino Acid,1558,17.44,0.08,UK,Amazon
2020-02-10,BCAA,Amino Acid,1173,26.26,0.17,UK,Amazon
2020-02-17,BCAA,Amino Acid,483,31.52,0.08,UK,Amazon
2020-02-24,BCAA,Amino Acid,1933,13.55,0.02,UK,Amazon
2020-03-16,BCAA,Amino Acid,141,48.77,0.07,UK,Amazon
2020-03-23,BCAA,Amino Acid,2412,12.9,0.03,UK,Walmart
2020-03-30,BCAA,Amino Acid,175,43.98,0.02,UK,Walmart
2020-05-18,BCAA,Amino Acid,267,39.77,0.07,UK,Amazon
2020-06-08,BCAA,Amino Acid,2415,12.0,0.07,UK,iHerb
2020-06-22,BCAA,Amino Acid,57,59.18,0.06,UK,iHerb
2020-06-29,BCAA,Amino Acid,197,56.72,0.23,UK,Walmart
2020-07-27,BCAA,Amino Acid,129,46.51,0.09,UK,iHerb
2020-08-17,BCAA,Amino Acid,79,47.11,0.01,UK,Amazon
2020-08-24,BCAA,Amino Acid,629,21.03,0.03,UK,Amazon
2020-09-28,BCAA,Amino Acid,120,42.42,0.02,UK,Amazon
2020-10-05,BCAA,Amino Acid,324,35.9,0.15,UK,Walmart
2020-10-19,BCAA,Amino Acid,260,33.76,0.1,UK,Walmart
2020-12-21,BCAA,Amino Acid,89,58.12,0.13,UK,Amazon
2020-12-28,BCAA,Amino Acid,1737,11.06,0.1,UK,iHerb
2021-01-04,BCAA,Amino Acid,155,51.82,0.13,UK,iHerb
2021-02-08,BCAA,Amino Acid,383,39.82,0.09,UK,iHerb
2021-02-22,BCAA,Amino Acid,1860,24.26,0.2,UK,iHerb
2021-03-01,BCAA,Amino Acid,109,49.06,0.0,UK,Walmart
2021-03-08,BCAA,Amino Acid,206,48.32,0.12,UK,Amazon
2021-03-15,BCAA,Amino Acid,2338,13.93,0.09,UK,iHerb
2021-03-22,BCAA,Amino Acid,70,54.49,0.0,UK,Walmart
2021-03-29,BCAA,Amino Acid,999,30.48,0.2,UK,iHerb
2021-04-12,BCAA,Amino Acid,91,57.03,0.08,UK,Walmart
2021-04-19,BCAA,Amino Acid,450,33.01,0.05,UK,Walmart
2021-05-03,BCAA,Amino Acid,99,55.2,0.08,UK,iHerb
2021-06-07,BCAA,Amino Acid,473,30.53,0.06,UK,Walmart
2021-06-14,BCAA,Amino Acid,1333,25.26,0.24,UK,Walmart
2021-06-21,BCAA,Amino Acid,1116,25.83,0.17,UK,Walmart
2021-06-28,BCAA,Amino Acid,2158,11.32,0.08,UK,iHerb
2021-07-19,BCAA,Amino Acid,424,26.19,0.03,UK,Walmart
2021-08-02,BCAA,Amino Acid,563,35.22,0.19,UK,iHerb
2021-08-30,BCAA,Amino Acid,132,52.31,0.18,UK,Walmart
2021-10-11,BCAA,Amino Acid,1613,11.67,0.12,UK,iHerb
2021-10-18,BCAA,Amino Acid,348,29.27,0.04,UK,iHerb
2021-11-01,BCAA,Amino Acid,171,42.27,0.1,UK,Walmart
2021-12-06,BCAA,Amino Acid,430,39.03,0.19,UK,iHerb
2022-01-03,BCAA,Amino Acid,2084,16.98,0.19,UK,Walmart
2022-01-24,BCAA,Amino Acid,172,52.77,0.15,UK,Amazon
2022-01-31,BCAA,Amino Acid,698,28.58,0.05,UK,Walmart
2022-03-07,BCAA,Amino Acid,1642,16.67,0.03,UK,Amazon
2022-03-28,BCAA,Amino Acid,1128,21.95,0.05,UK,Amazon
2022-04-11,BCAA,Amino Acid,360,46.41,0.17,UK,iHerb
2022-04-18,BCAA,Amino Acid,213,56.84,0.2,UK,Amazon
2022-04-25,BCAA,Amino Acid,269,41.13,0.04,UK,Amazon
2022-05-09,BCAA,Amino Acid,188,42.42,0.01,UK,Walmart
2022-06-20,BCAA,Amino Acid,3139,10.39,0.13,UK,Amazon
2022-06-27,BCAA,Amino Acid,550,39.43,0.23,UK,Walmart
2022-07-04,BCAA,Amino Acid,1709,19.78,0.19,UK,Walmart
2022-08-01,BCAA,Amino Acid,1628,12.56,0.1,UK,Walmart
2022-08-15,BCAA,Amino Acid,775,25.56,0.13,UK,Walmart
2022-09-05,BCAA,Amino Acid,1001,16.66,0.05,UK,Walmart
2022-09-12,BCAA,Amino Acid,134,44.39,0.12,UK,Amazon
2022-10-03,BCAA,Amino Acid,238,46.82,0.23,UK,Amazon
2022-10-10,BCAA,Amino Acid,264,39.82,0.13,UK,iHerb
2022-11-21,BCAA,Amino Acid,1230,17.56,0.15,UK,Amazon
2022-12-12,BCAA,Amino Acid,193,48.74,0.18,UK,Walmart
2023-01-16,BCAA,Amino Acid,985,30.06,0.2,UK,Amazon
2023-01-30,BCAA,Amino Acid,429,41.22,0.17,UK,Amazon
2023-02-06,BCAA,Amino Acid,917,33.85,0.22,UK,Walmart
2023-02-13,BCAA,Amino Acid,313,39.82,0.1,UK,iHerb
2023-03-13,BCAA,Amino Acid,431,35.14,0.08,UK,iHerb
2023-04-17,BCAA,Amino Acid,517,41.85,0.19,UK,Walmart
2023-04-24,BCAA,Amino Acid,459,40.57,0.18,UK,Amazon
2023-05-01,BCAA,Amino Acid,278,45.7,0.15,UK,Amazon
2023-05-22,BCAA,Amino Acid,322,46.27,0.14,UK,Walmart
2023-06-26,BCAA,Amino Acid,263,36.65,0.02,UK,Amazon
2023-07-10,BCAA,Amino Acid,133,58.33,0.18,UK,Amazon
2023-08-21,BCAA,Amino Acid,261,36.68,0.08,UK,iHerb
2023-09-04,BCAA,Amino Acid,93,45.44,0.03,UK,iHerb
2023-09-11,BCAA,Amino Acid,258,47.44,0.22,UK,Walmart
2023-09-25,BCAA,Amino Acid,149,46.37,0.12,UK,Walmart
2023-10-02,BCAA,Amino Acid,190,40.16,0.09,UK,Walmart
2023-10-23,BCAA,Amino Acid,636,29.07,0.21,UK,iHerb
2023-11-20,BCAA,Amino Acid,1552,14.86,0.1,UK,Walmart
2023-12-11,BCAA,Amino Acid,357,33.16,0.04,UK,Amazon
2023-12-18,BCAA,Amino Acid,171,42.51,0.05,UK,Walmart
2023-12-25,BCAA,Amino Acid,438,43.49,0.23,UK,Walmart
2024-01-01,BCAA,Amino Acid,2401,10.48,0.06,UK,Amazon
2024-01-22,BCAA,Amino Acid,1111,28.27,0.22,UK,Walmart
2024-02-05,BCAA,Amino Acid,1693,18.15,0.12,UK,Amazon
2024-02-12,BCAA,Amino Acid,2488,15.62,0.18,UK,Walmart
2024-03-18,BCAA,Amino Acid,177,43.83,0.02,UK,iHerb
2024-04-01,BCAA,Amino Acid,1941,16.02,0.07,UK,Amazon
2024-06-10,BCAA,Amino Acid,51,55.62,0.0,UK,Amazon
2024-07-01,BCAA,Amino Acid,129,55.48,0.18,UK,Amazon
2024-07-08,BCAA,Amino Acid,1015,21.36,0.08,UK,Amazon
2024-07-15,BCAA,Amino Acid,98,46.75,0.02,UK,iHerb
2024-08-05,BCAA,Amino Acid,360,40.07,0.19,UK,Amazon
2024-08-12,BCAA,Amino Acid,589,28.24,0.13,UK,Walmart
2024-09-30,BCAA,Amino Acid,332,37.91,0.18,UK,iHerb
2024-10-07,BCAA,Amino Acid,1967,13.32,0.22,UK,Walmart
2024-10-14,BCAA,Amino Acid,1047,22.6,0.2,UK,Walmart
2024-10-21,BCAA,Amino Acid,581,33.0,0.17,UK,iHerb
2024-10-28,BCAA,Amino Acid,814,18.9,0.02,UK,Walmart
2024-12-23,BCAA,Amino Acid,233,52.59,0.2,UK,Amazon
2024-12-30,BCAA,Amino Acid,484,35.1,0.15,UK,Walmart
2025-02-17,BCAA,Amino Acid,267,41.53,0.04,UK,iHerb
2025-03-03,BCAA,Amino Acid,878,31.09,0.18,UK,Amazon
2025-03-31,BCAA,Amino Acid,1895,23.89,0.24,UK,Amazon
