Supplement_Sales_Weekly.csv
Date,Product Name,Category,Units Sold,Price,Discount,Location,Platform
2020-01-06,Creatine,Performance,179,32.49,0.05,UK,Walmart
2020-01-13,Creatine,Performance,153,42.2,0.13,UK,Walmart
2020-01-20,Creatine,Performance,68,54.31,0.15,UK,iHerb
2020-02-17,Creatine,Performance,54,54.63,0.11,UK,Amazon
2020-02-24,Creatine,Performance,117,43.93,0.09,UK,Amazon
2020-03-23,Creatine,Performance,1369,10.73,0.09,UK,iHerb
2020-04-13,Creatine,Performance,84,51.38,0.17,UK,Walmart
2020-05-25,Creatine,Performance,39,51.87,0.04,UK,iHerb
2020-06-22,Creatine,Performance,689,12.52,0.01,UK,Amazon
2020-07-13,Creatine,Performance,52,48.27,0.06,UK,Amazon
2020-07-20,Creatine,Performance,87,46.45,0.19,UK,Amazon
2020-08-03,Creatine,Performance,17,58.55,0.04,UK,Amazon
2020-08-10,Creatine,Performance,176,24.83,0.02,UK,iHerb
2020-09-21,Creatine,Performance,660,18.31,0.23,UK,Walmart
2020-09-28,Creatine,Performance,55,50.79,0.15,UK,Walmart
2020-10-12,Creatine,Performance,741,17.4,0.25,UK,iHerb
2020-10-19,Creatine,Performance,43,53.15,0.12,UK,iHerb
2020-11-09,Creatine,Performance,728,16.66,0.23,UK,Amazon
2020-11-23,Creatine,Performance,83,38.99,0.04,UK,Amazon
2020-11-30,Creatine,Performance,101,41.53,0.11,UK,Amazon
2020-12-21,Creatine,Performance,91,50.18,0.2,UK,iHerb
2021-01-18,Creatine,Performance,172,30.89,0.02,UK,Walmart
2021-03-08,Creatine,Performance,75,43.65,0.01,UK,Walmart
2021-05-10,Creatine,Performance,62,56.8,0.17,UK,Amazon
2021-07-12,Creatine,Performance,97,42.14,0.1,UK,Walmart
2021-07-19,Creatine,Performance,159,39.29,0.17,UK,Amazon
2021-08-16,Creatine,Performance,660,11.71,0.08,UK,Walmart
2021-09-06,Creatine,Performance,106,36.04,0.07,UK,Amazon
2021-11-15,Creatine,Performance,122,32.16,0.05,UK,Walmart
2022-01-10,Creatine,Performance,431,19.41,0.07,UK,Walmart
2022-02-21,Creatine,Performance,585,16.41,0.07,UK,iHerb
2022-05-09,Creatine,Performance,284,31.48,0.12,UK,Walmart
2022-05-16,Creatine,Performance,140,48.59,0.22,UK,Walmart
2022-05-23,Creatine,Performance,30,55.6,0.05,UK,Amazon
2022-05-30,Creatine,Performance,940,20.7,0.24,UK,Walmart
2022-06-06,Creatine,Performance,143,48.27,0.21,UK,iHerb
2022-06-13,Creatine,Performance,130,50.1,0.23,UK,iHerb
2022-08-15,Creatine,Performance,36,52.82,0.08,UK,Walmart
2022-09-05,Creatine,Performance,16,57.21,0.04,UK,iHerb
2022-09-19,Creatine,Performance,362,26.41,0.21,UK,Walmart
2022-11-07,Creatine,Performance,559,13.78,0.12,UK,Amazon
2022-12-05,Creatine,Performance,40,55.71,0.13,UK,Amazon
2023-01-02,Creatine,Performance,93,36.73,0.01,UK,Walmart
2023-01-09,Creatine,Performance,209,35.68,0.15,UK,Amazon
2023-01-23,Creatine,Performance,574,26.29,0.2,UK,Walmart
2023-02-27,Creatine,Performance,221,30.09,0.02,UK,Amazon
2023-03-06,Creatine,Performance,168,38.44,0.11,UK,Walmart
2023-03-20,Creatine,Performance,360,29.06,0.18,UK,iHerb
2023-05-08,Creatine,Performance,196,42.07,0.19,UK,Amazon
2023-07-10,Creatine,Performance,428,20.19,0.08,UK,Walmart
2023-07-17,Creatine,Performance,31,57.33,0.1,UK,iHerb
2023-08-07,Creatine,Performance,182,27.14,0.08,UK,iHerb
2023-08-14,Creatine,Performance,29,57.87,0.11,UK,Amazon
2023-09-04,Creatine,Performance,198,30.68,0.11,UK,Walmart
2023-09-25,Creatine,Performance,103,33.4,0.05,UK,Amazon
2023-10-09,Creatine,Performance,379,19.24,0.08,UK,iHerb
2023-10-16,Creatine,Performance,78,42.61,0.13,UK,Amazon
2023-10-30,Creatine,Performance,33,55.82,0.1,UK,iHerb
2023-12-11,Creatine,Performance,416,17.54,0.03,UK,Walmart
2024-01-29,Creatine,Performance,393,28.05,0.14,UK,Amazon
2024-02-26,Creatine,Performance,138,34.38,0.04,UK,Amazon
2024-03-18,Creatine,Performance,128,52.98,0.24,UK,Amazon
2024-04-08,Creatine,Performance,518,30.35,0.23,UK,Walmart
2024-04-15,Creatine,Performance,838,20.94,0.22,UK,Walmart
2024-04-29,Creatine,Performance,31,56.32,0.08,UK,Walmart
2024-05-06,Creatine,Performance,454,29.32,0.19,UK,iHerb
2024-05-27,Creatine,Performance,220,31.69,0.1,UK,Amazon
2024-06-10,Creatine,Performance,827,11.24,0.02,UK,Walmart
2024-06-17,Creatine,Performance,644,16.14,0.08,UK,iHerb
2024-06-24,Creatine,Performance,612,20.95,0.25,UK,Walmart
2024-07-01,Creatine,Performance,149,37.37,0.11,UK,Amazon
2024-07-15,Creatine,Performance,96,37.37,0.05,UK,Amazon
2024-09-09,Creatine,Performance,142,39.6,0.19,UK,Walmart
2024-11-11,Creatine,Performance,546,21.33,0.24,UK,Amazon
2024-11-18,Creatine,Performance,968,12.81,0.24,UK,iHerb
2024-12-02,Creatine,Performance,83,51.23,0.19,UK,Walmart
2024-12-09,Creatine,Performance,389,32.21,0.25,UK,iHerb
2025-01-13,Creatine,Performance,148,41.24,0.15,UK,Amazon
2025-01-20,Creatine,Performance,352,37.63,0.22,UK,iHerb
2025-02-24,Creatine,Performance,21,56.87,0.0,UK,Amazon
2025-03-10,Creatine,Performance,106,46.58,0.12,UK,Amazon
2020-01-06,Zinc,Mineral,251,46.68,0.19,Canada,Amazon
2020-02-03,Zinc,Mineral,337,36.17,0.07,Canada,Amazon
2020-04-06,Zinc,Mineral,490,33.82,0.12,Canada,Amazon
2020-04-13,Zinc,Mineral,326,44.73,0.18,Canada,Amazon
2020-05-04,Zinc,Mineral,174,43.68,0.04,Canada,iHerb
2020-05-18,Zinc,Mineral,324,31.62,0.01,Canada,Amazon
2020-06-01,Zinc,Mineral,379,43.36,0.19,Canada,Walmart
2020-06-15,Zinc,Mineral,177,39.76,0.04,Canada,Walmart
2020-07-13,Zinc,Mineral,91,58.96,0.17,Canada,iHerb
2020-07-20,Zinc,Mineral,1664,10.64,0.14,Canada,iHerb
2020-08-10,Zinc,Mineral,229,35.93,0.06,Canada,iHerb
2020-08-17,Zinc,Mineral,222,40.51,0.12,Canada,Amazon
2020-09-14,Zinc,Mineral,1233,14.37,0.09,Canada,Walmart
2020-10-12,Zinc,Mineral,118,48.45,0.11,Canada,Walmart
2020-11-16,Zinc,Mineral,241,44.13,0.17,Canada,Walmart
2020-11-23,Zinc,Mineral,569,34.72,0.23,Canada,Walmart
2020-12-21,Zinc,Mineral,104,47.67,0.03,Canada,iHerb
2021-03-15,Zinc,Mineral,78,59.22,0.1,Canada,iHerb
2021-03-22,Zinc,Mineral,110,55.91,0.1,Canada,Amazon
2021-04-26,Zinc,Mineral,407,40.63,0.15,Canada,Amazon
2021-05-10,Zinc,Mineral,1853,23.86,0.25,Canada,Amazon
2021-06-21,Zinc,Mineral,640,22.75,0.03,Canada,Amazon
2021-06-28,Zinc,Mineral,99,44.66,0.02,Canada,iHerb
2021-07-19,Zinc,Mineral,544,35.68,0.2,Canada,Walmart
2021-09-06,Zinc,Mineral,620,26.15,0.12,Canada,iHerb
2021-09-20,Zinc,Mineral,97,46.59,0.04,Canada,iHerb
2021-10-11,Zinc,Mineral,298,39.34,0.21,Canada,Amazon
2021-12-13,Zinc,Mineral,415,30.85,0.09,Canada,Amazon
2021-12-20,Zinc,Mineral,79,51.93,0.03,Canada,Walmart
2022-01-03,Zinc,Mineral,328,33.7,0.05,Canada,Amazon
2022-01-10,Zinc,Mineral,188,46.58,0.11,Canada,Amazon
2022-01-24,Zinc,Mineral,464,37.84,0.18,Canada,iHerb
2022-02-07,Zinc,Mineral,776,33.46,0.21,Canada,Walmart
2022-02-14,Zinc,Mineral,351,42.79,0.16,Canada,iHerb
2022-03-28,Zinc,Mineral,1829,12.5,0.03,Canada,Amazon
2022-04-04,Zinc,Mineral,2295,15.87,0.17,Canada,Walmart
2022-04-11,Zinc,Mineral,94,53.6,0.06,Canada,Walmart
2022-05-02,Zinc,Mineral,485,30.75,0.04,Canada,Amazon
2022-05-09,Zinc,Mineral,628,24.72,0.0,Canada,iHerb
2022-05-23,Zinc,Mineral,1854,15.28,0.05,Canada,Amazon
2022-06-06,Zinc,Mineral,106,59.12,0.17,Canada,Amazon
2022-06-20,Zinc,Mineral,141,47.92,0.08,Canada,Amazon
2022-07-11,Zinc,Mineral,155,40.65,0.01,Canada,Walmart
2022-07-18,Zinc,Mineral,347,44.46,0.25,Canada,Walmart
2022-08-01,Zinc,Mineral,205,46.71,0.19,Canada,Walmart
2022-08-22,Zinc,Mineral,100,49.85,0.09,Canada,Amazon
2022-09-26,Zinc,Mineral,456,32.81,0.13,Canada,Walmart
2022-10-03,Zinc,Mineral,1869,11.8,0.21,Canada,Walmart
2022-10-10,Zinc,Mineral,593,23.8,0.09,Canada,Walmart
2022-11-14,Zinc,Mineral,1698,15.72,0.19,Canada,iHerb
2022-11-28,Zinc,Mineral,1001,23.83,0.16,Canada,iHerb
2022-12-26,Zinc,Mineral,1894,15.19,0.1,Canada,Walmart
2023-01-09,Zinc,Mineral,676,33.42,0.21,Canada,Walmart
2023-01-30,Zinc,Mineral,284,52.17,0.24,Canada,Walmart
2023-02-13,Zinc,Mineral,666,25.34,0.03,Canada,Walmart
2023-03-06,Zinc,Mineral,267,51.05,0.22,Canada,Walmart
2023-03-13,Zinc,Mineral,852,35.01,0.21,Canada,Walmart
2023-04-03,Zinc,Mineral,1399,19.89,0.14,Canada,Walmart
2023-05-01,Zinc,Mineral,790,32.02,0.16,Canada,Amazon
2023-05-29,Zinc,Mineral,168,41.07,0.02,Canada,iHerb
2023-07-03,Zinc,Mineral,97,50.49,0.06,Canada,Amazon
2023-08-21,Zinc,Mineral,106,43.99,0.03,Canada,Amazon
2023-11-06,Zinc,Mineral,341,42.13,0.22,Canada,iHerb
2023-11-20,Zinc,Mineral,93,50.14,0.1,Canada,Amazon
2023-12-25,Zinc,Mineral,209,39.06,0.04,Canada,Walmart
2024-01-01,Zinc,Mineral,1378,24.57,0.23,Canada,Walmart
2024-01-08,Zinc,Mineral,180,39.91,0.01,Canada,iHerb
2024-01-22,Zinc,Mineral,191,41.06,0.07,Canada,iHerb
2024-02-12,Zinc,Mineral,327,47.6,0.18,Canada,iHerb
2024-02-26,Zinc,Mineral,307,43.55,0.15,Canada,Amazon
2024-03-25,Zinc,Mineral,2784,13.13,0.24,Canada,Amazon
2024-04-01,Zinc,Mineral,3062,11.45,0.23,Canada,Walmart
2024-04-08,Zinc,Mineral,123,55.03,0.14,Canada,Amazon
2024-04-22,Zinc,Mineral,3742,12.01,0.23,Canada,iHerb
2024-04-29,Zinc,Mineral,879,35.22,0.24,Canada,Walmart
2024-05-13,Zinc,Mineral,2039,18.8,0.24,Canada,Amazon
2024-05-20,Zinc,Mineral,320,47.54,0.21,Canada,Amazon
2024-06-10,Zinc,Mineral,730,22.83,0.01,Canada,iHerb
2024-06-24,Zinc,Mineral,291,43.53,0.16,Canada,iHerb
2024-07-08,Zinc,Mineral,104,49.77,0.09,Canada,Amazon
2024-07-15,Zinc,Mineral,204,42.64,0.08,Canada,Walmart
2024-07-22,Zinc,Mineral,511,29.11,0.1,Canada,Amazon
2024-07-29,Zinc,Mineral,2474,10.17,0.22,Canada,Walmart
2024-09-30,Zinc,Mineral,166,41.45,0.11,Canada,Amazon
2024-11-04,Zinc,Mineral,205,37.03,0.06,Canada,Walmart
2024-12-09,Zinc,Mineral,117,58.41,0.2,Canada,Amazon
2024-12-16,Zinc,Mineral,97,51.09,0.08,Canada,Amazon
2024-12-30,Zinc,Mineral,318,34.4,0.06,Canada,Amazon
2025-01-13,Zinc,Mineral,2693,10.93,0.13,Canada,iHerb
2025-01-20,Zinc,Mineral,356,38.66,0.15,Canada,Walmart
2025-02-03,Zinc,Mineral,639,36.53,0.19,Canada,Walmart
2025-02-10,Zinc,Mineral,2092,14.09,0.16,Canada,iHerb
2025-03-03,Zinc,Mineral,3402,10.87,0.1,Canada,Amazon
2025-03-10,Zinc,Mineral,115,59.18,0.17,Canada,Amazon
2025-03-24,Zinc,Mineral,1260,24.35,0.17,Canada,iHerb
2025-03-31,Zinc,Mineral,1142,23.47,0.14,Canada,Walmart
2020-01-06,Collagen Peptides,Protein,1171,10.96,0.06,USA,Amazon
2020-04-13,Collagen Peptides,Protein,683,19.76,0.09,USA,Amazon
2020-04-20,Collagen Peptides,Protein,341,29.88,0.07,USA,iHerb
2020-06-08,Collagen Peptides,Protein,49,51.38,0.04,USA,Walmart
2020-06-15,Collagen Peptides,Protein,483,22.33,0.12,USA,Amazon
2020-07-06,Collagen Peptides,Protein,542,26.87,0.22,USA,Walmart
2020-08-10,Collagen Peptides,Protein,308,29.11,0.14,USA,Walmart
2020-08-17,Collagen Peptides,Protein,138,39.96,0.13,USA,Amazon
2020-09-07,Collagen Peptides,Protein,1301,10.5,0.19,USA,Amazon
2020-09-14,Collagen Peptides,Protein,85,57.78,0.24,USA,Amazon
2020-09-21,Collagen Peptides,Protein,593,12.48,0.06,USA,iHerb
2020-10-05,Collagen Peptides,Protein,559,11.82,0.01,USA,iHerb
2020-10-19,Collagen Peptides,Protein,33,58.59,0.13,USA,Amazon
2020-10-26,Collagen Peptides,Protein,150,46.66,0.25,USA,Amazon
2020-11-16,Collagen Peptides,Protein,888,16.26,0.16,USA,iHerb
2020-12-21,Collagen Peptides,Protein,419,30.9,0.21,USA,Amazon
2021-02-01,Collagen Peptides,Protein,1040,13.77,0.06,USA,Walmart
2021-03-01,Collagen Peptides,Protein,194,35.15,0.02,USA,Amazon
2021-03-08,Collagen Peptides,Protein,237,32.34,0.0,USA,Amazon
2021-03-22,Collagen Peptides,Protein,43,50.22,0.02,USA,Amazon
2021-04-19,Collagen Peptides,Protein,111,42.54,0.03,USA,Walmart
2021-05-24,Collagen Peptides,Protein,255,27.89,0.0,USA,Amazon
2021-06-14,Collagen Peptides,Protein,1004,16.35,0.23,USA,Walmart
2021-06-28,Collagen Peptides,Protein,180,40.88,0.16,USA,Walmart
2021-07-19,Collagen Peptides,Protein,22,55.73,0.02,USA,iHerb
2021-10-04,Collagen Peptides,Protein,581,15.61,0.07,USA,Amazon
2021-10-18,Collagen Peptides,Protein,89,39.49,0.05,USA,Amazon
2021-10-25,Collagen Peptides,Protein,680,16.92,0.19,USA,Amazon
2021-11-22,Collagen Peptides,Protein,112,42.79,0.12,USA,Walmart
2021-12-20,Collagen Peptides,Protein,132,42.09,0.12,USA,Walmart
2022-01-17,Collagen Peptides,Protein,249,31.68,0.05,USA,Walmart
2022-02-07,Collagen Peptides,Protein,403,30.79,0.18,USA,Walmart
2022-02-28,Collagen Peptides,Protein,48,57.36,0.09,USA,Amazon
2022-03-14,Collagen Peptides,Protein,116,55.25,0.22,USA,Amazon
2022-03-28,Collagen Peptides,Protein,433,27.14,0.1,USA,Walmart
2022-05-30,Collagen Peptides,Protein,213,43.95,0.21,USA,iHerb
2022-06-06,Collagen Peptides,Protein,790,26.07,0.25,USA,Walmart
2022-06-13,Collagen Peptides,Protein,81,54.07,0.16,USA,Walmart
2022-08-15,Collagen Peptides,Protein,105,37.0,0.05,USA,Amazon
2022-09-19,Collagen Peptides,Protein,850,14.33,0.15,USA,Walmart
2022-10-17,Collagen Peptides,Protein,717,19.35,0.14,USA,Walmart
2022-10-31,Collagen Peptides,Protein,951,13.49,0.21,USA,Walmart
2022-11-14,Collagen Peptides,Protein,27,59.27,0.09,USA,Amazon
2022-11-28,Collagen Peptides,Protein,630,19.54,0.17,USA,Amazon
2023-01-09,Collagen Peptides,Protein,62,48.54,0.03,USA,Walmart
2023-01-30,Collagen Peptides,Protein,409,33.33,0.22,USA,Amazon
2023-02-06,Collagen Peptides,Protein,1600,12.74,0.19,USA,Amazon
2023-02-27,Collagen Peptides,Protein,56,56.13,0.09,USA,iHerb
2023-03-27,Collagen Peptides,Protein,709,23.39,0.14,USA,Walmart
2023-04-03,Collagen Peptides,Protein,549,31.06,0.21,USA,Amazon
2023-04-10,Collagen Peptides,Protein,70,56.17,0.15,USA,iHerb
2023-04-17,Collagen Peptides,Protein,123,38.12,0.03,USA,Amazon
2023-05-01,Collagen Peptides,Protein,487,34.04,0.23,USA,Amazon
2023-05-22,Collagen Peptides,Protein,152,53.91,0.24,USA,Walmart
2023-05-29,Collagen Peptides,Protein,384,35.2,0.2,USA,Amazon
2023-08-07,Collagen Peptides,Protein,184,37.07,0.15,USA,Amazon
2023-09-11,Collagen Peptides,Protein,321,25.95,0.11,USA,Amazon
2023-09-18,Collagen Peptides,Protein,107,39.63,0.09,USA,iHerb
2023-09-25,Collagen Peptides,Protein,47,48.99,0.06,USA,iHerb
2023-12-04,Collagen Peptides,Protein,58,51.45,0.07,USA,Walmart
2023-12-11,Collagen Peptides,Protein,311,29.83,0.11,USA,Amazon
2023-12-18,Collagen Peptides,Protein,342,26.98,0.09,USA,Amazon
2023-12-25,Collagen Peptides,Protein,50,56.41,0.13,USA,iHerb
2024-01-01,Collagen Peptides,Protein,503,27.2,0.22,USA,Walmart
2024-01-15,Collagen Peptides,Protein,694,22.76,0.15,USA,Walmart
2024-01-29,Collagen Peptides,Protein,893,16.95,0.09,USA,iHerb
2024-02-19,Collagen Peptides,Protein,362,25.52,0.01,USA,iHerb
2024-02-26,Collagen Peptides,Protein,697,22.04,0.09,USA,Walmart
2024-03-18,Collagen Peptides,Protein,161,36.18,0.03,USA,Amazon
2024-03-25,Collagen Peptides,Protein,61,49.39,0.01,USA,iHerb
2024-04-01,Collagen Peptides,Protein,111,52.23,0.15,USA,Walmart
2024-04-15,Collagen Peptides,Protein,176,44.3,0.15,USA,iHerb
2024-05-06,Collagen Peptides,Protein,316,31.91,0.12,USA,Amazon
2024-06-03,Collagen Peptides,Protein,120,51.58,0.21,USA,Walmart
2024-06-10,Collagen Peptides,Protein,1200,14.37,0.18,USA,iHerb
2024-06-17,Collagen Peptides,Protein,118,40.37,0.05,USA,Walmart
2024-08-05,Collagen Peptides,Protein,179,34.44,0.13,USA,iHerb
2024-08-12,Collagen Peptides,Protein,53,56.12,0.18,USA,Amazon
2024-09-02,Collagen Peptides,Protein,122,43.3,0.2,USA,iHerb
2024-09-30,Collagen Peptides,Protein,678,15.41,0.14,USA,iHerb
2024-10-28,Collagen Peptides,Protein,79,40.55,0.02,USA,iHerb
2024-11-25,Collagen Peptides,Protein,285,38.67,0.24,USA,Walmart
2024-12-02,Collagen Peptides,Protein,117,36.96,0.04,USA,Amazon
2024-12-09,Collagen Peptides,Protein,89,42.22,0.05,USA,Amazon
2024-12-16,Collagen Peptides,Protein,463,25.4,0.1,USA,iHerb
2025-02-17,Collagen Peptides,Protein,168,34.72,0.01,USA,Walmart
2025-03-10,Collagen Peptides,Protein,186,51.58,0.25,USA,iHerb
2025-03-31,Collagen Peptides,Protein,93,52.79,0.13,USA,Amazon
