Supplement_Sales_Weekly.csv
Date,Product Name,Category,Units Sold,Price,Discount,Location,Platform
2020-01-06,Magnesium,Mineral,267,20.76,0.0,Canada,Amazon
2020-01-20,Magnesium,Mineral,154,38.07,0.14,Canada,Amazon
2020-02-03,Magnesium,Mineral,127,44.79,0.2,Canada,Amazon
2020-03-16,Magnesium,Mineral,731,15.09,0.09,Canada,iHerb
2020-04-06,Magnesium,Mineral,44,57.04,0.13,Canada,iHerb
2020-04-27,Magnesium,Mineral,61,56.04,0.15,Canada,Walmart
2020-05-18,Magnesium,Mineral,476,26.26,0.23,Canada,iHerb
2020-05-25,Magnesium,Mineral,111,39.64,0.09,Canada,Walmart
2020-06-01,Magnesium,Mineral,255,34.47,0.19,Canada,iHerb
2020-06-08,Magnesium,Mineral,196,35.53,0.15,Canada,iHerb
2020-06-29,Magnesium,Mineral,188,34.2,0.13,Canada,Amazon
2020-07-13,Magnesium,Mineral,409,23.8,0.19,Canada,iHerb
2020-08-03,Magnesium,Mineral,442,16.61,0.11,Canada,Amazon
2020-08-10,Magnesium,Mineral,118,34.48,0.1,Canada,Walmart
2020-08-17,Magnesium,Mineral,165,34.72,0.15,Canada,iHerb
2020-09-21,Magnesium,Mineral,26,55.96,0.11,Canada,iHerb
2020-10-26,Magnesium,Mineral,118,30.28,0.04,Canada,Amazon
2020-12-21,Magnesium,Mineral,511,23.13,0.22,Canada,iHerb
2020-12-28,Magnesium,Mineral,66,57.19,0.24,Canada,Walmart
2021-01-04,Magnesium,Mineral,51,56.87,0.17,Canada,Walmart
2021-02-01,Magnesium,Mineral,80,40.35,0.05,Canada,Walmart
2021-02-08,Magnesium,Mineral,253,30.32,0.12,Canada,Walmart
2021-02-15,Magnesium,Mineral,63,47.27,0.09,Canada,Walmart
2021-03-01,Magnesium,Mineral,169,31.73,0.05,Canada,Walmart
2021-03-15,Magnesium,Mineral,249,32.43,0.13,Canada,Amazon
2021-04-26,Magnesium,Mineral,150,45.06,0.2,Canada,iHerb
2021-05-10,Magnesium,Mineral,29,52.04,0.01,Canada,Amazon
2021-05-24,Magnesium,Mineral,175,37.18,0.16,Canada,Walmart
2021-06-21,Magnesium,Mineral,172,35.33,0.14,Canada,Walmart
2021-06-28,Magnesium,Mineral,373,22.95,0.18,Canada,iHerb
2021-07-12,Magnesium,Mineral,488,18.56,0.22,Canada,iHerb
2021-07-26,Magnesium,Mineral,150,31.25,0.07,Canada,Amazon
2021-09-06,Magnesium,Mineral,159,30.36,0.1,Canada,Walmart
2021-09-13,Magnesium,Mineral,104,28.36,0.0,Canada,iHerb
2021-11-01,Magnesium,Mineral,103,33.02,0.09,Canada,Amazon
2021-11-08,Magnesium,Mineral,137,28.65,0.04,Canada,iHerb
2021-11-29,Magnesium,Mineral,295,22.12,0.05,Canada,Amazon
2021-12-06,Magnesium,Mineral,573,14.2,0.17,Canada,Amazon
2022-01-17,Magnesium,Mineral,687,20.12,0.24,Canada,Walmart
2022-03-14,Magnesium,Mineral,412,26.82,0.17,Canada,Amazon
2022-04-18,Magnesium,Mineral,70,54.79,0.17,Canada,Amazon
2022-05-09,Magnesium,Mineral,213,40.7,0.22,Canada,Amazon
2022-05-23,Magnesium,Mineral,35,50.6,0.04,Canada,Amazon
2022-06-13,Magnesium,Mineral,857,11.57,0.17,Canada,Walmart
2022-07-11,Magnesium,Mineral,165,35.97,0.16,Canada,iHerb
2022-07-18,Magnesium,Mineral,124,37.0,0.1,Canada,Walmart
2022-08-29,Magnesium,Mineral,258,23.49,0.1,Canada,Amazon
2022-09-26,Magnesium,Mineral,28,53.79,0.13,Canada,Amazon
2022-10-03,Magnesium,Mineral,41,48.17,0.11,Canada,iHerb
2022-10-10,Magnesium,Mineral,76,50.74,0.22,Canada,Walmart
2022-10-24,Magnesium,Mineral,47,54.42,0.19,Canada,Walmart
2022-10-31,Magnesium,Mineral,616,10.63,0.05,Canada,Amazon
2022-11-14,Magnesium,Mineral,530,20.74,0.22,Canada,Walmart
2022-11-28,Magnesium,Mineral,232,30.45,0.17,Canada,Walmart
2023-01-02,Magnesium,Mineral,47,47.19,0.04,Canada,Amazon
2023-01-30,Magnesium,Mineral,99,50.43,0.23,Canada,Amazon
2023-02-06,Magnesium,Mineral,986,14.12,0.18,Canada,Walmart
2023-02-13,Magnesium,Mineral,552,20.97,0.2,Canada,Amazon
2023-03-13,Magnesium,Mineral,435,21.64,0.07,Canada,iHerb
2023-04-03,Magnesium,Mineral,198,42.67,0.21,Canada,iHerb
2023-04-24,Magnesium,Mineral,128,45.2,0.17,Canada,iHerb
2023-05-08,Magnesium,Mineral,274,26.79,0.05,Canada,Walmart
2023-05-29,Magnesium,Mineral,395,31.37,0.24,Canada,Amazon
2023-06-26,Magnesium,Mineral,40,53.1,0.15,Canada,Walmart
2023-07-17,Magnesium,Mineral,260,26.28,0.12,Canada,Amazon
2023-08-14,Magnesium,Mineral,422,21.49,0.2,Canada,Amazon
2023-10-09,Magnesium,Mineral,228,28.63,0.18,Canada,Amazon
2023-10-23,Magnesium,Mineral,103,37.01,0.15,Canada,Amazon
2023-12-11,Magnesium,Mineral,184,30.39,0.1,Canada,Amazon
2024-01-01,Magnesium,Mineral,49,47.56,0.07,Canada,Amazon
2024-01-08,Magnesium,Mineral,92,36.24,0.07,Canada,Walmart
2024-02-05,Magnesium,Mineral,76,44.79,0.08,Canada,iHerb
2024-02-19,Magnesium,Mineral,638,13.74,0.06,Canada,Amazon
2024-03-25,Magnesium,Mineral,121,34.1,0.01,Canada,Amazon
2024-04-08,Magnesium,Mineral,340,33.38,0.21,Canada,Amazon
2024-06-10,Magnesium,Mineral,953,12.64,0.19,Canada,iHerb
2024-06-17,Magnesium,Mineral,978,10.96,0.16,Canada,iHerb
2024-07-01,Magnesium,Mineral,252,23.03,0.01,Canada,Walmart
2024-07-15,Magnesium,Mineral,239,31.96,0.18,Canada,iHerb
2024-08-05,Magnesium,Mineral,126,30.46,0.04,Canada,Walmart
2024-08-19,Magnesium,Mineral,24,53.92,0.09,Canada,iHerb
2024-09-23,Magnesium,Mineral,351,16.55,0.07,Canada,Amazon
2024-10-14,Magnesium,Mineral,61,38.71,0.02,Canada,iHerb
2024-10-28,Magnesium,Mineral,337,24.47,0.18,Canada,Amazon
2024-11-04,Magnesium,Mineral,251,30.93,0.22,Canada,Walmart
2024-11-11,Magnesium,Mineral,732,14.31,0.21,Canada,Amazon
2025-01-13,Magnesium,Mineral,163,39.64,0.19,Canada,iHerb
2025-01-20,Magnesium,Mineral,790,11.37,0.05,Canada,Amazon
2025-02-03,Magnesium,Mineral,700,15.19,0.07,Canada,iHerb
2025-02-24,Magnesium,Mineral,117,39.74,0.09,Canada,Walmart
2025-03-10,Magnesium,Mineral,385,22.96,0.09,Canada,iHerb
2020-01-06,Ashwagandha,Herbal,1359,15.49,0.14,USA,Amazon
2020-02-10,Ashwagandha,Herbal,606,33.02,0.22,USA,iHerb
2020-02-17,Ashwagandha,Herbal,231,33.62,0.01,USA,iHerb
2020-03-02,Ashwagandha,Herbal,159,39.02,0.03,USA,Amazon
2020-03-23,Ashwagandha,Herbal,477,27.4,0.09,USA,Amazon
2020-03-30,Ashwagandha,Herbal,538,33.85,0.18,USA,Walmart
2020-05-25,Ashwagandha,Herbal,164,54.05,0.22,USA,iHerb
2020-06-15,Ashwagandha,Herbal,1442,10.34,0.05,USA,iHerb
2020-07-06,Ashwagandha,Herbal,180,36.5,0.04,USA,iHerb
2020-07-20,Ashwagandha,Herbal,1111,18.84,0.25,USA,Amazon
2020-07-27,Ashwagandha,Herbal,250,28.89,0.02,USA,Amazon
2020-08-03,Ashwagandha,Herbal,222,39.97,0.23,USA,Amazon
2020-08-17,Ashwagandha,Herbal,1015,14.57,0.16,USA,Walmart
2020-08-24,Ashwagandha,Herbal,341,31.37,0.16,USA,Amazon
2020-09-07,Ashwagandha,Herbal,1124,10.35,0.1,USA,Walmart
2020-09-21,Ashwagandha,Herbal,173,34.45,0.09,USA,Walmart
2020-10-05,Ashwagandha,Herbal,335,32.45,0.14,USA,Walmart
2020-10-26,Ashwagandha,Herbal,120,40.16,0.06,USA,iHerb
2020-11-02,Ashwagandha,Herbal,414,27.39,0.16,USA,Amazon
2020-11-16,Ashwagandha,Herbal,46,51.06,0.06,USA,iHerb
2020-11-23,Ashwagandha,Herbal,324,32.4,0.1,USA,Amazon
2020-12-14,Ashwagandha,Herbal,311,26.93,0.0,USA,Amazon
2020-12-21,Ashwagandha,Herbal,162,41.16,0.09,USA,iHerb
2021-01-04,Ashwagandha,Herbal,555,20.47,0.02,USA,Amazon
2021-01-11,Ashwagandha,Herbal,773,20.38,0.14,USA,iHerb
2021-01-18,Ashwagandha,Herbal,397,35.19,0.21,USA,Amazon
2021-02-08,Ashwagandha,Herbal,147,50.39,0.17,USA,iHerb
2021-02-22,Ashwagandha,Herbal,276,33.37,0.07,USA,Walmart
2021-05-17,Ashwagandha,Herbal,46,56.84,0.04,USA,Walmart
2021-06-07,Ashwagandha,Herbal,51,53.51,0.03,USA,iHerb
2021-06-28,Ashwagandha,Herbal,845,18.93,0.08,USA,Walmart
2021-08-02,Ashwagandha,Herbal,761,18.8,0.19,USA,iHerb
2021-08-16,Ashwagandha,Herbal,103,49.03,0.19,USA,iHerb
2021-09-06,Ashwagandha,Herbal,749,16.74,0.12,USA,Amazon
2021-10-04,Ashwagandha,Herbal,259,27.42,0.04,USA,Walmart
2021-10-11,Ashwagandha,Herbal,261,29.01,0.08,USA,Walmart
2021-10-25,Ashwagandha,Herbal,905,10.47,0.01,USA,Amazon
2021-11-15,Ashwagandha,Herbal,118,54.88,0.24,USA,Amazon
2021-11-22,Ashwagandha,Herbal,409,28.6,0.21,USA,iHerb
2021-11-29,Ashwagandha,Herbal,241,41.33,0.18,USA,Walmart
2021-12-06,Ashwagandha,Herbal,270,33.55,0.1,USA,Walmart
2022-02-28,Ashwagandha,Herbal,217,32.9,0.03,USA,iHerb
2022-03-07,Ashwagandha,Herbal,652,31.27,0.19,USA,Amazon
2022-04-11,Ashwagandha,Herbal,907,22.03,0.13,USA,iHerb
2022-04-18,Ashwagandha,Herbal,198,45.09,0.19,USA,Amazon
2022-04-25,Ashwagandha,Herbal,471,36.43,0.23,USA,Amazon
2022-05-02,Ashwagandha,Herbal,245,41.37,0.14,USA,iHerb
2022-05-09,Ashwagandha,Herbal,766,28.25,0.22,USA,Walmart
2022-05-30,Ashwagandha,Herbal,1183,22.6,0.24,USA,iHerb
2022-06-06,Ashwagandha,Herbal,1870,12.73,0.21,USA,iHerb
2022-06-20,Ashwagandha,Herbal,343,29.87,0.05,USA,Walmart
2022-07-18,Ashwagandha,Herbal,72,57.66,0.17,USA,Walmart
2022-08-08,Ashwagandha,Herbal,272,36.98,0.17,USA,Amazon
2022-09-12,Ashwagandha,Herbal,60,48.15,0.04,USA,Amazon
2022-09-19,Ashwagandha,Herbal,102,49.53,0.17,USA,iHerb
2022-10-03,Ashwagandha,Herbal,866,14.67,0.05,USA,Walmart
2022-10-10,Ashwagandha,Herbal,466,24.44,0.1,USA,iHerb
2022-10-24,Ashwagandha,Herbal,339,32.9,0.22,USA,iHerb
2022-10-31,Ashwagandha,Herbal,33,50.68,0.0,USA,Walmart
2022-11-21,Ashwagandha,Herbal,68,46.07,0.02,USA,Walmart
2022-12-26,Ashwagandha,Herbal,192,44.77,0.19,USA,iHerb
2023-01-09,Ashwagandha,Herbal,319,44.95,0.25,USA,Amazon
2023-01-16,Ashwagandha,Herbal,68,55.87,0.12,USA,Walmart
2023-02-06,Ashwagandha,Herbal,135,40.3,0.05,USA,Amazon
2023-02-20,Ashwagandha,Herbal,125,46.46,0.06,USA,Walmart
2023-03-06,Ashwagandha,Herbal,136,49.63,0.14,USA,Amazon
2023-03-20,Ashwagandha,Herbal,190,40.43,0.1,USA,Walmart
2023-04-03,Ashwagandha,Herbal,159,38.19,0.04,USA,iHerb
2023-04-10,Ashwagandha,Herbal,100,49.49,0.04,USA,Amazon
2023-04-24,Ashwagandha,Herbal,1468,17.84,0.17,USA,Amazon
2023-05-15,Ashwagandha,Herbal,696,24.88,0.11,USA,iHerb
2023-05-22,Ashwagandha,Herbal,167,51.41,0.2,USA,iHerb
2023-08-28,Ashwagandha,Herbal,113,48.03,0.18,USA,iHerb
2023-10-02,Ashwagandha,Herbal,201,39.87,0.17,USA,Walmart
2023-10-30,Ashwagandha,Herbal,1017,10.88,0.06,USA,Amazon
2023-11-06,Ashwagandha,Herbal,273,42.35,0.22,USA,Amazon
2023-11-13,Ashwagandha,Herbal,291,34.98,0.18,USA,Amazon
2023-11-27,Ashwagandha,Herbal,168,32.98,0.07,USA,iHerb
2023-12-04,Ashwagandha,Herbal,232,44.18,0.24,USA,Walmart
2023-12-25,Ashwagandha,Herbal,905,13.95,0.01,USA,Walmart
2024-02-12,Ashwagandha,Herbal,106,55.64,0.17,USA,iHerb
2024-02-19,Ashwagandha,Herbal,72,50.23,0.04,USA,Walmart
2024-04-22,Ashwagandha,Herbal,58,51.52,0.04,USA,iHerb
2024-04-29,Ashwagandha,Herbal,44,55.65,0.02,USA,iHerb
2024-05-13,Ashwagandha,Herbal,252,44.31,0.17,USA,Amazon
2024-06-10,Ashwagandha,Herbal,232,46.29,0.24,USA,iHerb
2024-06-24,Ashwagandha,Herbal,585,20.65,0.09,USA,iHerb
2024-07-01,Ashwagandha,Herbal,276,28.4,0.0,USA,Amazon
2024-08-19,Ashwagandha,Herbal,305,23.04,0.01,USA,iHerb
2024-08-26,Ashwagandha,Herbal,181,36.59,0.13,USA,iHerb
2024-09-09,Ashwagandha,Herbal,248,39.07,0.24,USA,Walmart
2024-10-21,Ashwagandha,Herbal,219,41.41,0.22,USA,iHerb
2024-10-28,Ashwagandha,Herbal,601,17.29,0.06,USA,iHerb
2024-11-04,Ashwagandha,Herbal,57,56.03,0.12,USA,iHerb
2024-11-25,Ashwagandha,Herbal,191,35.54,0.06,USA,Amazon
2024-12-30,Ashwagandha,Herbal,951,13.64,0.09,USA,iHerb
2025-01-27,Ashwagandha,Herbal,1387,14.63,0.17,USA,Walmart
2025-02-03,Ashwagandha,Herbal,1802,17.33,0.23,USA,Amazon
2025-03-17,Ashwagandha,Herbal,1064,14.09,0.03,USA,Amazon
2025-03-24,Ashwagandha,Herbal,237,46.35,0.23,USA,Walmart
2020-01-06,Melatonin,Sleep Aid,265,34.41,0.04,USA,Walmart
2020-01-13,Melatonin,Sleep Aid,697,33.03,0.21,USA,Amazon
2020-02-17,Melatonin,Sleep Aid,1262,19.8,0.15,USA,iHerb
2020-04-06,Melatonin,Sleep Aid,144,53.79,0.13,USA,iHerb
2020-04-20,Melatonin,Sleep Aid,285,41.18,0.16,USA,Amazon
2020-05-18,Melatonin,Sleep Aid,237,50.33,0.21,USA,Amazon
2020-05-25,Melatonin,Sleep Aid,69,54.3,0.05,USA,Amazon
2020-06-15,Melatonin,Sleep Aid,173,54.23,0.22,USA,Walmart
2020-08-10,Melatonin,Sleep Aid,331,29.66,0.06,USA,Walmart
2020-08-24,Melatonin,Sleep Aid,423,23.46,0.05,USA,iHerb
2020-08-31,Melatonin,Sleep Aid,245,29.66,0.03,USA,iHerb
2020-09-14,Melatonin,Sleep Aid,564,19.6,0.04,USA,Amazon
2020-09-28,Melatonin,Sleep Aid,240,45.96,0.23,USA,Amazon
2020-10-19,Melatonin,Sleep Aid,775,27.15,0.25,USA,iHerb
2020-12-07,Melatonin,Sleep Aid,916,21.84,0.16,USA,iHerb
2021-01-11,Melatonin,Sleep Aid,293,32.61,0.04,USA,Amazon
2021-02-08,Melatonin,Sleep Aid,1734,16.92,0.17,USA,Walmart
2021-02-15,Melatonin,Sleep Aid,904,21.6,0.18,USA,iHerb
2021-03-08,Melatonin,Sleep Aid,865,28.11,0.17,USA,iHerb
2021-06-21,Melatonin,Sleep Aid,237,37.57,0.09,USA,iHerb
2021-06-28,Melatonin,Sleep Aid,595,23.53,0.01,USA,Walmart
2021-07-05,Melatonin,Sleep Aid,203,45.21,0.15,USA,Walmart
2021-08-02,Melatonin,Sleep Aid,43,59.1,0.1,USA,Walmart
2021-08-16,Melatonin,Sleep Aid,213,41.44,0.14,USA,Walmart
2021-08-23,Melatonin,Sleep Aid,108,57.13,0.2,USA,Amazon
2021-10-11,Melatonin,Sleep Aid,587,21.06,0.07,USA,Walmart
2021-12-13,Melatonin,Sleep Aid,385,28.85,0.03,USA,iHerb
2021-12-27,Melatonin,Sleep Aid,376,31.39,0.08,USA,Walmart
2022-01-03,Melatonin,Sleep Aid,1148,18.64,0.09,USA,Walmart
2022-01-10,Melatonin,Sleep Aid,409,36.9,0.17,USA,Amazon
2022-02-07,Melatonin,Sleep Aid,495,29.32,0.1,USA,iHerb
2022-02-14,Melatonin,Sleep Aid,277,43.94,0.14,USA,Walmart
2022-02-28,Melatonin,Sleep Aid,1044,19.88,0.14,USA,Walmart
2022-05-23,Melatonin,Sleep Aid,1435,20.58,0.2,USA,Walmart
2022-05-30,Melatonin,Sleep Aid,1332,22.22,0.21,USA,iHerb
2022-06-06,Melatonin,Sleep Aid,161,39.58,0.0,USA,Amazon
2022-06-20,Melatonin,Sleep Aid,1303,18.65,0.17,USA,iHerb
2022-07-04,Melatonin,Sleep Aid,1389,20.39,0.2,USA,Amazon
2022-07-11,Melatonin,Sleep Aid,1206,12.83,0.04,USA,iHerb
2022-07-18,Melatonin,Sleep Aid,799,22.74,0.08,USA,iHerb
2022-07-25,Melatonin,Sleep Aid,257,36.1,0.08,USA,iHerb
2022-08-08,Melatonin,Sleep Aid,1424,13.23,0.16,USA,iHerb
2022-08-29,Melatonin,Sleep Aid,1643,14.16,0.23,USA,Amazon
2022-09-19,Melatonin,Sleep Aid,579,21.13,0.18,USA,Walmart
2022-10-24,Melatonin,Sleep Aid,50,53.67,0.1,USA,Walmart
2022-11-14,Melatonin,Sleep Aid,120,38.09,0.0,USA,iHerb
2022-11-28,Melatonin,Sleep Aid,282,40.75,0.21,USA,Amazon
2022-12-19,Melatonin,Sleep Aid,799,18.03,0.02,USA,Amazon
2022-12-26,Melatonin,Sleep Aid,636,32.64,0.2,USA,Walmart
2023-01-23,Melatonin,Sleep Aid,482,39.31,0.2,USA,iHerb
2023-03-06,Melatonin,Sleep Aid,270,38.04,0.06,USA,Walmart
2023-04-17,Melatonin,Sleep Aid,356,28.73,0.0,USA,iHerb
2023-05-15,Melatonin,Sleep Aid,239,48.13,0.18,USA,Amazon
2023-06-12,Melatonin,Sleep Aid,364,43.68,0.22,USA,Amazon
2023-07-17,Melatonin,Sleep Aid,104,54.61,0.18,USA,Walmart
2023-08-07,Melatonin,Sleep Aid,1886,12.3,0.25,USA,iHerb
2023-08-14,Melatonin,Sleep Aid,104,42.66,0.06,USA,iHerb
2023-08-21,Melatonin,Sleep Aid,66,50.44,0.07,USA,iHerb
2023-09-04,Melatonin,Sleep Aid,97,55.59,0.21,USA,Walmart
2023-09-18,Melatonin,Sleep Aid,853,14.94,0.04,USA,Walmart
2023-10-02,Melatonin,Sleep Aid,429,28.71,0.09,USA,Walmart
2023-10-09,Melatonin,Sleep Aid,434,33.1,0.23,USA,iHerb
2023-10-16,Melatonin,Sleep Aid,140,49.68,0.18,USA,Walmart
2023-11-13,Melatonin,Sleep Aid,37,55.2,0.01,USA,Amazon
2023-12-04,Melatonin,Sleep Aid,793,18.51,0.01,USA,Amazon
2023-12-18,Melatonin,Sleep Aid,187,46.71,0.15,USA,Amazon
2024-01-08,Melatonin,Sleep Aid,1819,15.01,0.23,USA,Amazon
2024-01-15,Melatonin,Sleep Aid,1995,10.17,0.1,USA,iHerb
2024-01-22,Melatonin,Sleep Aid,1842,13.59,0.12,USA,iHerb
2024-01-29,Melatonin,Sleep Aid,101,47.23,0.07,USA,Walmart
2024-02-12,Melatonin,Sleep Aid,272,48.65,0.23,USA,iHerb
2024-02-26,Melatonin,Sleep Aid,2085,13.5,0.13,USA,Walmart
2024-03-18,Melatonin,Sleep Aid,176,40.32,0.05,USA,Amazon
2024-04-01,Melatonin,Sleep Aid,541,24.94,0.0,USA,Amazon
2024-04-15,Melatonin,Sleep Aid,485,28.29,0.03,USA,iHerb
2024-04-29,Melatonin,Sleep Aid,515,34.64,0.17,USA,iHerb
2024-05-06,Melatonin,Sleep Aid,1657,10.98,0.06,USA,Walmart
2024-06-03,Melatonin,Sleep Aid,758,26.26,0.18,USA,Amazon
2024-06-10,Melatonin,Sleep Aid,45,56.24,0.04,USA,Walmart
2024-07-01,Melatonin,Sleep Aid,892,28.24,0.24,USA,Amazon
2024-08-12,Melatonin,Sleep Aid,187,48.13,0.21,USA,iHerb
2024-09-23,Melatonin,Sleep Aid,1406,10.45,0.2,USA,iHerb
2024-10-28,Melatonin,Sleep Aid,506,28.7,0.16,USA,Amazon
2024-11-04,Melatonin,Sleep Aid,522,23.98,0.08,USA,Amazon
2024-11-11,Melatonin,Sleep Aid,803,23.21,0.18,USA,iHerb
2024-12-16,Melatonin,Sleep Aid,69,57.32,0.09,USA,iHerb
2025-01-13,Melatonin,Sleep Aid,1515,12.13,0.03,USA,Walmart
2025-01-27,Melatonin,Sleep Aid,684,30.55,0.2,USA,Walmart
2025-02-03,Melatonin,Sleep Aid,197,50.95,0.2,USA,Amazon
2025-02-17,Melatonin,Sleep Aid,731,23.55,0.1,USA,iHerb
2025-03-10,Melatonin,Sleep Aid,929,23.65,0.12,USA,Amazon
2025-03-31,Melatonin,Sleep Aid,300,47.79,0.21,USA,iHerb
