Supplement_Sales_Weekly.csv
Date,Product Name,Category,Units Sold,Price,Discount,Location,Platform
2020-01-06,Biotin,Vitamin,606,28.79,0.1,UK,iHerb
2020-01-27,Biotin,Vitamin,1548,15.7,0.04,UK,Walmart
2020-02-03,Biotin,Vitamin,71,58.36,0.1,UK,Amazon
2020-02-10,Biotin,Vitamin,1413,24.61,0.23,UK,iHerb
2020-03-02,Biotin,Vitamin,256,41.03,,UK,Amazon
2020-03-16,Biotin,Vitamin,482,41.64,0.18,UK,iHerb
2020-03-30,Biotin,Vitamin,2665,10.45,0.09,UK,Amazon
2020-04-06,Biotin,Vitamin,2093,16.39,0.19,UK,Amazon
2020-04-13,Biotin,Vitamin,474,45.92,0.22,UK,Amazon
2020-04-20,Biotin,Vitamin,274,45.33,0.15,UK,Amazon
2020-04-27,Biotin,Vitamin,52,56.81,0.02,UK,Walmart
2020-05-18,Biotin,Vitamin,516,30.56,0.03,UK,iHerb
2020-05-25,Biotin,Vitamin,30,59.86,0.01,UK,iHerb
2020-06-01,Biotin,Vitamin,392,38.39,0.14,UK,Walmart
2020-06-08,Biotin,Vitamin,130,46.23,0.03,UK,Walmart
2020-06-22,Biotin,Vitamin,126,56.69,0.17,UK,iHerb
2020-07-20,Biotin,Vitamin,686,30.14,0.17,UK,Walmart
2020-08-17,Biotin,Vitamin,93,54.53,0.15,UK,iHerb
2020-09-28,Biotin,Vitamin,76,46.3,0.03,UK,Amazon
2020-10-05,Biotin,Vitamin,730,24.26,0.16,UK,Walmart
2020-10-12,Biotin,Vitamin,315,29.36,,UK,Walmart
2020-10-26,Biotin,Vitamin,472,29.23,0.09,UK,iHerb
2020-11-16,Biotin,Vitamin,2357,12.44,0.21,UK,iHerb
2020-11-23,Biotin,Vitamin,47,54.79,0.03,UK,Amazon
2020-12-21,Biotin,Vitamin,179,39.68,0.03,UK,iHerb
2021-01-18,Biotin,Vitamin,141,58.39,0.22,UK,iHerb
2021-02-01,Biotin,Vitamin,293,48.05,0.18,UK,Walmart
2021-02-22,Biotin,Vitamin,856,31.66,0.2,UK,iHerb
2021-03-22,Biotin,Vitamin,176,53.34,0.16,UK,Walmart
2021-03-29,Biotin,Vitamin,492,38.29,0.18,UK,iHerb
2021-04-05,Biotin,Vitamin,3301,12.03,0.23,UK,Amazon
2021-05-24,Biotin,Vitamin,1621,17.52,0.13,UK,iHerb
2021-07-19,Biotin,Vitamin,502,29.66,0.1,UK,iHerb
2021-07-26,Biotin,Vitamin,223,36.86,0.05,UK,Walmart
2021-08-02,Biotin,Vitamin,243,39.97,0.1,UK,Walmart
2021-08-23,Biotin,Vitamin,637,27.02,0.12,UK,Amazon
2021-08-30,Biotin,Vitamin,694,28.5,0.19,UK,Walmart
2021-09-20,Biotin,Vitamin,475,32.06,0.18,UK,Walmart
2021-09-27,Biotin,Vitamin,318,36.38,0.13,UK,Walmart
2021-10-04,Biotin,Vitamin,498,37.84,0.23,UK,Walmart
2021-10-18,Biotin,Vitamin,273,45.31,0.2,UK,Amazon
2021-10-25,Biotin,Vitamin,422,34.59,0.19,UK,iHerb
2021-12-06,Biotin,Vitamin,391,41.19,0.21,UK,iHerb
2021-12-20,Biotin,Vitamin,899,22.59,0.09,UK,Amazon
2021-12-27,Biotin,Vitamin,1831,15.23,0.15,UK,Amazon
2022-01-03,Biotin,Vitamin,99,58.11,0.16,UK,Amazon
2022-02-07,Biotin,Vitamin,63,59.41,0.09,UK,Walmart
2022-03-07,Biotin,Vitamin,119,49.39,0.06,UK,iHerb
2022-05-02,Biotin,Vitamin,2253,18.86,0.22,UK,Walmart
2022-06-06,Biotin,Vitamin,1418,19.59,0.16,UK,Walmart
2022-06-13,Biotin,Vitamin,937,23.05,0.07,UK,Walmart
2022-06-20,Biotin,Vitamin,595,35.75,0.2,UK,iHerb
2022-07-11,Biotin,Vitamin,2483,10.92,0.19,UK,Amazon
2022-07-18,Biotin,Vitamin,2028,12.12,0.17,UK,Walmart
2022-08-01,Biotin,Vitamin,585,35.23,0.23,UK,iHerb
2022-08-08,Biotin,Vitamin,96,53.95,0.1,UK,iHerb
2022-08-29,Biotin,Vitamin,342,33.03,0.06,UK,Amazon
2022-09-12,Biotin,Vitamin,100,47.08,0.12,UK,Walmart
2022-10-10,Biotin,Vitamin,852,13.89,0.05,UK,Amazon
2022-10-17,Biotin,Vitamin,141,45.24,0.08,UK,iHerb
2022-10-24,Biotin,Vitamin,777,22.49,0.12,UK,Walmart
2022-11-07,Biotin,Vitamin,75,48.67,0.01,UK,iHerb
2022-11-28,Biotin,Vitamin,619,28.56,0.17,UK,Amazon
2022-12-05,Biotin,Vitamin,191,37.07,0.0,UK,Amazon
2023-01-23,Biotin,Vitamin,203,42.21,0.04,UK,iHerb
2023-02-06,Biotin,Vitamin,391,34.93,0.05,UK,Amazon
2023-02-20,Biotin,Vitamin,229,37.21,0.01,UK,Amazon
2023-03-13,Biotin,Vitamin,279,51.11,0.19,UK,iHerb
2023-03-20,Biotin,Vitamin,65,58.73,0.06,UK,Amazon
2023-04-10,Biotin,Vitamin,1611,19.04,0.16,UK,Amazon
2023-06-05,Biotin,Vitamin,157,57.71,0.21,UK,Walmart
2023-06-12,Biotin,Vitamin,627,37.3,0.24,UK,iHerb
2023-06-26,Biotin,Vitamin,238,48.54,0.17,UK,Amazon
2023-07-17,Biotin,Vitamin,456,32.7,0.13,UK,iHerb
2023-07-31,Biotin,Vitamin,304,34.54,0.11,UK,iHerb
2023-08-14,Biotin,Vitamin,1421,12.68,0.11,UK,iHerb
2023-08-21,Biotin,Vitamin,712,28.38,0.2,UK,Walmart
2023-09-04,Biotin,Vitamin,340,28.62,0.03,UK,Amazon
2023-10-02,Biotin,Vitamin,2047,10.06,0.19,UK,iHerb
2023-10-23,Biotin,Vitamin,911,15.66,0.03,UK,iHerb
2023-11-20,Biotin,Vitamin,623,27.29,0.17,UK,Amazon
2023-12-25,Biotin,Vitamin,76,54.25,0.1,UK,Amazon
2024-01-08,Biotin,Vitamin,990,19.64,0.03,UK,Amazon
2024-01-29,Biotin,Vitamin,938,20.86,0.03,UK,Walmart
2024-02-19,Biotin,Vitamin,1596,13.89,0.01,UK,Walmart
2024-03-11,Biotin,Vitamin,197,46.84,0.09,UK,Walmart
2024-03-25,Biotin,Vitamin,223,44.03,0.08,UK,Walmart
2024-04-08,Biotin,Vitamin,383,32.63,0.01,UK,Amazon
2024-05-13,Biotin,Vitamin,133,47.15,0.03,UK,iHerb
2024-06-17,Biotin,Vitamin,286,39.18,0.05,UK,Amazon
2024-06-24,Biotin,Vitamin,81,48.78,0.02,UK,Amazon
2024-07-01,Biotin,Vitamin,489,39.81,0.24,UK,Walmart
2024-07-08,Biotin,Vitamin,1927,12.94,0.13,UK,Amazon
2024-07-22,Biotin,Vitamin,49,58.0,0.07,UK,Amazon
2024-09-30,Biotin,Vitamin,85,59.84,0.19,UK,iHerb
2024-10-07,Biotin,Vitamin,143,50.73,0.16,UK,Walmart
2024-10-21,Biotin,Vitamin,689,29.76,0.22,UK,Amazon
2024-11-11,Biotin,Vitamin,439,30.08,0.1,UK,Walmart
2024-11-18,Biotin,Vitamin,682,24.32,0.07,UK,Walmart
2024-12-02,Biotin,Vitamin,67,54.7,0.05,UK,iHerb
2024-12-09,Biotin,Vitamin,307,35.43,0.07,UK,Walmart
2025-02-03,Biotin,Vitamin,149,47.92,0.07,UK,Walmart
2025-02-10,Biotin,Vitamin,2167,11.71,0.04,UK,iHerb
2025-02-17,Biotin,Vitamin,1129,26.52,0.21,UK,Amazon
2025-03-10,Biotin,Vitamin,287,37.16,0.08,UK,iHerb
2025-03-17,Biotin,Vitamin,279,44.68,0.12,UK,iHerb
2025-03-24,Biotin,Vitamin,983,21.06,0.06,UK,Amazon
2025-03-31,Biotin,Vitamin,538,38.12,0.22,UK,Walmart
2020-01-06,Green Tea Extract,Fat Burner,397,31.88,0.06,UK,Walmart
2020-01-20,Green Tea Extract,Fat Burner,1325,21.03,0.15,UK,Walmart
2020-01-27,Green Tea Extract,Fat Burner,393,38.06,0.13,UK,iHerb
2020-02-03,Green Tea Extract,Fat Burner,2215,18.3,0.22,UK,iHerb
2020-02-10,Green Tea Extract,Fat Burner,159,58.14,0.18,UK,Walmart
2020-02-24,Green Tea Extract,Fat Burner,322,39.11,0.09,UK,iHerb
2020-03-16,Green Tea Extract,Fat Burner,534,43.32,0.24,UK,Walmart
2020-04-06,Green Tea Extract,Fat Burner,3247,12.73,0.24,UK,Walmart
2020-04-20,Green Tea Extract,Fat Burner,271,53.3,0.24,UK,Amazon
2020-05-18,Green Tea Extract,Fat Burner,334,38.31,0.08,UK,Walmart
2020-05-25,Green Tea Extract,Fat Burner,2002,13.12,0.08,UK,Walmart
2020-08-03,Green Tea Extract,Fat Burner,243,39.93,0.1,UK,Walmart
2020-09-14,Green Tea Extract,Fat Burner,181,41.78,0.09,UK,iHerb
2020-09-21,Green Tea Extract,Fat Burner,86,52.25,0.1,UK,Walmart
2020-10-05,Green Tea Extract,Fat Burner,579,24.1,0.08,UK,iHerb
2020-10-19,Green Tea Extract,Fat Burner,119,46.02,0.07,UK,Amazon
2020-10-26,Green Tea Extract,Fat Burner,102,49.7,0.14,UK,Amazon
2020-11-09,Green Tea Extract,Fat Burner,1373,13.76,0.03,UK,Amazon
2021-01-04,Green Tea Extract,Fat Burner,943,27.54,0.19,UK,Amazon
2021-02-08,Green Tea Extract,Fat Burner,200,49.71,0.12,UK,Walmart
2021-02-22,Green Tea Extract,Fat Burner,1063,25.82,0.19,UK,Walmart
2021-03-08,Green Tea Extract,Fat Burner,243,51.4,0.19,UK,Amazon
2021-03-15,Green Tea Extract,Fat Burner,1459,22.35,0.22,UK,Walmart
2021-04-05,Green Tea Extract,Fat Burner,4129,11.56,0.24,UK,Amazon
2021-05-03,Green Tea Extract,Fat Burner,1230,20.01,0.08,UK,Amazon
2021-05-31,Green Tea Extract,Fat Burner,1187,20.99,0.11,UK,iHerb
2021-06-07,Green Tea Extract,Fat Burner,314,38.53,0.11,UK,Walmart
2021-06-14,Green Tea Extract,Fat Burner,94,51.19,0.03,UK,Amazon
2021-06-21,Green Tea Extract,Fat Burner,502,37.4,0.18,UK,iHerb
2021-07-26,Green Tea Extract,Fat Burner,327,30.6,0.01,UK,Amazon
2021-08-02,Green Tea Extract,Fat Burner,250,35.24,0.04,UK,iHerb
2021-08-09,Green Tea Extract,Fat Burner,596,30.54,0.18,UK,iHerb
2021-08-30,Green Tea Extract,Fat Burner,788,20.23,0.08,UK,iHerb
2021-09-06,Green Tea Extract,Fat Burner,637,24.28,0.07,UK,Walmart
2021-09-27,Green Tea Extract,Fat Burner,652,30.08,0.24,UK,Amazon
2021-11-08,Green Tea Extract,Fat Burner,256,40.7,0.13,UK,Walmart
2021-11-15,Green Tea Extract,Fat Burner,1395,10.7,0.0,UK,iHerb
2021-12-06,Green Tea Extract,Fat Burner,897,28.74,0.23,UK,Walmart
2022-01-03,Green Tea Extract,Fat Burner,457,36.23,0.14,UK,Amazon
2022-01-10,Green Tea Extract,Fat Burner,817,19.77,0.0,UK,Amazon
2022-02-07,Green Tea Extract,Fat Burner,320,45.88,0.19,UK,Walmart
2022-02-28,Green Tea Extract,Fat Burner,215,57.58,0.24,UK,Walmart
2022-03-21,Green Tea Extract,Fat Burner,144,47.72,0.07,UK,Walmart
2022-04-18,Green Tea Extract,Fat Burner,2439,11.05,0.12,UK,Amazon
2022-05-16,Green Tea Extract,Fat Burner,619,29.46,0.12,UK,Amazon
2022-06-06,Green Tea Extract,Fat Burner,474,39.01,0.17,UK,iHerb
2022-06-13,Green Tea Extract,Fat Burner,1600,16.77,0.04,UK,iHerb
2022-07-18,Green Tea Extract,Fat Burner,117,51.38,0.11,UK,iHerb
2022-08-01,Green Tea Extract,Fat Burner,153,52.77,0.17,UK,Walmart
2022-08-29,Green Tea Extract,Fat Burner,663,25.21,0.12,UK,Amazon
2022-09-05,Green Tea Extract,Fat Burner,199,40.11,0.11,UK,Amazon
2022-10-10,Green Tea Extract,Fat Burner,181,39.43,0.06,UK,Amazon
2022-12-26,Green Tea Extract,Fat Burner,166,42.54,0.04,UK,Amazon
2023-01-02,Green Tea Extract,Fat Burner,576,27.12,0.02,UK,Amazon
2023-02-06,Green Tea Extract,Fat Burner,150,50.49,0.1,UK,Amazon
2023-02-13,Green Tea Extract,Fat Burner,259,37.55,0.03,UK,iHerb
2023-03-20,Green Tea Extract,Fat Burner,486,29.0,0.01,UK,Amazon
2023-05-01,Green Tea Extract,Fat Burner,488,37.31,0.16,UK,iHerb
2023-05-22,Green Tea Extract,Fat Burner,319,36.37,0.05,UK,Walmart
2023-05-29,Green Tea Extract,Fat Burner,76,58.32,0.09,UK,iHerb
2023-07-03,Green Tea Extract,Fat Burner,2749,10.18,0.15,UK,Amazon
2023-08-21,Green Tea Extract,Fat Burner,137,52.68,0.19,UK,iHerb
2023-08-28,Green Tea Extract,Fat Burner,103,59.54,0.21,UK,Walmart
2023-09-25,Green Tea Extract,Fat Burner,126,54.45,0.19,UK,Amazon
2023-10-23,Green Tea Extract,Fat Burner,499,27.85,0.14,UK,Walmart
2023-12-25,Green Tea Extract,Fat Burner,42,58.77,0.03,UK,Walmart
2024-01-08,Green Tea Extract,Fat Burner,102,54.63,0.13,UK,Walmart
2024-01-22,Green Tea Extract,Fat Burner,148,59.79,0.22,UK,Amazon
2024-02-12,Green Tea Extract,Fat Burner,366,44.55,0.2,UK,iHerb
2024-04-01,Green Tea Extract,Fat Burner,434,34.34,0.06,UK,Amazon
2024-04-08,Green Tea Extract,Fat Burner,504,39.94,0.19,UK,iHerb
2024-05-13,Green Tea Extract,Fat Burner,1939,20.78,0.22,UK,Walmart
2024-05-20,Green Tea Extract,Fat Burner,2175,10.3,0.03,UK,Amazon
2024-06-03,Green Tea Extract,Fat Burner,117,48.93,0.07,UK,Walmart
2024-06-10,Green Tea Extract,Fat Burner,303,44.57,0.17,UK,iHerb
2024-07-01,Green Tea Extract,Fat Burner,402,34.72,0.09,UK,iHerb
2024-07-08,Green Tea Extract,Fat Burner,46,54.8,0.03,UK,iHerb
2024-07-15,Green Tea Extract,Fat Burner,941,20.5,0.12,UK,Amazon
2024-08-12,Green Tea Extract,Fat Burner,1844,16.23,0.23,UK,Walmart
2024-09-09,Green Tea Extract,Fat Burner,50,57.03,0.06,UK,Walmart
2024-12-09,Green Tea Extract,Fat Burner,848,19.22,0.02,UK,Walmart
2025-01-13,Green Tea Extract,Fat Burner,2467,14.91,0.23,UK,Walmart
2025-01-27,Green Tea Extract,Fat Burner,326,42.43,0.15,UK,iHerb
2025-02-10,Green Tea Extract,Fat Burner,119,58.46,0.16,UK,iHerb
2025-02-17,Green Tea Extract,Fat Burner,97,54.84,0.06,UK,Amazon
2025-03-17,Green Tea Extract,Fat Burner,977,33.09,0.25,UK,Walmart
2020-01-06,Iron Supplement,Mineral,409,42.97,0.22,Canada,iHerb
2020-03-09,Iron Supplement,Mineral,2276,13.84,0.13,Canada,iHerb
2020-04-13,Iron Supplement,Mineral,1195,24.5,0.22,Canada,Walmart
2020-04-27,Iron Supplement,Mineral,63,56.36,0.03,Canada,Walmart
2020-05-18,Iron Supplement,Mineral,173,48.22,0.16,Canada,Amazon
2020-05-25,Iron Supplement,Mineral,1538,13.55,0.05,Canada,Amazon
2020-06-01,Iron Supplement,Mineral,943,19.26,0.07,Canada,Walmart
2020-06-08,Iron Supplement,Mineral,113,48.64,0.06,Canada,Amazon
2020-06-29,Iron Supplement,Mineral,711,25.36,0.14,Canada,iHerb
2020-08-03,Iron Supplement,Mineral,867,21.02,0.16,Canada,Amazon
2020-08-17,Iron Supplement,Mineral,523,22.34,0.08,Canada,iHerb
2020-08-24,Iron Supplement,Mineral,174,50.44,0.22,Canada,iHerb
2020-08-31,Iron Supplement,Mineral,181,43.16,0.15,Canada,iHerb
2020-11-16,Iron Supplement,Mineral,598,19.21,0.01,Canada,Walmart
2020-11-30,Iron Supplement,Mineral,485,24.97,0.03,Canada,Walmart
2020-12-07,Iron Supplement,Mineral,418,38.29,0.23,Canada,Amazon
2021-02-15,Iron Supplement,Mineral,433,26.87,0.02,Canada,iHerb
2021-04-05,Iron Supplement,Mineral,2799,13.32,0.25,Canada,iHerb
2021-05-10,Iron Supplement,Mineral,53,55.73,0.05,Canada,Walmart
2021-05-24,Iron Supplement,Mineral,238,38.85,0.06,Canada,Amazon
2021-05-31,Iron Supplement,Mineral,277,49.61,0.21,Canada,iHerb
2021-06-14,Iron Supplement,Mineral,173,45.6,0.1,Canada,iHerb
2021-06-28,Iron Supplement,Mineral,95,53.21,0.12,Canada,iHerb
2021-07-05,Iron Supplement,Mineral,671,27.51,0.11,Canada,Amazon
2021-07-12,Iron Supplement,Mineral,331,31.22,0.08,Canada,iHerb
2021-07-26,Iron Supplement,Mineral,87,45.35,0.04,Canada,iHerb
2021-08-09,Iron Supplement,Mineral,337,35.15,0.15,Canada,iHerb
2021-08-30,Iron Supplement,Mineral,390,26.47,0.03,Canada,iHerb
2021-09-06,Iron Supplement,Mineral,551,23.7,0.05,Canada,iHerb
2021-09-20,Iron Supplement,Mineral,152,52.17,0.19,Canada,iHerb
2021-10-25,Iron Supplement,Mineral,128,58.54,0.24,Canada,Walmart
2021-11-08,Iron Supplement,Mineral,554,21.37,0.0,Canada,Amazon
2021-11-15,Iron Supplement,Mineral,569,18.85,0.01,Canada,Amazon
2021-12-13,Iron Supplement,Mineral,169,50.7,0.19,Canada,Walmart
2021-12-27,Iron Supplement,Mineral,321,38.79,0.15,Canada,iHerb
2022-01-03,Iron Supplement,Mineral,905,28.2,0.24,Canada,iHerb
2022-03-28,Iron Supplement,Mineral,312,52.92,0.25,Canada,Walmart
2022-04-25,Iron Supplement,Mineral,182,47.46,0.14,Canada,Walmart
2022-05-02,Iron Supplement,Mineral,131,47.95,0.07,Canada,iHerb
2022-05-16,Iron Supplement,Mineral,1184,24.59,0.19,Canada,Amazon
2022-06-20,Iron Supplement,Mineral,206,47.73,0.18,Canada,Amazon
2022-08-08,Iron Supplement,Mineral,69,58.56,0.18,Canada,iHerb
2022-08-22,Iron Supplement,Mineral,178,42.89,0.15,Canada,Walmart
2022-08-29,Iron Supplement,Mineral,247,39.13,0.14,Canada,Amazon
2022-09-05,Iron Supplement,Mineral,127,54.64,0.25,Canada,Walmart
2022-09-26,Iron Supplement,Mineral,112,42.73,0.03,Canada,iHerb
2022-10-24,Iron Supplement,Mineral,1238,20.25,0.22,Canada,Amazon
2022-10-31,Iron Supplement,Mineral,747,16.33,0.01,Canada,Amazon
2022-11-21,Iron Supplement,Mineral,236,34.1,0.01,Canada,Amazon
2022-11-28,Iron Supplement,Mineral,674,26.51,0.13,Canada,Amazon
2022-12-26,Iron Supplement,Mineral,549,34.98,0.19,Canada,Walmart
2023-01-30,Iron Supplement,Mineral,388,34.14,0.09,Canada,Walmart
2023-02-27,Iron Supplement,Mineral,270,37.59,0.02,Canada,Amazon
2023-03-13,Iron Supplement,Mineral,612,26.47,0.09,Canada,iHerb
2023-03-20,Iron Supplement,Mineral,155,59.37,0.2,Canada,Walmart
2023-04-17,Iron Supplement,Mineral,745,36.46,0.24,Canada,iHerb
2023-04-24,Iron Supplement,Mineral,803,21.22,0.02,Canada,Walmart
2023-08-28,Iron Supplement,Mineral,506,36.29,0.22,Canada,Amazon
2023-09-04,Iron Supplement,Mineral,1185,13.82,0.15,Canada,Amazon
2023-09-11,Iron Supplement,Mineral,1484,18.21,0.23,Canada,Amazon
2023-10-09,Iron Supplement,Mineral,486,21.44,0.05,Canada,iHerb
2023-10-23,Iron Supplement,Mineral,255,33.22,0.1,Canada,iHerb
2023-10-30,Iron Supplement,Mineral,247,33.65,0.05,Canada,iHerb
2023-11-13,Iron Supplement,Mineral,1126,22.95,0.23,Canada,Walmart
2023-12-11,Iron Supplement,Mineral,540,25.65,0.04,Canada,iHerb
2024-01-15,Iron Supplement,Mineral,478,34.93,0.12,Canada,iHerb
2024-02-05,Iron Supplement,Mineral,158,55.05,0.22,Canada,Amazon
2024-02-19,Iron Supplement,Mineral,455,40.68,0.24,Canada,iHerb
2024-03-04,Iron Supplement,Mineral,427,39.78,0.15,Canada,Amazon
2024-03-11,Iron Supplement,Mineral,1542,21.18,0.18,Canada,Walmart
2024-03-18,Iron Supplement,Mineral,2355,13.43,0.15,Canada,Amazon
2024-03-25,Iron Supplement,Mineral,220,49.15,0.17,Canada,Walmart
2024-04-08,Iron Supplement,Mineral,603,30.17,0.12,Canada,Amazon
2024-04-15,Iron Supplement,Mineral,117,59.52,0.18,Canada,Amazon
2024-05-06,Iron Supplement,Mineral,170,43.56,0.05,Canada,iHerb
2024-05-13,Iron Supplement,Mineral,1343,16.2,0.04,Canada,Walmart
2024-05-20,Iron Supplement,Mineral,593,27.99,0.07,Canada,Walmart
2024-06-10,Iron Supplement,Mineral,286,40.02,0.12,Canada,iHerb
2024-06-17,Iron Supplement,Mineral,2337,12.45,0.21,Canada,Walmart
2024-06-24,Iron Supplement,Mineral,120,56.48,0.19,Canada,iHerb
2024-07-15,Iron Supplement,Mineral,1797,15.41,0.2,Canada,Amazon
2024-08-05,Iron Supplement,Mineral,662,21.52,0.07,Canada,iHerb
2024-08-12,Iron Supplement,Mineral,65,56.58,0.14,Canada,iHerb
2024-08-19,Iron Supplement,Mineral,107,40.27,0.02,Canada,Walmart
2024-09-02,Iron Supplement,Mineral,717,26.66,0.18,Canada,iHerb
2024-10-21,Iron Supplement,Mineral,56,58.78,0.15,Canada,iHerb
2024-10-28,Iron Supplement,Mineral,239,34.93,0.09,Canada,Amazon
2024-11-11,Iron Supplement,Mineral,251,43.16,0.2,Canada,Walmart
2024-11-18,Iron Supplement,Mineral,33,59.23,0.05,Canada,Amazon
2024-12-16,Iron Supplement,Mineral,242,33.04,0.01,Canada,Amazon
2025-02-17,Iron Supplement,Mineral,550,37.83,0.21,Canada,Amazon
2025-03-31,Iron Supplement,Mineral,2093,18.31,0.23,Canada,Amazon
