Supplement_Sales_Weekly.csv
Date,Product Name,Category,Units Sold,Price,Discount,Location,Platform
2020-01-06,Electrolyte Powder,Hydration,234,35.92,0.04,USA,Amazon
2020-01-13,Electrolyte Powder,Hydration,311,35.42,0.07,USA,Amazon
2020-01-20,Electrolyte Powder,Hydration,589,29.19,0.14,USA,Amazon
2020-02-10,Electrolyte Powder,Hydration,714,22.09,0.0,USA,Amazon
2020-03-02,Electrolyte Powder,Hydration,203,53.85,0.24,USA,Amazon
2020-03-16,Electrolyte Powder,Hydration,1226,28.0,0.24,USA,Amazon
2020-03-30,Electrolyte Powder,Hydration,930,24.44,0.1,USA,Amazon
2020-04-13,Electrolyte Powder,Hydration,359,41.24,0.14,USA,Walmart
2020-05-04,Electrolyte Powder,Hydration,1701,17.14,0.17,USA,Amazon
2020-05-18,Electrolyte Powder,Hydration,409,41.23,0.22,USA,iHerb
2020-06-01,Electrolyte Powder,Hydration,1150,24.29,0.23,USA,Amazon
2020-06-08,Electrolyte Powder,Hydration,446,29.37,0.02,USA,iHerb
2020-06-15,Electrolyte Powder,Hydration,1463,15.83,0.14,USA,Walmart
2020-07-06,Electrolyte Powder,Hydration,430,34.72,0.17,USA,Amazon
2020-07-20,Electrolyte Powder,Hydration,614,19.33,0.01,USA,iHerb
2020-08-10,Electrolyte Powder,Hydration,138,46.54,0.11,USA,iHerb
2020-08-24,Electrolyte Powder,Hydration,72,48.23,0.04,USA,Walmart
2020-10-05,Electrolyte Powder,Hydration,70,52.6,0.14,USA,iHerb
2020-10-12,Electrolyte Powder,Hydration,79,47.12,0.06,USA,Amazon
2020-11-30,Electrolyte Powder,Hydration,1260,14.42,0.09,USA,Amazon
2020-12-14,Electrolyte Powder,Hydration,64,52.51,0.07,USA,Amazon
2020-12-28,Electrolyte Powder,Hydration,146,53.8,0.2,USA,iHerb
2021-01-11,Electrolyte Powder,Hydration,94,50.44,0.09,USA,Amazon
2021-02-15,Electrolyte Powder,Hydration,1612,21.18,0.23,USA,iHerb
2021-03-22,Electrolyte Powder,Hydration,2453,15.2,0.24,USA,Amazon
2021-03-29,Electrolyte Powder,Hydration,325,37.19,0.08,USA,Amazon
2021-04-12,Electrolyte Powder,Hydration,279,44.53,0.14,USA,Amazon
2021-05-03,Electrolyte Powder,Hydration,228,43.47,0.12,USA,Walmart
2021-05-31,Electrolyte Powder,Hydration,580,25.74,0.03,USA,Amazon
2021-06-14,Electrolyte Powder,Hydration,371,34.05,0.09,USA,Amazon
2021-06-21,Electrolyte Powder,Hydration,158,43.47,0.05,USA,iHerb
2021-07-05,Electrolyte Powder,Hydration,1399,17.49,0.14,USA,iHerb
2021-07-19,Electrolyte Powder,Hydration,572,33.52,0.22,USA,iHerb
2021-08-16,Electrolyte Powder,Hydration,779,18.21,0.03,USA,Amazon
2021-08-30,Electrolyte Powder,Hydration,1048,13.55,0.12,USA,Walmart
2021-09-27,Electrolyte Powder,Hydration,473,24.53,0.07,USA,iHerb
2021-11-01,Electrolyte Powder,Hydration,320,35.19,0.16,USA,Amazon
2021-11-15,Electrolyte Powder,Hydration,73,43.61,0.0,USA,iHerb
2021-12-20,Electrolyte Powder,Hydration,129,52.65,0.2,USA,iHerb
2021-12-27,Electrolyte Powder,Hydration,65,52.91,0.08,USA,iHerb
2022-01-03,Electrolyte Powder,Hydration,893,23.28,0.14,USA,iHerb
2022-01-17,Electrolyte Powder,Hydration,142,51.66,0.18,USA,iHerb
2022-01-31,Electrolyte Powder,Hydration,2371,12.15,0.22,USA,iHerb
2022-05-09,Electrolyte Powder,Hydration,1245,18.08,0.07,USA,iHerb
2022-05-16,Electrolyte Powder,Hydration,2318,10.57,0.11,USA,Walmart
2022-05-30,Electrolyte Powder,Hydration,304,48.11,0.25,USA,iHerb
2022-06-20,Electrolyte Powder,Hydration,102,49.86,0.11,USA,Amazon
2022-07-04,Electrolyte Powder,Hydration,223,43.32,0.14,USA,Walmart
2022-08-15,Electrolyte Powder,Hydration,565,25.43,0.15,USA,iHerb
2022-09-05,Electrolyte Powder,Hydration,179,43.05,0.17,USA,iHerb
2022-10-31,Electrolyte Powder,Hydration,1232,11.11,0.16,USA,Walmart
2022-12-19,Electrolyte Powder,Hydration,166,55.36,0.23,USA,Amazon
2023-02-13,Electrolyte Powder,Hydration,137,43.02,0.03,USA,iHerb
2023-02-20,Electrolyte Powder,Hydration,1543,10.47,0.0,USA,Walmart
2023-02-27,Electrolyte Powder,Hydration,294,40.79,0.14,USA,Walmart
2023-03-20,Electrolyte Powder,Hydration,807,32.06,0.2,USA,Amazon
2023-04-24,Electrolyte Powder,Hydration,1214,21.88,0.09,USA,Walmart
2023-05-01,Electrolyte Powder,Hydration,523,36.69,0.2,USA,Walmart
2023-05-08,Electrolyte Powder,Hydration,401,26.28,0.01,USA,Amazon
2023-06-26,Electrolyte Powder,Hydration,47,58.28,0.05,USA,Amazon
2023-10-16,Electrolyte Powder,Hydration,404,30.19,0.19,USA,Amazon
2023-10-30,Electrolyte Powder,Hydration,111,42.54,0.04,USA,iHerb
2023-11-20,Electrolyte Powder,Hydration,1890,11.27,0.18,USA,Amazon
2023-12-04,Electrolyte Powder,Hydration,96,59.6,0.19,USA,Amazon
2023-12-18,Electrolyte Powder,Hydration,714,28.59,0.18,USA,Walmart
2024-01-01,Electrolyte Powder,Hydration,98,46.22,0.02,USA,Amazon
2024-01-08,Electrolyte Powder,Hydration,912,22.13,0.13,USA,iHerb
2024-01-29,Electrolyte Powder,Hydration,94,52.12,0.08,USA,Amazon
2024-02-05,Electrolyte Powder,Hydration,1749,18.61,0.18,USA,iHerb
2024-02-19,Electrolyte Powder,Hydration,774,23.61,0.11,USA,Amazon
2024-03-04,Electrolyte Powder,Hydration,947,27.89,0.2,USA,Amazon
2024-03-11,Electrolyte Powder,Hydration,1330,20.41,0.2,USA,Walmart
2024-04-08,Electrolyte Powder,Hydration,157,47.13,0.13,USA,Walmart
2024-05-06,Electrolyte Powder,Hydration,2409,10.5,0.2,USA,Walmart
2024-07-01,Electrolyte Powder,Hydration,1748,11.1,0.09,USA,Walmart
2024-07-22,Electrolyte Powder,Hydration,108,59.29,0.24,USA,Amazon
2024-08-12,Electrolyte Powder,Hydration,654,30.79,0.22,USA,iHerb
2024-08-26,Electrolyte Powder,Hydration,62,56.9,0.16,USA,Amazon
2024-09-30,Electrolyte Powder,Hydration,106,41.67,0.03,USA,iHerb
2024-10-14,Electrolyte Powder,Hydration,1674,13.09,0.22,USA,Amazon
2024-11-18,Electrolyte Powder,Hydration,374,33.84,0.2,USA,Amazon
2024-11-25,Electrolyte Powder,Hydration,1548,14.38,0.12,USA,Walmart
2024-12-02,Electrolyte Powder,Hydration,493,21.58,0.0,USA,Amazon
2024-12-09,Electrolyte Powder,Hydration,956,17.07,0.08,USA,Amazon
2024-12-23,Electrolyte Powder,Hydration,421,27.38,0.06,USA,Amazon
2024-12-30,Electrolyte Powder,Hydration,442,32.51,0.08,USA,Amazon
2025-01-06,Electrolyte Powder,Hydration,126,47.56,0.08,USA,Amazon
2025-01-13,Electrolyte Powder,Hydration,366,35.95,0.1,USA,iHerb
2025-01-20,Electrolyte Powder,Hydration,725,26.5,0.11,USA,Amazon
2025-01-27,Electrolyte Powder,Hydration,629,32.01,0.17,USA,Walmart
2025-03-10,Electrolyte Powder,Hydration,76,54.64,0.07,USA,Walmart
2025-03-17,Electrolyte Powder,Hydration,637,29.17,0.07,USA,Amazon
2020-01-13,Whey Protein,Protein,720,12.08,0.02,UK,Amazon
2020-01-27,Whey Protein,Protein,233,26.73,0.01,UK,Amazon
2020-02-10,Whey Protein,Protein,87,45.51,0.08,UK,iHerb
2020-02-24,Whey Protein,Protein,19,59.64,0.03,UK,Walmart
2020-03-23,Whey Protein,Protein,595,20.44,0.09,UK,Walmart
2020-04-06,Whey Protein,Protein,454,29.62,,UK,iHerb
2020-05-25,Whey Protein,Protein,77,45.37,0.1,UK,Amazon
2020-06-08,Whey Protein,Protein,398,28.73,0.2,UK,Amazon
2020-06-15,Whey Protein,Protein,49,48.76,0.06,UK,iHerb
2020-07-06,Whey Protein,Protein,441,15.01,0.0,UK,iHerb
2020-07-20,Whey Protein,Protein,36,55.86,0.1,UK,Walmart
2020-07-27,Whey Protein,Protein,29,52.5,0.05,UK,iHerb
2020-08-03,Whey Protein,Protein,264,20.44,0.01,UK,Walmart
2020-08-17,Whey Protein,Protein,18,53.32,0.01,UK,iHerb
2020-08-24,Whey Protein,Protein,308,20.7,0.07,UK,iHerb
2020-09-07,Whey Protein,Protein,430,22.83,0.19,UK,Amazon
2020-09-28,Whey Protein,Protein,113,34.13,0.05,UK,iHerb
2020-10-26,Whey Protein,Protein,154,33.85,0.1,UK,iHerb
2020-11-16,Whey Protein,Protein,385,27.05,0.25,UK,Walmart
2020-11-23,Whey Protein,Protein,90,39.82,0.07,UK,Amazon
2020-12-14,Whey Protein,Protein,33,55.74,0.08,UK,iHerb
2021-01-04,Whey Protein,Protein,253,41.25,0.24,UK,iHerb
2021-02-08,Whey Protein,Protein,34,56.0,0.07,UK,Walmart
2021-03-08,Whey Protein,Protein,499,30.8,0.24,UK,Amazon
2021-03-22,Whey Protein,Protein,89,41.16,0.02,UK,Walmart
2021-04-05,Whey Protein,Protein,110,43.1,0.11,UK,Amazon
2021-05-03,Whey Protein,Protein,64,55.83,0.18,UK,Amazon
2021-05-17,Whey Protein,Protein,829,18.56,0.19,UK,Walmart
2021-05-24,Whey Protein,Protein,91,38.03,0.02,UK,Walmart
2021-05-31,Whey Protein,Protein,43,54.03,0.1,UK,iHerb
2021-06-07,Whey Protein,Protein,26,55.42,0.03,UK,iHerb
2021-06-28,Whey Protein,Protein,94,56.07,0.24,UK,Walmart
2021-07-05,Whey Protein,Protein,301,33.13,0.2,UK,iHerb
2021-07-19,Whey Protein,Protein,677,19.28,0.16,UK,Walmart
2021-07-26,Whey Protein,Protein,22,52.37,0.0,UK,Amazon
2021-08-09,Whey Protein,Protein,652,18.22,0.2,UK,Walmart
2021-08-16,Whey Protein,Protein,98,31.95,0.01,UK,Walmart
2021-08-23,Whey Protein,Protein,597,18.57,0.17,UK,Walmart
2021-09-20,Whey Protein,Protein,251,25.49,0.13,UK,iHerb
2021-11-15,Whey Protein,Protein,909,10.61,0.17,UK,Walmart
2021-12-27,Whey Protein,Protein,256,24.73,0.01,UK,iHerb
2022-02-07,Whey Protein,Protein,58,52.46,0.12,UK,Amazon
2022-03-07,Whey Protein,Protein,38,51.85,0.01,UK,Amazon
2022-03-21,Whey Protein,Protein,100,43.81,0.09,UK,iHerb
2022-03-28,Whey Protein,Protein,182,41.98,0.17,UK,iHerb
2022-04-04,Whey Protein,Protein,315,26.84,0.04,UK,Walmart
2022-05-02,Whey Protein,Protein,706,21.91,0.21,UK,iHerb
2022-05-16,Whey Protein,Protein,765,16.52,0.19,UK,Walmart
2022-05-30,Whey Protein,Protein,469,25.65,0.14,UK,Amazon
2022-07-25,Whey Protein,Protein,40,51.04,0.07,UK,Amazon
2022-08-01,Whey Protein,Protein,21,57.65,0.07,UK,Amazon
2022-09-05,Whey Protein,Protein,447,19.45,0.19,UK,iHerb
2022-10-03,Whey Protein,Protein,519,24.61,0.23,UK,Amazon
2022-12-12,Whey Protein,Protein,307,31.99,0.19,UK,Walmart
2023-01-02,Whey Protein,Protein,765,13.38,0.04,UK,Walmart
2023-01-30,Whey Protein,Protein,265,29.75,0.14,UK,Amazon
2023-02-06,Whey Protein,Protein,45,53.22,0.07,UK,iHerb
2023-02-20,Whey Protein,Protein,62,47.35,0.05,UK,iHerb
2023-03-06,Whey Protein,Protein,828,21.32,0.22,UK,iHerb
2023-03-27,Whey Protein,Protein,786,22.67,0.22,UK,Walmart
2023-04-17,Whey Protein,Protein,177,41.72,0.15,UK,Amazon
2023-05-08,Whey Protein,Protein,91,55.15,0.23,UK,Amazon
2023-06-12,Whey Protein,Protein,77,54.69,0.22,UK,Walmart
2023-09-04,Whey Protein,Protein,212,32.65,0.19,UK,Walmart
2023-09-25,Whey Protein,Protein,672,14.38,0.12,UK,Walmart
2023-10-02,Whey Protein,Protein,21,57.08,0.08,UK,Walmart
2023-10-30,Whey Protein,Protein,681,12.26,0.1,UK,Amazon
2023-12-11,Whey Protein,Protein,161,35.15,0.12,UK,Walmart
2023-12-18,Whey Protein,Protein,1759,10.28,0.25,UK,iHerb
2023-12-25,Whey Protein,Protein,43,48.88,0.07,UK,Walmart
2024-01-01,Whey Protein,Protein,21,58.59,0.04,UK,Amazon
2024-02-19,Whey Protein,Protein,204,35.15,0.12,UK,Amazon
2024-03-25,Whey Protein,Protein,884,13.23,0.12,UK,iHerb
2024-05-20,Whey Protein,Protein,816,13.19,0.07,UK,iHerb
2024-07-01,Whey Protein,Protein,1142,12.69,0.25,UK,iHerb
2024-08-05,Whey Protein,Protein,48,58.13,0.2,UK,Walmart
2024-08-12,Whey Protein,Protein,766,16.3,0.21,UK,Walmart
2024-08-19,Whey Protein,Protein,53,51.22,0.18,UK,iHerb
2024-09-02,Whey Protein,Protein,32,50.66,0.08,UK,Walmart
2024-09-16,Whey Protein,Protein,148,32.74,0.14,UK,iHerb
2024-10-14,Whey Protein,Protein,576,16.33,0.17,UK,iHerb
2024-10-28,Whey Protein,Protein,168,27.01,0.04,UK,Amazon
2024-11-04,Whey Protein,Protein,245,35.2,0.24,UK,Amazon
2024-11-25,Whey Protein,Protein,576,13.36,0.05,UK,Walmart
2024-12-09,Whey Protein,Protein,154,44.73,0.25,UK,iHerb
2024-12-30,Whey Protein,Protein,686,14.33,0.07,UK,Walmart
2025-01-13,Whey Protein,Protein,399,23.26,0.11,UK,iHerb
2025-01-20,Whey Protein,Protein,246,39.79,0.21,UK,Amazon
2025-02-03,Whey Protein,Protein,118,43.75,0.14,UK,Walmart
2025-02-10,Whey Protein,Protein,127,40.75,0.11,UK,iHerb
2025-03-10,Whey Protein,Protein,478,24.03,0.1,UK,Amazon
2025-03-24,Whey Protein,Protein,540,18.5,0.02,UK,Amazon
2025-03-31,Whey Protein,Protein,669,15.17,0.07,UK,Amazon
2020-01-13,Vitamin C,Vitamin,2757,10.61,0.24,USA,Amazon
2020-04-13,Vitamin C,Vitamin,192,55.1,0.2,USA,Walmart
2020-04-27,Vitamin C,Vitamin,389,31.68,0.02,USA,iHerb
2020-05-11,Vitamin C,Vitamin,389,38.03,0.16,USA,Amazon
2020-05-18,Vitamin C,Vitamin,859,31.24,0.23,USA,iHerb
2020-06-08,Vitamin C,Vitamin,184,52.26,0.2,USA,Walmart
2020-06-15,Vitamin C,Vitamin,744,23.27,0.15,USA,iHerb
2020-07-27,Vitamin C,Vitamin,382,33.92,0.15,USA,Walmart
2020-08-31,Vitamin C,Vitamin,848,,0.2,USA,Amazon
2020-09-07,Vitamin C,Vitamin,45,59.79,0.11,USA,iHerb
2020-10-05,Vitamin C,Vitamin,119,42.92,0.11,USA,Amazon
2020-10-26,Vitamin C,Vitamin,338,40.75,0.23,USA,Amazon
2020-11-09,Vitamin C,Vitamin,36,59.37,0.06,USA,iHerb
2020-12-14,Vitamin C,Vitamin,202,37.15,0.03,USA,Amazon
2021-01-18,Vitamin C,Vitamin,2208,11.46,0.15,USA,Walmart
2021-03-01,Vitamin C,Vitamin,1909,14.45,0.13,USA,iHerb
2021-03-08,Vitamin C,Vitamin,1347,18.64,0.09,USA,Amazon
2021-03-22,Vitamin C,Vitamin,295,41.87,0.14,USA,Walmart
2021-04-12,Vitamin C,Vitamin,243,38.67,0.05,USA,iHerb
2021-04-19,Vitamin C,Vitamin,404,32.33,0.06,USA,Amazon
2021-05-10,Vitamin C,Vitamin,755,27.12,0.19,USA,iHerb
2021-05-24,Vitamin C,Vitamin,64,53.83,0.04,USA,Amazon
2021-08-02,Vitamin C,Vitamin,163,40.31,0.08,USA,Amazon
2021-09-06,Vitamin C,Vitamin,76,49.6,0.08,USA,iHerb
2021-10-25,Vitamin C,Vitamin,140,37.6,0.06,USA,Amazon
2021-11-01,Vitamin C,Vitamin,46,59.76,0.1,USA,iHerb
2021-12-27,Vitamin C,Vitamin,212,44.73,0.19,USA,Amazon
2022-01-03,Vitamin C,Vitamin,338,39.51,0.16,USA,Walmart
2022-01-10,Vitamin C,Vitamin,215,51.35,0.21,USA,Amazon
2022-01-31,Vitamin C,Vitamin,771,30.73,0.21,USA,iHerb
2022-02-28,Vitamin C,Vitamin,354,45.89,0.22,USA,Amazon
2022-03-07,Vitamin C,Vitamin,139,46.49,0.04,USA,Walmart
2022-03-21,Vitamin C,Vitamin,551,26.76,0.01,USA,iHerb
2022-04-11,Vitamin C,Vitamin,1923,15.59,0.14,USA,Amazon
2022-05-02,Vitamin C,Vitamin,814,27.89,0.21,USA,iHerb
2022-05-09,Vitamin C,Vitamin,58,58.7,0.08,USA,iHerb
2022-06-20,Vitamin C,Vitamin,90,50.53,0.1,USA,Amazon
2022-06-27,Vitamin C,Vitamin,203,47.19,0.18,USA,iHerb
2022-07-11,Vitamin C,Vitamin,944,25.54,0.24,USA,Walmart
2022-08-01,Vitamin C,Vitamin,229,46.34,0.24,USA,iHerb
2022-08-15,Vitamin C,Vitamin,247,32.98,0.05,USA,iHerb
2022-09-05,Vitamin C,Vitamin,588,27.82,0.15,USA,Walmart
2022-09-19,Vitamin C,Vitamin,722,20.6,0.09,USA,Amazon
2022-10-10,Vitamin C,Vitamin,418,24.19,0.03,USA,iHerb
2023-01-09,Vitamin C,Vitamin,455,37.95,0.17,USA,Walmart
2023-01-16,Vitamin C,Vitamin,1259,18.79,0.19,USA,iHerb
2023-02-06,Vitamin C,Vitamin,2636,13.02,0.2,USA,iHerb
2023-02-13,Vitamin C,Vitamin,180,40.46,0.0,USA,iHerb
2023-03-06,Vitamin C,Vitamin,187,42.14,0.01,USA,iHerb
2023-04-10,Vitamin C,Vitamin,543,27.98,0.08,USA,iHerb
2023-04-24,Vitamin C,Vitamin,372,34.12,0.11,USA,Amazon
2023-05-08,Vitamin C,Vitamin,1660,19.14,0.22,USA,Amazon
2023-05-15,Vitamin C,Vitamin,160,42.17,0.06,USA,iHerb
2023-05-22,Vitamin C,Vitamin,547,33.67,0.17,USA,Amazon
2023-05-29,Vitamin C,Vitamin,231,47.25,0.16,USA,iHerb
2023-06-19,Vitamin C,Vitamin,340,44.15,0.24,USA,Amazon
2023-07-24,Vitamin C,Vitamin,96,57.06,0.18,USA,Walmart
2023-08-14,Vitamin C,Vitamin,1650,10.66,0.09,USA,Amazon
2023-08-21,Vitamin C,Vitamin,1035,13.1,0.02,USA,iHerb
2023-10-16,Vitamin C,Vitamin,56,58.16,0.12,USA,iHerb
2023-10-30,Vitamin C,Vitamin,227,44.98,0.24,USA,Walmart
2023-11-13,Vitamin C,Vitamin,111,45.83,0.09,USA,Walmart
2023-11-20,Vitamin C,Vitamin,312,34.08,0.13,USA,Amazon
2023-12-04,Vitamin C,Vitamin,165,37.95,0.03,USA,iHerb
2023-12-11,Vitamin C,Vitamin,798,19.32,0.08,USA,Walmart
2024-01-01,Vitamin C,Vitamin,1323,22.12,0.22,USA,Walmart
2024-01-22,Vitamin C,Vitamin,346,44.82,0.22,USA,iHerb
2024-02-26,Vitamin C,Vitamin,2553,16.55,0.22,USA,Walmart
2024-03-18,Vitamin C,Vitamin,455,36.8,0.13,USA,Amazon
2024-04-01,Vitamin C,Vitamin,117,53.04,0.12,USA,Amazon
2024-04-08,Vitamin C,Vitamin,1582,16.25,0.1,USA,Walmart
2024-04-22,Vitamin C,Vitamin,172,58.47,0.23,USA,iHerb
2024-04-29,Vitamin C,Vitamin,1051,17.74,0.02,USA,Walmart
2024-05-06,Vitamin C,Vitamin,89,57.19,0.09,USA,Amazon
2024-05-13,Vitamin C,Vitamin,2025,16.75,0.17,USA,Walmart
2024-06-17,Vitamin C,Vitamin,122,49.99,0.1,USA,Amazon
2024-07-01,Vitamin C,Vitamin,274,47.61,0.23,USA,Amazon
2024-08-19,Vitamin C,Vitamin,76,52.12,0.12,USA,Walmart
2024-09-02,Vitamin C,Vitamin,211,42.41,0.14,USA,Amazon
2024-09-16,Vitamin C,Vitamin,194,31.74,0.01,USA,Amazon
2024-09-23,Vitamin C,Vitamin,893,17.8,0.12,USA,Amazon
2024-10-07,Vitamin C,Vitamin,626,26.87,0.2,USA,iHerb
2024-10-28,Vitamin C,Vitamin,181,45.77,0.2,USA,Walmart
2024-11-18,Vitamin C,Vitamin,1534,13.6,0.11,USA,iHerb
2024-12-30,Vitamin C,Vitamin,814,25.42,0.14,USA,Amazon
2025-01-06,Vitamin C,Vitamin,108,48.61,0.06,USA,Walmart
2025-02-10,Vitamin C,Vitamin,1670,14.81,0.12,USA,Walmart
2025-02-17,Vitamin C,Vitamin,112,57.83,0.21,USA,iHerb
