Supplement_Sales_Weekly.csv
Date,Product Name,Category,Units Sold,Price,Discount,Location,Platform
2020-01-13,Fish Oil,Omega,870,27.49,0.19,USA,Walmart
2020-01-20,Fish Oil,Omega,84,50.0,0.05,USA,Walmart
2020-02-24,Fish Oil,Omega,269,,0.24,USA,Amazon
2020-03-30,Fish Oil,Omega,73,55.87,0.07,USA,Amazon
2020-04-06,Fish Oil,Omega,179,42.83,0.06,USA,Amazon
2020-04-13,Fish Oil,Omega,363,39.53,0.17,USA,iHerb
2020-06-01,Fish Oil,Omega,1116,17.35,0.09,USA,iHerb
2020-06-08,Fish Oil,Omega,1487,20.91,0.22,USA,Amazon
2020-06-29,Fish Oil,Omega,309,29.76,0.05,USA,Amazon
2020-07-06,Fish Oil,Omega,69,56.32,0.1,USA,Amazon
2020-08-03,Fish Oil,Omega,417,38.29,0.23,USA,iHerb
2020-09-21,Fish Oil,Omega,147,40.49,0.06,USA,Walmart
2020-10-26,Fish Oil,Omega,1008,23.93,0.24,USA,iHerb
2020-11-16,Fish Oil,Omega,125,51.09,0.16,USA,iHerb
2020-12-07,Fish Oil,Omega,92,52.15,0.11,USA,Amazon
2021-01-18,Fish Oil,Omega,1089,14.07,0.05,USA,Amazon
2021-02-22,Fish Oil,Omega,60,59.64,0.1,USA,Amazon
2021-03-29,Fish Oil,Omega,108,52.99,0.11,USA,Amazon
2021-04-19,Fish Oil,Omega,679,25.24,0.05,USA,iHerb
2021-05-03,Fish Oil,Omega,244,36.09,0.02,USA,Walmart
2021-05-31,Fish Oil,Omega,319,42.39,0.18,USA,Walmart
2021-06-28,Fish Oil,Omega,1418,14.28,0.05,USA,Walmart
2021-08-02,Fish Oil,Omega,616,21.15,0.05,USA,iHerb
2021-08-23,Fish Oil,Omega,121,53.18,0.23,USA,Walmart
2021-09-20,Fish Oil,Omega,71,46.08,0.02,USA,iHerb
2021-10-25,Fish Oil,Omega,56,49.04,0.05,USA,iHerb
2021-11-08,Fish Oil,Omega,61,44.65,0.0,USA,iHerb
2021-11-22,Fish Oil,Omega,185,47.86,0.25,USA,Amazon
2022-01-03,Fish Oil,Omega,159,55.3,0.23,USA,Amazon
2022-03-28,Fish Oil,Omega,264,35.75,0.03,USA,iHerb
2022-04-25,Fish Oil,Omega,338,43.92,0.24,USA,iHerb
2022-05-02,Fish Oil,Omega,914,29.8,0.25,USA,Amazon
2022-05-09,Fish Oil,Omega,209,40.67,0.07,USA,Amazon
2022-05-23,Fish Oil,Omega,653,35.26,0.24,USA,Walmart
2022-05-30,Fish Oil,Omega,322,44.14,0.24,USA,Amazon
2022-06-06,Fish Oil,Omega,987,20.63,0.09,USA,iHerb
2022-06-13,Fish Oil,Omega,117,48.93,0.06,USA,Amazon
2022-06-20,Fish Oil,Omega,263,48.2,0.25,USA,Amazon
2022-06-27,Fish Oil,Omega,160,55.19,0.23,USA,Amazon
2022-07-11,Fish Oil,Omega,1696,18.37,0.24,USA,Walmart
2022-08-15,Fish Oil,Omega,802,19.88,0.12,USA,Amazon
2022-09-26,Fish Oil,Omega,742,18.78,0.06,USA,iHerb
2022-10-03,Fish Oil,Omega,249,40.93,0.21,USA,Amazon
2022-10-17,Fish Oil,Omega,923,19.36,0.2,USA,Amazon
2022-10-24,Fish Oil,Omega,267,34.82,0.12,USA,Walmart
2022-11-28,Fish Oil,Omega,1360,14.45,0.07,USA,Amazon
2022-12-26,Fish Oil,Omega,777,28.34,0.19,USA,Walmart
2023-01-16,Fish Oil,Omega,1162,20.71,0.14,USA,iHerb
2023-01-30,Fish Oil,Omega,573,39.88,0.23,USA,Walmart
2023-02-20,Fish Oil,Omega,404,38.18,0.18,USA,Amazon
2023-03-06,Fish Oil,Omega,847,22.64,0.1,USA,iHerb
2023-03-20,Fish Oil,Omega,659,34.57,0.19,USA,Walmart
2023-04-03,Fish Oil,Omega,95,55.43,0.11,USA,Amazon
2023-06-12,Fish Oil,Omega,1164,24.57,0.24,USA,Amazon
2023-07-03,Fish Oil,Omega,650,24.62,0.14,USA,Amazon
2023-09-25,Fish Oil,Omega,418,28.59,0.12,USA,Amazon
2023-12-04,Fish Oil,Omega,1114,18.65,0.23,USA,iHerb
2023-12-11,Fish Oil,Omega,191,36.28,0.03,USA,Walmart
2023-12-18,Fish Oil,Omega,1898,14.4,0.21,USA,Amazon
2024-01-01,Fish Oil,Omega,997,18.28,0.11,USA,Walmart
2024-02-26,Fish Oil,Omega,142,56.58,0.17,USA,Walmart
2024-03-04,Fish Oil,Omega,1678,13.24,0.03,USA,Amazon
2024-03-11,Fish Oil,Omega,92,57.34,0.13,USA,Walmart
2024-04-01,Fish Oil,Omega,699,30.22,0.12,USA,Walmart
2024-04-08,Fish Oil,Omega,441,33.91,0.14,USA,iHerb
2024-04-15,Fish Oil,Omega,174,41.91,0.03,USA,Amazon
2024-05-13,Fish Oil,Omega,44,55.63,0.0,USA,iHerb
2024-05-27,Fish Oil,Omega,736,20.38,0.05,USA,Amazon
2024-06-03,Fish Oil,Omega,574,27.2,0.07,USA,Walmart
2024-06-10,Fish Oil,Omega,134,54.03,0.18,USA,Amazon
2024-08-19,Fish Oil,Omega,162,47.55,0.18,USA,Amazon
2024-08-26,Fish Oil,Omega,116,43.04,0.06,USA,Amazon
2024-09-16,Fish Oil,Omega,59,46.62,0.02,USA,iHerb
2024-09-30,Fish Oil,Omega,1342,14.67,0.18,USA,iHerb
2024-10-07,Fish Oil,Omega,104,58.78,0.23,USA,iHerb
2024-10-14,Fish Oil,Omega,187,36.16,0.05,USA,iHerb
2024-11-11,Fish Oil,Omega,274,37.16,0.13,USA,Amazon
2024-12-02,Fish Oil,Omega,163,37.05,0.07,USA,Walmart
2024-12-16,Fish Oil,Omega,767,19.85,0.08,USA,Walmart
2024-12-23,Fish Oil,Omega,614,33.44,0.25,USA,Amazon
2025-02-17,Fish Oil,Omega,275,50.6,0.23,USA,iHerb
2025-03-10,Fish Oil,Omega,332,35.78,0.04,USA,iHerb
2025-03-31,Fish Oil,Omega,328,44.67,0.21,USA,iHerb
2020-01-13,Multivitamin,Vitamin,1313,14.92,0.17,USA,Amazon
2020-01-20,Multivitamin,Vitamin,768,,0.09,USA,Walmart
2020-02-17,Multivitamin,Vitamin,106,51.57,0.15,USA,Amazon
2020-02-24,Multivitamin,Vitamin,1745,12.98,0.15,USA,Walmart
2020-04-06,Multivitamin,Vitamin,213,35.3,0.06,USA,Amazon
2020-04-13,Multivitamin,Vitamin,1165,18.37,0.2,USA,Amazon
2020-04-20,Multivitamin,Vitamin,366,26.62,0.01,USA,Amazon
2020-04-27,Multivitamin,Vitamin,931,22.1,0.18,USA,Walmart
2020-06-22,Multivitamin,Vitamin,59,46.94,0.01,USA,iHerb
2020-06-29,Multivitamin,Vitamin,174,30.96,0.04,USA,Amazon
2020-07-13,Multivitamin,Vitamin,278,31.37,0.08,USA,Walmart
2020-07-20,Multivitamin,Vitamin,157,41.69,0.15,USA,Amazon
2020-07-27,Multivitamin,Vitamin,35,51.0,0.01,USA,Amazon
2020-08-03,Multivitamin,Vitamin,706,,0.11,USA,Walmart
2020-08-17,Multivitamin,Vitamin,186,34.19,0.1,USA,Walmart
2020-09-07,Multivitamin,Vitamin,447,18.39,0.03,USA,Amazon
2020-10-12,Multivitamin,Vitamin,604,16.56,0.08,USA,iHerb
2020-11-23,Multivitamin,Vitamin,1144,15.28,0.2,USA,Walmart
2020-12-21,Multivitamin,Vitamin,128,44.22,0.13,USA,Walmart
2020-12-28,Multivitamin,Vitamin,400,27.83,0.11,USA,Amazon
2021-01-04,Multivitamin,Vitamin,311,28.62,0.06,USA,iHerb
2021-02-08,Multivitamin,Vitamin,507,25.08,0.1,USA,Walmart
2021-02-15,Multivitamin,Vitamin,76,50.39,0.06,USA,Amazon
2021-03-15,Multivitamin,Vitamin,1630,10.01,0.06,USA,iHerb
2021-04-19,Multivitamin,Vitamin,141,44.5,0.1,USA,Walmart
2021-05-10,Multivitamin,Vitamin,1808,12.67,0.23,USA,iHerb
2021-05-31,Multivitamin,Vitamin,901,23.03,0.21,USA,Walmart
2021-06-14,Multivitamin,Vitamin,39,59.41,0.1,USA,Amazon
2021-06-21,Multivitamin,Vitamin,30,59.79,0.07,USA,Walmart
2021-07-05,Multivitamin,Vitamin,359,25.86,0.07,USA,Amazon
2021-07-19,Multivitamin,Vitamin,1125,11.13,0.11,USA,Walmart
2021-07-26,Multivitamin,Vitamin,413,30.4,0.17,USA,iHerb
2021-08-02,Multivitamin,Vitamin,1020,10.6,0.13,USA,Amazon
2021-08-23,Multivitamin,Vitamin,32,56.54,0.06,USA,iHerb
2021-09-06,Multivitamin,Vitamin,174,33.05,0.08,USA,Amazon
2021-09-20,Multivitamin,Vitamin,53,51.01,0.1,USA,iHerb
2021-10-18,Multivitamin,Vitamin,480,19.52,0.11,USA,Walmart
2021-11-08,Multivitamin,Vitamin,138,35.84,0.07,USA,Walmart
2021-11-15,Multivitamin,Vitamin,97,47.84,0.17,USA,iHerb
2021-11-22,Multivitamin,Vitamin,313,30.49,0.13,USA,iHerb
2021-12-20,Multivitamin,Vitamin,214,39.53,0.15,USA,Walmart
2021-12-27,Multivitamin,Vitamin,833,18.33,0.13,USA,iHerb
2022-01-31,Multivitamin,Vitamin,168,39.75,0.08,USA,Walmart
2022-02-07,Multivitamin,Vitamin,109,53.85,0.17,USA,iHerb
2022-02-21,Multivitamin,Vitamin,60,58.85,0.16,USA,iHerb
2022-04-25,Multivitamin,Vitamin,898,19.81,0.14,USA,Walmart
2022-05-09,Multivitamin,Vitamin,634,27.38,0.19,USA,iHerb
2022-05-23,Multivitamin,Vitamin,133,43.98,0.09,USA,Walmart
2022-06-27,Multivitamin,Vitamin,76,51.43,0.14,USA,iHerb
2022-07-04,Multivitamin,Vitamin,144,39.62,0.07,USA,iHerb
2022-07-11,Multivitamin,Vitamin,99,53.7,0.22,USA,iHerb
2022-08-01,Multivitamin,Vitamin,839,13.12,0.04,USA,Walmart
2022-09-12,Multivitamin,Vitamin,172,38.0,0.15,USA,iHerb
2022-10-03,Multivitamin,Vitamin,1147,11.81,0.21,USA,Walmart
2022-10-10,Multivitamin,Vitamin,179,34.9,0.1,USA,Amazon
2022-10-17,Multivitamin,Vitamin,250,32.75,0.19,USA,Walmart
2022-10-31,Multivitamin,Vitamin,870,14.1,0.11,USA,Walmart
2022-12-26,Multivitamin,Vitamin,278,27.25,0.03,USA,Walmart
2023-03-06,Multivitamin,Vitamin,394,26.72,0.09,USA,Amazon
2023-03-13,Multivitamin,Vitamin,447,27.09,0.08,USA,Amazon
2023-03-20,Multivitamin,Vitamin,399,25.98,0.04,USA,Walmart
2023-04-10,Multivitamin,Vitamin,143,37.75,0.03,USA,Amazon
2023-05-15,Multivitamin,Vitamin,410,31.16,0.15,USA,Walmart
2023-06-26,Multivitamin,Vitamin,636,20.65,0.1,USA,iHerb
2023-07-03,Multivitamin,Vitamin,68,52.82,0.13,USA,Amazon
2023-07-17,Multivitamin,Vitamin,170,44.69,0.22,USA,iHerb
2023-08-14,Multivitamin,Vitamin,74,41.58,0.06,USA,Amazon
2023-08-28,Multivitamin,Vitamin,23,58.06,0.06,USA,Amazon
2023-09-11,Multivitamin,Vitamin,633,19.08,0.17,USA,iHerb
2023-09-18,Multivitamin,Vitamin,404,26.31,0.15,USA,iHerb
2023-10-02,Multivitamin,Vitamin,73,48.1,0.13,USA,Amazon
2023-11-27,Multivitamin,Vitamin,453,19.41,0.02,USA,iHerb
2023-12-18,Multivitamin,Vitamin,52,58.55,0.13,USA,iHerb
2024-01-01,Multivitamin,Vitamin,1484,10.05,0.2,USA,iHerb
2024-01-08,Multivitamin,Vitamin,52,55.18,0.14,USA,Walmart
2024-02-19,Multivitamin,Vitamin,772,24.41,0.16,USA,iHerb
2024-03-11,Multivitamin,Vitamin,380,40.09,0.23,USA,Amazon
2024-04-08,Multivitamin,Vitamin,794,25.81,0.21,USA,Amazon
2024-05-20,Multivitamin,Vitamin,157,47.88,0.18,USA,Walmart
2024-06-10,Multivitamin,Vitamin,1130,11.62,0.03,USA,Walmart
2024-07-08,Multivitamin,Vitamin,257,31.49,0.12,USA,Walmart
2024-08-19,Multivitamin,Vitamin,81,49.65,0.12,USA,Walmart
2024-08-26,Multivitamin,Vitamin,706,18.17,0.12,USA,Amazon
2024-09-02,Multivitamin,Vitamin,685,19.36,0.17,USA,Amazon
2024-09-09,Multivitamin,Vitamin,40,47.73,0.01,USA,iHerb
2024-09-23,Multivitamin,Vitamin,699,14.95,0.17,USA,Walmart
2024-10-07,Multivitamin,Vitamin,27,54.94,0.02,USA,iHerb
2024-10-28,Multivitamin,Vitamin,127,48.92,0.21,USA,iHerb
2024-11-04,Multivitamin,Vitamin,728,11.11,0.03,USA,iHerb
2024-12-16,Multivitamin,Vitamin,758,21.85,0.18,USA,iHerb
2024-12-23,Multivitamin,Vitamin,130,46.24,0.16,USA,iHerb
2024-12-30,Multivitamin,Vitamin,121,47.96,0.14,USA,iHerb
2025-01-27,Multivitamin,Vitamin,256,39.22,0.15,USA,Walmart
2025-03-10,Multivitamin,Vitamin,383,33.03,0.17,USA,iHerb
2025-03-17,Multivitamin,Vitamin,94,41.72,0.03,USA,Walmart
2025-03-24,Multivitamin,Vitamin,176,41.39,0.11,USA,Walmart
2020-01-13,BCAA,Amino Acid,582,29.1,0.05,Canada,Amazon
2020-03-02,BCAA,Amino Acid,78,57.8,0.08,Canada,Amazon
2020-03-09,BCAA,Amino Acid,150,54.17,0.11,Canada,Amazon
2020-04-13,BCAA,Amino Acid,2268,15.13,0.13,Canada,iHerb
2020-05-04,BCAA,Amino Acid,366,35.16,0.05,Canada,iHerb
2020-05-25,BCAA,Amino Acid,214,39.97,0.04,Canada,Walmart
2020-06-01,BCAA,Amino Acid,373,34.39,0.02,Canada,Walmart
2020-06-15,BCAA,Amino Acid,1091,23.05,0.09,Canada,Walmart
2020-07-06,BCAA,Amino Acid,161,45.47,0.07,Canada,iHerb
2020-07-20,BCAA,Amino Acid,210,51.58,0.23,Canada,Amazon
2020-08-03,BCAA,Amino Acid,109,49.17,0.07,Canada,Amazon
2020-08-10,BCAA,Amino Acid,396,37.06,0.16,Canada,Walmart
2020-08-31,BCAA,Amino Acid,80,52.45,0.1,Canada,Amazon
2020-09-07,BCAA,Amino Acid,873,15.53,0.01,Canada,Walmart
2020-09-14,BCAA,Amino Acid,1506,17.99,0.17,Canada,Walmart
2020-10-12,BCAA,Amino Acid,886,21.29,0.15,Canada,iHerb
2020-10-26,BCAA,Amino Acid,442,25.82,0.02,Canada,Walmart
2020-11-09,BCAA,Amino Acid,1265,19.09,0.13,Canada,Amazon
2020-11-16,BCAA,Amino Acid,666,33.45,0.23,Canada,iHerb
2020-11-30,BCAA,Amino Acid,70,49.93,0.03,Canada,iHerb
2020-12-07,BCAA,Amino Acid,165,39.77,0.0,Canada,iHerb
2021-01-11,BCAA,Amino Acid,358,43.17,0.21,Canada,Walmart
2021-02-15,BCAA,Amino Acid,2048,21.66,0.22,Canada,Amazon
2021-04-05,BCAA,Amino Acid,4869,10.02,0.2,Canada,Walmart
2021-05-17,BCAA,Amino Acid,201,45.44,0.06,Canada,Walmart
2021-08-16,BCAA,Amino Acid,556,26.65,0.09,Canada,iHerb
2021-09-13,BCAA,Amino Acid,629,26.47,0.13,Canada,Amazon
2021-09-27,BCAA,Amino Acid,700,25.03,0.14,Canada,iHerb
2021-10-25,BCAA,Amino Acid,289,34.94,0.05,Canada,iHerb
2021-11-22,BCAA,Amino Acid,283,42.69,0.17,Canada,Walmart
2021-12-27,BCAA,Amino Acid,487,31.59,0.11,Canada,iHerb
2022-02-07,BCAA,Amino Acid,124,56.56,0.1,Canada,Walmart
2022-02-21,BCAA,Amino Acid,422,42.0,0.15,Canada,Amazon
2022-02-28,BCAA,Amino Acid,1980,14.5,0.14,Canada,Walmart
2022-03-21,BCAA,Amino Acid,560,44.5,0.24,Canada,iHerb
2022-04-04,BCAA,Amino Acid,247,56.36,0.23,Canada,Walmart
2022-05-02,BCAA,Amino Acid,259,49.65,0.14,Canada,Amazon
2022-05-16,BCAA,Amino Acid,51,58.86,0.03,Canada,iHerb
2022-06-06,BCAA,Amino Acid,1143,20.35,0.08,Canada,iHerb
2022-06-13,BCAA,Amino Acid,479,27.24,0.01,Canada,Amazon
2022-07-18,BCAA,Amino Acid,1551,15.51,0.1,Canada,iHerb
2022-08-08,BCAA,Amino Acid,341,32.07,0.08,Canada,Amazon
2022-08-29,BCAA,Amino Acid,112,45.45,0.06,Canada,Walmart
2022-09-19,BCAA,Amino Acid,568,23.85,0.06,Canada,Walmart
2022-09-26,BCAA,Amino Acid,109,51.58,0.12,Canada,Walmart
2022-11-07,BCAA,Amino Acid,1031,26.44,0.22,Canada,iHerb
2022-12-05,BCAA,Amino Acid,586,29.15,0.05,Canada,Amazon
2022-12-26,BCAA,Amino Acid,835,26.62,0.15,Canada,Walmart
2023-01-02,BCAA,Amino Acid,136,50.37,0.1,Canada,Walmart
2023-01-23,BCAA,Amino Acid,78,59.89,0.09,Canada,Amazon
2023-03-20,BCAA,Amino Acid,1538,23.27,0.17,Canada,iHerb
2023-04-03,BCAA,Amino Acid,243,44.86,0.09,Canada,Amazon
2023-05-08,BCAA,Amino Acid,764,31.84,0.16,Canada,iHerb
2023-05-15,BCAA,Amino Acid,414,38.86,0.14,Canada,iHerb
2023-06-05,BCAA,Amino Acid,59,56.97,0.02,Canada,Walmart
2023-06-12,BCAA,Amino Acid,865,26.24,0.13,Canada,Amazon
2023-07-03,BCAA,Amino Acid,717,28.02,0.1,Canada,Walmart
2023-07-17,BCAA,Amino Acid,1470,17.84,0.14,Canada,Walmart
2023-08-14,BCAA,Amino Acid,306,48.62,0.24,Canada,iHerb
2023-10-09,BCAA,Amino Acid,116,59.53,0.22,Canada,Amazon
2023-10-30,BCAA,Amino Acid,82,56.41,0.13,Canada,Walmart
2023-11-06,BCAA,Amino Acid,1809,15.31,0.24,Canada,iHerb
2023-11-13,BCAA,Amino Acid,572,31.94,0.21,Canada,Amazon
2023-11-27,BCAA,Amino Acid,363,42.22,0.23,Canada,Walmart
2023-12-04,BCAA,Amino Acid,1525,16.12,0.2,Canada,Amazon
2024-01-15,BCAA,Amino Acid,55,56.16,0.02,Canada,iHerb
2024-01-29,BCAA,Amino Acid,321,36.49,0.07,Canada,Walmart
2024-02-19,BCAA,Amino Acid,316,45.09,0.14,Canada,iHerb
2024-03-04,BCAA,Amino Acid,1263,21.34,0.05,Canada,iHerb
2024-03-25,BCAA,Amino Acid,395,39.1,0.1,Canada,Walmart
2024-04-08,BCAA,Amino Acid,694,43.17,0.25,Canada,Amazon
2024-04-29,BCAA,Amino Acid,1285,26.69,0.21,Canada,Amazon
2024-05-06,BCAA,Amino Acid,1715,22.07,0.18,Canada,iHerb
2024-05-27,BCAA,Amino Acid,2026,19.48,0.2,Canada,Walmart
2024-06-17,BCAA,Amino Acid,945,27.77,0.14,Canada,Walmart
2024-07-22,BCAA,Amino Acid,437,31.03,0.15,Canada,Amazon
2024-08-26,BCAA,Amino Acid,780,21.74,0.08,Canada,Walmart
2024-09-16,BCAA,Amino Acid,996,27.34,0.24,Canada,iHerb
2024-11-04,BCAA,Amino Acid,102,53.66,0.13,Canada,Amazon
2024-11-11,BCAA,Amino Acid,606,24.33,0.02,Canada,Walmart
2024-11-25,BCAA,Amino Acid,115,42.05,0.0,Canada,iHerb
2024-12-02,BCAA,Amino Acid,62,55.77,0.05,Canada,Walmart
2025-01-06,BCAA,Amino Acid,2731,12.9,0.12,Canada,Walmart
2025-01-20,BCAA,Amino Acid,228,40.57,0.03,Canada,iHerb
2025-02-03,BCAA,Amino Acid,354,45.69,0.23,Canada,iHerb
2025-03-17,BCAA,Amino Acid,785,25.02,0.01,Canada,Walmart
2025-03-24,BCAA,Amino Acid,3761,12.48,0.21,Canada,Amazon
