Supplement_Sales_Weekly.csv
Date,Product Name,Category,Units Sold,Price,Discount,Location,Platform
2020-01-13,Zinc,Mineral,272,47.4,0.2,USA,Amazon
2020-01-20,Zinc,Mineral,2869,10.16,0.15,USA,iHerb
2020-02-17,Zinc,Mineral,179,45.13,0.06,USA,iHerb
2020-03-09,Zinc,Mineral,1389,16.72,0.07,USA,iHerb
2020-03-16,Zinc,Mineral,299,35.56,0.01,USA,Amazon
2020-03-30,Zinc,Mineral,853,20.46,0.01,USA,Amazon
2020-04-20,Zinc,Mineral,954,30.18,0.18,USA,iHerb
2020-04-27,Zinc,Mineral,300,51.15,0.23,USA,iHerb
2020-05-11,Zinc,Mineral,1892,13.71,0.09,USA,Walmart
2020-06-08,Zinc,Mineral,573,31.5,0.15,USA,Walmart
2020-07-27,Zinc,Mineral,552,25.79,0.01,USA,Walmart
2020-08-03,Zinc,Mineral,401,35.81,0.15,USA,Amazon
2020-09-07,Zinc,Mineral,394,32.21,0.17,USA,Walmart
2020-09-21,Zinc,Mineral,870,26.94,0.24,USA,iHerb
2020-09-28,Zinc,Mineral,727,27.0,0.22,USA,iHerb
2020-10-19,Zinc,Mineral,57,53.89,0.05,USA,Walmart
2020-10-26,Zinc,Mineral,1738,18.07,0.24,USA,iHerb
2020-11-02,Zinc,Mineral,1603,14.43,0.17,USA,iHerb
2020-12-28,Zinc,Mineral,109,53.72,0.09,USA,Amazon
2021-01-04,Zinc,Mineral,43,58.51,0.01,USA,iHerb
2021-02-01,Zinc,Mineral,163,52.08,0.14,USA,iHerb
2021-04-05,Zinc,Mineral,2936,14.73,0.19,USA,iHerb
2021-04-12,Zinc,Mineral,170,53.77,0.18,USA,iHerb
2021-05-03,Zinc,Mineral,447,32.42,0.08,USA,iHerb
2021-05-24,Zinc,Mineral,287,41.36,0.08,USA,iHerb
2021-06-14,Zinc,Mineral,150,41.45,0.03,USA,iHerb
2021-07-12,Zinc,Mineral,67,55.07,0.07,USA,iHerb
2021-08-09,Zinc,Mineral,470,33.83,0.19,USA,Walmart
2021-08-23,Zinc,Mineral,162,46.81,0.14,USA,Walmart
2021-08-30,Zinc,Mineral,487,35.84,0.2,USA,Walmart
2021-10-18,Zinc,Mineral,1076,16.61,0.09,USA,iHerb
2021-10-25,Zinc,Mineral,86,58.31,0.21,USA,Amazon
2021-11-08,Zinc,Mineral,1641,14.21,0.2,USA,Amazon
2021-11-15,Zinc,Mineral,197,40.17,0.08,USA,Amazon
2021-11-22,Zinc,Mineral,247,32.11,0.01,USA,iHerb
2021-12-27,Zinc,Mineral,583,34.71,0.16,USA,Walmart
2022-02-21,Zinc,Mineral,71,57.06,0.06,USA,iHerb
2022-02-28,Zinc,Mineral,1801,22.27,0.24,USA,iHerb
2022-03-21,Zinc,Mineral,361,45.41,0.21,USA,Walmart
2022-06-13,Zinc,Mineral,811,23.18,0.05,USA,Walmart
2022-07-04,Zinc,Mineral,421,42.83,0.23,USA,Walmart
2022-07-25,Zinc,Mineral,39,59.88,0.04,USA,iHerb
2022-08-29,Zinc,Mineral,211,39.63,0.12,USA,Amazon
2022-09-05,Zinc,Mineral,616,31.1,0.23,USA,iHerb
2022-09-19,Zinc,Mineral,177,34.08,0.01,USA,Walmart
2022-10-24,Zinc,Mineral,1578,13.06,0.12,USA,Walmart
2022-11-07,Zinc,Mineral,468,36.16,0.23,USA,Amazon
2022-12-05,Zinc,Mineral,1602,12.8,0.1,USA,Amazon
2022-12-12,Zinc,Mineral,77,51.85,0.07,USA,iHerb
2023-01-23,Zinc,Mineral,1256,29.61,0.25,USA,Amazon
2023-02-20,Zinc,Mineral,206,47.63,0.12,USA,Walmart
2023-02-27,Zinc,Mineral,192,46.15,0.1,USA,iHerb
2023-03-20,Zinc,Mineral,142,52.78,0.12,USA,iHerb
2023-03-27,Zinc,Mineral,172,44.43,0.02,USA,Amazon
2023-04-24,Zinc,Mineral,393,39.94,0.11,USA,Walmart
2023-05-08,Zinc,Mineral,57,58.17,0.05,USA,Walmart
2023-06-19,Zinc,Mineral,128,50.02,0.12,USA,Walmart
2023-06-26,Zinc,Mineral,726,33.41,0.19,USA,Amazon
2023-07-31,Zinc,Mineral,411,34.84,0.12,USA,Walmart
2023-08-14,Zinc,Mineral,971,23.36,0.22,USA,Amazon
2023-08-28,Zinc,Mineral,98,49.98,0.12,USA,Amazon
2023-09-04,Zinc,Mineral,67,59.9,0.15,USA,Amazon
2023-10-23,Zinc,Mineral,334,41.19,0.21,USA,iHerb
2023-11-13,Zinc,Mineral,353,34.57,0.09,USA,iHerb
2023-12-11,Zinc,Mineral,208,47.59,0.16,USA,Amazon
2024-01-15,Zinc,Mineral,728,30.46,0.18,USA,iHerb
2024-01-29,Zinc,Mineral,2171,14.12,0.09,USA,iHerb
2024-02-05,Zinc,Mineral,444,35.11,0.13,USA,Walmart
2024-02-19,Zinc,Mineral,1585,19.29,0.17,USA,Amazon
2024-03-04,Zinc,Mineral,95,55.58,0.08,USA,Walmart
2024-04-15,Zinc,Mineral,1188,25.76,0.18,USA,iHerb
2024-05-27,Zinc,Mineral,96,49.92,0.03,USA,Amazon
2024-08-19,Zinc,Mineral,265,38.25,0.15,USA,iHerb
2024-09-09,Zinc,Mineral,144,43.45,0.08,USA,iHerb
2024-10-14,Zinc,Mineral,149,48.17,0.18,USA,Amazon
2024-12-23,Zinc,Mineral,202,44.15,0.1,USA,iHerb
2025-01-06,Zinc,Mineral,428,35.61,0.11,USA,Amazon
2025-03-17,Zinc,Mineral,1508,15.33,0.06,USA,Amazon
2020-01-13,Collagen Peptides,Protein,36,56.4,0.06,Canada,iHerb
2020-01-27,Collagen Peptides,Protein,1104,11.68,0.02,Canada,Walmart
2020-02-17,Collagen Peptides,Protein,322,34.38,0.16,Canada,Walmart
2020-02-24,Collagen Peptides,Protein,160,36.7,0.04,Canada,iHerb
2020-03-16,Collagen Peptides,Protein,49,51.97,0.0,Canada,iHerb
2020-03-23,Collagen Peptides,Protein,153,48.7,0.19,Canada,Amazon
2020-03-30,Collagen Peptides,Protein,33,58.03,0.05,Canada,iHerb
2020-04-06,Collagen Peptides,Protein,720,26.58,0.21,Canada,iHerb
2020-05-11,Collagen Peptides,Protein,642,21.01,0.09,Canada,iHerb
2020-06-22,Collagen Peptides,Protein,73,51.03,0.12,Canada,Walmart
2020-06-29,Collagen Peptides,Protein,276,31.57,0.09,Canada,iHerb
2020-07-20,Collagen Peptides,Protein,108,35.72,0.02,Canada,Walmart
2020-07-27,Collagen Peptides,Protein,98,43.78,0.1,Canada,Amazon
2020-08-03,Collagen Peptides,Protein,102,50.48,0.24,Canada,Walmart
2020-08-24,Collagen Peptides,Protein,94,49.09,0.19,Canada,iHerb
2020-09-28,Collagen Peptides,Protein,535,19.09,0.11,Canada,iHerb
2020-11-02,Collagen Peptides,Protein,755,20.55,0.21,Canada,Amazon
2020-11-23,Collagen Peptides,Protein,291,35.03,0.23,Canada,iHerb
2020-12-07,Collagen Peptides,Protein,516,17.19,0.0,Canada,Amazon
2020-12-28,Collagen Peptides,Protein,611,16.33,0.04,Canada,Amazon
2021-01-11,Collagen Peptides,Protein,198,39.54,0.16,Canada,Walmart
2021-01-18,Collagen Peptides,Protein,72,57.25,0.17,Canada,Amazon
2021-01-25,Collagen Peptides,Protein,360,23.44,0.01,Canada,Amazon
2021-02-08,Collagen Peptides,Protein,680,19.98,0.09,Canada,Amazon
2021-02-15,Collagen Peptides,Protein,136,43.09,0.09,Canada,Walmart
2021-03-29,Collagen Peptides,Protein,1158,16.55,0.19,Canada,Walmart
2021-04-05,Collagen Peptides,Protein,1156,17.02,0.16,Canada,iHerb
2021-04-12,Collagen Peptides,Protein,261,34.01,0.09,Canada,Amazon
2021-05-10,Collagen Peptides,Protein,985,12.46,0.01,Canada,Walmart
2021-05-31,Collagen Peptides,Protein,28,57.51,0.02,Canada,Amazon
2021-06-21,Collagen Peptides,Protein,809,18.7,0.19,Canada,Amazon
2021-07-05,Collagen Peptides,Protein,145,35.75,0.04,Canada,Amazon
2021-07-26,Collagen Peptides,Protein,62,50.02,0.11,Canada,iHerb
2021-08-02,Collagen Peptides,Protein,481,25.66,0.19,Canada,iHerb
2021-08-09,Collagen Peptides,Protein,305,30.74,0.19,Canada,Walmart
2021-08-23,Collagen Peptides,Protein,294,23.75,0.02,Canada,Amazon
2021-08-30,Collagen Peptides,Protein,224,38.78,0.24,Canada,Walmart
2021-09-06,Collagen Peptides,Protein,37,58.08,0.13,Canada,Amazon
2021-09-13,Collagen Peptides,Protein,129,33.8,0.03,Canada,Amazon
2021-09-20,Collagen Peptides,Protein,66,45.42,0.09,Canada,iHerb
2021-09-27,Collagen Peptides,Protein,1188,10.46,0.12,Canada,iHerb
2021-11-01,Collagen Peptides,Protein,591,22.59,0.19,Canada,Walmart
2021-11-08,Collagen Peptides,Protein,106,45.89,0.17,Canada,iHerb
2022-01-03,Collagen Peptides,Protein,211,30.19,0.05,Canada,Walmart
2022-01-24,Collagen Peptides,Protein,41,57.48,0.08,Canada,iHerb
2022-03-21,Collagen Peptides,Protein,320,32.53,0.11,Canada,Amazon
2022-04-04,Collagen Peptides,Protein,1224,13.8,0.17,Canada,Amazon
2022-04-18,Collagen Peptides,Protein,945,16.2,0.12,Canada,iHerb
2022-04-25,Collagen Peptides,Protein,27,58.0,0.01,Canada,Amazon
2022-05-02,Collagen Peptides,Protein,721,19.47,0.14,Canada,Amazon
2022-05-16,Collagen Peptides,Protein,98,48.81,0.13,Canada,iHerb
2022-05-23,Collagen Peptides,Protein,116,42.99,0.08,Canada,iHerb
2022-08-01,Collagen Peptides,Protein,563,14.66,0.01,Canada,Amazon
2022-08-08,Collagen Peptides,Protein,1248,11.07,0.18,Canada,Walmart
2022-08-22,Collagen Peptides,Protein,1033,15.4,0.23,Canada,Walmart
2022-10-10,Collagen Peptides,Protein,55,42.87,0.0,Canada,Walmart
2022-11-21,Collagen Peptides,Protein,255,25.39,0.03,Canada,Walmart
2022-12-26,Collagen Peptides,Protein,348,30.57,0.15,Canada,iHerb
2023-02-20,Collagen Peptides,Protein,905,22.45,0.23,Canada,Amazon
2023-03-13,Collagen Peptides,Protein,237,44.01,0.22,Canada,Walmart
2023-03-20,Collagen Peptides,Protein,303,42.87,0.22,Canada,Walmart
2023-04-24,Collagen Peptides,Protein,73,50.3,0.06,Canada,Amazon
2023-05-08,Collagen Peptides,Protein,472,27.31,0.13,Canada,Walmart
2023-06-05,Collagen Peptides,Protein,124,47.0,0.17,Canada,Walmart
2023-06-19,Collagen Peptides,Protein,488,30.5,0.2,Canada,Walmart
2023-06-26,Collagen Peptides,Protein,90,41.1,0.02,Canada,Walmart
2023-07-03,Collagen Peptides,Protein,82,53.75,0.2,Canada,Walmart
2023-07-10,Collagen Peptides,Protein,140,46.06,0.19,Canada,iHerb
2023-07-24,Collagen Peptides,Protein,343,29.67,0.18,Canada,Walmart
2023-08-21,Collagen Peptides,Protein,923,12.85,0.1,Canada,Amazon
2023-09-04,Collagen Peptides,Protein,149,42.49,0.23,Canada,iHerb
2023-10-02,Collagen Peptides,Protein,334,34.48,0.24,Canada,Amazon
2023-10-09,Collagen Peptides,Protein,18,59.48,0.03,Canada,Walmart
2023-10-30,Collagen Peptides,Protein,878,12.53,0.14,Canada,iHerb
2023-11-06,Collagen Peptides,Protein,228,37.07,0.23,Canada,Walmart
2023-11-20,Collagen Peptides,Protein,81,48.0,0.11,Canada,Walmart
2023-11-27,Collagen Peptides,Protein,115,38.86,0.07,Canada,iHerb
2024-01-22,Collagen Peptides,Protein,199,31.33,0.02,Canada,iHerb
2024-02-05,Collagen Peptides,Protein,810,18.19,0.02,Canada,Amazon
2024-02-12,Collagen Peptides,Protein,482,25.68,0.05,Canada,Walmart
2024-03-11,Collagen Peptides,Protein,780,25.42,0.21,Canada,iHerb
2024-04-08,Collagen Peptides,Protein,1492,14.84,0.19,Canada,iHerb
2024-04-29,Collagen Peptides,Protein,572,24.7,0.09,Canada,Amazon
2024-05-20,Collagen Peptides,Protein,207,32.54,0.03,Canada,iHerb
2024-07-08,Collagen Peptides,Protein,225,36.16,0.17,Canada,iHerb
2024-07-22,Collagen Peptides,Protein,148,44.32,0.19,Canada,Amazon
2024-08-19,Collagen Peptides,Protein,310,30.66,0.19,Canada,Amazon
2024-09-23,Collagen Peptides,Protein,94,48.05,0.18,Canada,iHerb
2024-10-14,Collagen Peptides,Protein,588,17.32,0.1,Canada,Walmart
2024-10-21,Collagen Peptides,Protein,216,36.84,0.16,Canada,iHerb
2024-11-04,Collagen Peptides,Protein,53,55.08,0.15,Canada,Amazon
2024-11-18,Collagen Peptides,Protein,906,12.1,0.05,Canada,iHerb
2024-12-23,Collagen Peptides,Protein,243,27.11,0.03,Canada,Walmart
2025-01-06,Collagen Peptides,Protein,150,35.43,0.01,Canada,Amazon
2025-01-13,Collagen Peptides,Protein,1352,14.81,0.18,Canada,Walmart
2025-01-20,Collagen Peptides,Protein,173,34.44,0.04,Canada,iHerb
2025-02-03,Collagen Peptides,Protein,85,59.11,0.24,Canada,Amazon
2025-02-10,Collagen Peptides,Protein,53,52.15,0.04,Canada,iHerb
2025-02-24,Collagen Peptides,Protein,151,51.82,0.22,Canada,iHerb
2025-03-03,Collagen Peptides,Protein,234,33.49,0.07,Canada,Walmart
2025-03-24,Collagen Peptides,Protein,114,46.39,0.1,Canada,iHerb
2020-01-13,Magnesium,Mineral,183,40.65,0.24,UK,Amazon
2020-02-10,Magnesium,Mineral,53,55.36,0.17,UK,iHerb
2020-02-24,Magnesium,Mineral,196,34.3,0.14,UK,iHerb
2020-03-09,Magnesium,Mineral,1137,10.72,0.18,UK,iHerb
2020-03-23,Magnesium,Mineral,326,23.28,0.0,UK,iHerb
2020-03-30,Magnesium,Mineral,82,39.68,0.02,UK,iHerb
2020-04-13,Magnesium,Mineral,261,38.1,0.24,UK,iHerb
2020-05-04,Magnesium,Mineral,434,18.07,0.02,UK,iHerb
2020-06-15,Magnesium,Mineral,185,38.89,0.23,UK,iHerb
2020-06-22,Magnesium,Mineral,221,,0.05,UK,iHerb
2020-07-06,Magnesium,Mineral,577,12.56,0.12,UK,iHerb
2020-07-27,Magnesium,Mineral,23,56.74,0.06,UK,iHerb
2020-09-14,Magnesium,Mineral,225,29.61,,UK,Amazon
2020-09-28,Magnesium,Mineral,48,41.77,0.05,UK,Walmart
2020-11-16,Magnesium,Mineral,34,54.54,0.11,UK,Walmart
2020-11-23,Magnesium,Mineral,640,17.84,0.17,UK,Amazon
2020-12-07,Magnesium,Mineral,80,35.9,0.0,UK,Walmart
2020-12-14,Magnesium,Mineral,223,21.72,0.0,UK,iHerb
2021-03-08,Magnesium,Mineral,157,43.87,0.18,UK,Amazon
2021-03-22,Magnesium,Mineral,723,16.12,0.13,UK,Walmart
2021-04-05,Magnesium,Mineral,648,24.18,0.24,UK,iHerb
2021-04-19,Magnesium,Mineral,206,40.2,0.22,UK,Amazon
2021-05-17,Magnesium,Mineral,442,20.97,0.11,UK,Walmart
2021-05-31,Magnesium,Mineral,29,51.58,0.04,UK,Walmart
2021-06-07,Magnesium,Mineral,74,45.25,0.11,UK,Walmart
2021-06-14,Magnesium,Mineral,153,40.43,0.24,UK,Walmart
2021-08-02,Magnesium,Mineral,58,46.22,0.1,UK,iHerb
2021-08-16,Magnesium,Mineral,64,38.93,0.02,UK,Amazon
2021-08-30,Magnesium,Mineral,507,20.06,0.23,UK,Walmart
2021-09-20,Magnesium,Mineral,222,28.49,0.16,UK,iHerb
2021-10-04,Magnesium,Mineral,195,19.32,0.02,UK,Amazon
2021-10-25,Magnesium,Mineral,77,40.23,0.17,UK,Amazon
2021-12-13,Magnesium,Mineral,34,56.37,0.13,UK,iHerb
2021-12-20,Magnesium,Mineral,133,35.04,0.11,UK,Walmart
2022-01-24,Magnesium,Mineral,16,58.48,0.01,UK,Amazon
2022-01-31,Magnesium,Mineral,89,45.12,0.14,UK,Amazon
2022-03-07,Magnesium,Mineral,324,32.51,0.19,UK,Amazon
2022-03-21,Magnesium,Mineral,28,57.66,0.05,UK,Walmart
2022-03-28,Magnesium,Mineral,35,54.23,0.08,UK,Walmart
2022-04-04,Magnesium,Mineral,56,53.23,0.12,UK,iHerb
2022-04-11,Magnesium,Mineral,606,12.59,0.01,UK,iHerb
2022-05-16,Magnesium,Mineral,148,38.06,0.13,UK,Walmart
2022-06-06,Magnesium,Mineral,205,31.63,0.12,UK,Walmart
2022-06-20,Magnesium,Mineral,90,48.17,0.19,UK,Walmart
2022-07-25,Magnesium,Mineral,72,41.75,0.1,UK,Walmart
2022-08-22,Magnesium,Mineral,18,58.0,0.08,UK,Walmart
2022-09-05,Magnesium,Mineral,315,19.92,0.12,UK,Amazon
2022-09-12,Magnesium,Mineral,16,59.19,0.07,UK,Amazon
2022-11-07,Magnesium,Mineral,527,17.46,0.21,UK,iHerb
2022-12-05,Magnesium,Mineral,296,27.17,0.15,UK,Walmart
2022-12-12,Magnesium,Mineral,86,37.89,0.07,UK,iHerb
2022-12-19,Magnesium,Mineral,98,33.39,0.02,UK,iHerb
2022-12-26,Magnesium,Mineral,277,18.14,0.01,UK,Walmart
2023-01-09,Magnesium,Mineral,71,50.97,0.18,UK,iHerb
2023-01-16,Magnesium,Mineral,633,12.39,0.04,UK,Walmart
2023-01-23,Magnesium,Mineral,1105,13.38,0.25,UK,iHerb
2023-02-27,Magnesium,Mineral,62,47.55,0.08,UK,iHerb
2023-03-06,Magnesium,Mineral,20,56.77,0.02,UK,Walmart
2023-03-20,Magnesium,Mineral,451,26.57,0.25,UK,Amazon
2023-03-27,Magnesium,Mineral,507,18.8,0.07,UK,Amazon
2023-04-10,Magnesium,Mineral,308,26.87,0.1,UK,iHerb
2023-04-17,Magnesium,Mineral,41,57.95,0.13,UK,iHerb
2023-05-01,Magnesium,Mineral,112,49.36,0.21,UK,Amazon
2023-05-15,Magnesium,Mineral,356,26.42,0.12,UK,Amazon
2023-07-10,Magnesium,Mineral,71,48.6,0.16,UK,iHerb
2023-07-24,Magnesium,Mineral,529,17.7,0.17,UK,Amazon
2023-08-07,Magnesium,Mineral,177,33.98,0.16,UK,iHerb
2023-08-21,Magnesium,Mineral,170,31.41,0.14,UK,Walmart
2023-09-18,Magnesium,Mineral,40,42.99,0.02,UK,iHerb
2023-10-02,Magnesium,Mineral,56,51.55,0.18,UK,Amazon
2023-10-16,Magnesium,Mineral,49,51.45,0.19,UK,Walmart
2023-10-30,Magnesium,Mineral,303,20.87,0.06,UK,iHerb
2023-11-06,Magnesium,Mineral,504,22.48,0.24,UK,iHerb
2023-11-13,Magnesium,Mineral,87,34.71,0.01,UK,Walmart
2023-11-20,Magnesium,Mineral,582,17.14,0.19,UK,Walmart
2023-12-18,Magnesium,Mineral,195,25.48,0.01,UK,Walmart
2023-12-25,Magnesium,Mineral,93,41.16,0.11,UK,Amazon
2024-02-12,Magnesium,Mineral,81,48.29,0.14,UK,Walmart
2024-02-26,Magnesium,Mineral,342,31.97,0.2,UK,Amazon
2024-03-11,Magnesium,Mineral,425,28.06,0.16,UK,iHerb
2024-03-18,Magnesium,Mineral,49,54.56,0.12,UK,iHerb
2024-05-06,Magnesium,Mineral,165,39.01,0.16,UK,Walmart
2024-05-20,Magnesium,Mineral,749,14.72,0.19,UK,iHerb
2024-05-27,Magnesium,Mineral,53,47.72,0.06,UK,Amazon
2024-06-03,Magnesium,Mineral,1132,10.72,0.21,UK,iHerb
2024-07-08,Magnesium,Mineral,267,25.42,0.09,UK,iHerb
2024-07-22,Magnesium,Mineral,808,10.33,0.12,UK,iHerb
2024-07-29,Magnesium,Mineral,190,26.28,0.06,UK,Walmart
2024-08-12,Magnesium,Mineral,71,51.06,0.22,UK,iHerb
2024-08-26,Magnesium,Mineral,587,12.54,0.15,UK,Amazon
2024-09-02,Magnesium,Mineral,385,28.24,0.25,UK,iHerb
2024-09-30,Magnesium,Mineral,376,16.38,0.11,UK,Walmart
2024-12-02,Magnesium,Mineral,386,28.33,0.25,UK,iHerb
2024-12-16,Magnesium,Mineral,61,46.28,0.14,UK,iHerb
2025-01-27,Magnesium,Mineral,315,24.51,0.1,UK,Amazon
2025-02-17,Magnesium,Mineral,237,33.98,0.15,UK,Amazon
2025-03-03,Magnesium,Mineral,1099,12.06,0.17,UK,Amazon
2025-03-17,Magnesium,Mineral,87,37.94,0.03,UK,Walmart
2025-03-24,Magnesium,Mineral,800,20.75,0.23,UK,Walmart
2025-03-31,Magnesium,Mineral,479,28.45,0.25,UK,Walmart
