Supplement_Sales_Weekly.csv
Date,Product Name,Category,Units Sold,Price,Discount,Location,Platform
2020-01-13,Ashwagandha,Herbal,106,54.35,0.16,UK,Walmart
2020-02-03,Ashwagandha,Herbal,1305,19.21,0.22,UK,Amazon
2020-02-24,Ashwagandha,Herbal,719,27.16,0.18,UK,iHerb
2020-04-27,Ashwagandha,Herbal,132,54.77,0.17,UK,Walmart
2020-05-04,Ashwagandha,Herbal,1099,15.27,0.06,UK,Walmart
2020-06-29,Ashwagandha,Herbal,1206,11.96,0.07,UK,Amazon
2020-08-10,Ashwagandha,Herbal,1401,14.92,0.24,UK,Amazon
2020-09-28,Ashwagandha,Herbal,248,37.99,0.21,UK,Walmart
2020-10-19,Ashwagandha,Herbal,202,33.58,0.06,UK,iHerb
2020-11-09,Ashwagandha,Herbal,101,37.27,0.03,UK,Walmart
2020-11-30,Ashwagandha,Herbal,68,51.15,0.06,UK,Walmart
2020-12-07,Ashwagandha,Herbal,85,46.61,0.06,UK,Amazon
2020-12-28,Ashwagandha,Herbal,742,23.49,0.18,UK,Amazon
2021-01-25,Ashwagandha,Herbal,51,55.33,0.05,UK,Amazon
2021-02-15,Ashwagandha,Herbal,86,56.5,0.14,UK,Amazon
2021-03-01,Ashwagandha,Herbal,78,48.36,0.05,UK,Walmart
2021-03-08,Ashwagandha,Herbal,89,57.69,0.16,UK,iHerb
2021-03-15,Ashwagandha,Herbal,122,42.3,0.04,UK,Amazon
2021-03-22,Ashwagandha,Herbal,1088,13.52,0.07,UK,iHerb
2021-04-12,Ashwagandha,Herbal,892,16.05,0.02,UK,Walmart
2021-04-19,Ashwagandha,Herbal,702,21.26,0.06,UK,Walmart
2021-04-26,Ashwagandha,Herbal,632,19.59,0.02,UK,Walmart
2021-05-03,Ashwagandha,Herbal,924,26.28,0.25,UK,Walmart
2021-05-10,Ashwagandha,Herbal,2034,13.62,0.24,UK,iHerb
2021-05-24,Ashwagandha,Herbal,1335,12.7,0.11,UK,iHerb
2021-05-31,Ashwagandha,Herbal,1126,16.45,0.12,UK,iHerb
2021-06-21,Ashwagandha,Herbal,53,53.56,0.05,UK,Amazon
2021-07-26,Ashwagandha,Herbal,211,32.01,0.02,UK,Walmart
2021-09-27,Ashwagandha,Herbal,743,19.94,0.13,UK,Amazon
2021-11-01,Ashwagandha,Herbal,75,43.93,0.05,UK,Walmart
2021-11-08,Ashwagandha,Herbal,29,52.25,0.0,UK,Walmart
2021-12-13,Ashwagandha,Herbal,1392,15.34,0.21,UK,Walmart
2022-01-03,Ashwagandha,Herbal,422,29.48,0.13,UK,iHerb
2022-01-24,Ashwagandha,Herbal,1598,13.29,0.16,UK,Amazon
2022-02-07,Ashwagandha,Herbal,99,56.22,0.18,UK,Walmart
2022-03-21,Ashwagandha,Herbal,277,40.35,0.14,UK,iHerb
2022-03-28,Ashwagandha,Herbal,308,34.08,0.1,UK,Walmart
2022-05-16,Ashwagandha,Herbal,107,48.84,0.09,UK,Walmart
2022-05-23,Ashwagandha,Herbal,302,42.81,0.21,UK,iHerb
2022-06-13,Ashwagandha,Herbal,705,23.87,0.12,UK,Amazon
2022-07-25,Ashwagandha,Herbal,619,21.15,0.13,UK,Amazon
2022-08-22,Ashwagandha,Herbal,486,28.91,0.19,UK,iHerb
2022-08-29,Ashwagandha,Herbal,286,37.91,0.22,UK,iHerb
2022-09-05,Ashwagandha,Herbal,468,21.42,0.11,UK,iHerb
2022-09-26,Ashwagandha,Herbal,623,25.29,0.22,UK,Walmart
2022-12-19,Ashwagandha,Herbal,169,36.87,0.04,UK,Amazon
2023-01-23,Ashwagandha,Herbal,1486,18.56,0.21,UK,iHerb
2023-01-30,Ashwagandha,Herbal,409,36.47,0.17,UK,iHerb
2023-02-13,Ashwagandha,Herbal,221,35.75,0.08,UK,Walmart
2023-03-27,Ashwagandha,Herbal,226,37.83,0.06,UK,iHerb
2023-05-01,Ashwagandha,Herbal,518,31.96,0.17,UK,Amazon
2023-05-29,Ashwagandha,Herbal,220,40.57,0.13,UK,Amazon
2023-06-05,Ashwagandha,Herbal,282,44.84,0.23,UK,Amazon
2023-06-19,Ashwagandha,Herbal,128,50.07,0.18,UK,iHerb
2023-06-26,Ashwagandha,Herbal,31,58.58,0.03,UK,Amazon
2023-07-10,Ashwagandha,Herbal,214,47.68,0.22,UK,iHerb
2023-07-31,Ashwagandha,Herbal,633,27.38,0.25,UK,iHerb
2023-08-07,Ashwagandha,Herbal,449,26.68,0.08,UK,Amazon
2023-08-21,Ashwagandha,Herbal,233,40.49,0.23,UK,Walmart
2023-09-04,Ashwagandha,Herbal,1320,12.83,0.17,UK,Amazon
2023-09-11,Ashwagandha,Herbal,50,59.18,0.14,UK,Amazon
2023-10-09,Ashwagandha,Herbal,177,37.41,0.13,UK,Amazon
2023-10-16,Ashwagandha,Herbal,68,47.41,0.05,UK,iHerb
2023-10-23,Ashwagandha,Herbal,556,20.82,0.13,UK,Walmart
2023-11-20,Ashwagandha,Herbal,1325,10.6,0.07,UK,iHerb
2023-12-11,Ashwagandha,Herbal,172,45.66,0.19,UK,Walmart
2024-01-08,Ashwagandha,Herbal,1084,19.2,0.17,UK,Amazon
2024-01-15,Ashwagandha,Herbal,1302,13.81,0.14,UK,Amazon
2024-01-22,Ashwagandha,Herbal,94,47.45,0.05,UK,Amazon
2024-01-29,Ashwagandha,Herbal,576,17.75,0.0,UK,Amazon
2024-02-05,Ashwagandha,Herbal,231,48.16,0.22,UK,iHerb
2024-03-11,Ashwagandha,Herbal,39,56.0,0.01,UK,iHerb
2024-03-18,Ashwagandha,Herbal,676,20.01,0.01,UK,Amazon
2024-03-25,Ashwagandha,Herbal,655,30.19,0.17,UK,Walmart
2024-04-01,Ashwagandha,Herbal,1456,12.58,0.03,UK,Walmart
2024-05-06,Ashwagandha,Herbal,1000,16.64,0.06,UK,Walmart
2024-05-27,Ashwagandha,Herbal,1023,16.75,0.08,UK,Amazon
2024-06-17,Ashwagandha,Herbal,128,38.65,0.02,UK,iHerb
2024-07-08,Ashwagandha,Herbal,388,29.49,0.12,UK,Walmart
2024-07-15,Ashwagandha,Herbal,946,17.55,0.2,UK,Walmart
2024-08-12,Ashwagandha,Herbal,187,40.73,0.17,UK,Walmart
2024-09-02,Ashwagandha,Herbal,418,27.38,0.2,UK,Amazon
2024-09-16,Ashwagandha,Herbal,1262,13.81,0.23,UK,Walmart
2024-09-23,Ashwagandha,Herbal,244,30.7,0.08,UK,iHerb
2024-11-18,Ashwagandha,Herbal,69,53.87,0.13,UK,Amazon
2024-12-09,Ashwagandha,Herbal,57,54.79,0.08,UK,Amazon
2024-12-16,Ashwagandha,Herbal,423,29.52,0.13,UK,Walmart
2025-01-06,Ashwagandha,Herbal,267,42.55,0.18,UK,Walmart
2025-01-13,Ashwagandha,Herbal,282,32.61,0.06,UK,Walmart
2025-01-20,Ashwagandha,Herbal,761,29.57,0.24,UK,iHerb
2025-02-10,Ashwagandha,Herbal,738,22.85,0.09,UK,Amazon
2025-02-17,Ashwagandha,Herbal,60,53.08,0.05,UK,Walmart
2025-02-24,Ashwagandha,Herbal,145,41.23,0.03,UK,iHerb
2025-03-03,Ashwagandha,Herbal,158,36.57,0.01,UK,iHerb
2025-03-10,Ashwagandha,Herbal,509,28.62,0.1,UK,Walmart
2020-01-13,Biotin,Vitamin,1452,18.87,0.14,USA,iHerb
2020-02-17,Biotin,Vitamin,2092,10.28,0.0,USA,Walmart
2020-02-24,Biotin,Vitamin,887,32.32,0.2,USA,iHerb
2020-03-09,Biotin,Vitamin,500,30.36,0.02,USA,Walmart
2020-03-23,Biotin,Vitamin,191,49.02,0.11,USA,Amazon
2020-05-04,Biotin,Vitamin,716,30.79,0.11,USA,Amazon
2020-06-15,Biotin,Vitamin,749,23.58,0.05,USA,iHerb
2020-07-06,Biotin,Vitamin,108,43.98,0.01,USA,Amazon
2020-07-27,Biotin,Vitamin,1773,15.76,0.22,USA,Amazon
2020-08-03,Biotin,Vitamin,150,49.99,0.14,USA,Walmart
2020-08-24,Biotin,Vitamin,238,47.56,0.22,USA,Amazon
2020-08-31,Biotin,Vitamin,479,28.46,0.09,USA,Amazon
2020-09-07,Biotin,Vitamin,881,13.41,0.05,USA,Amazon
2020-09-14,Biotin,Vitamin,274,41.27,0.2,USA,Amazon
2020-09-21,Biotin,Vitamin,179,49.7,0.24,USA,Amazon
2020-12-14,Biotin,Vitamin,266,48.49,0.2,USA,iHerb
2020-12-28,Biotin,Vitamin,327,35.49,0.08,USA,Amazon
2021-01-04,Biotin,Vitamin,408,30.11,0.01,USA,iHerb
2021-01-25,Biotin,Vitamin,83,50.57,0.01,USA,Walmart
2021-02-15,Biotin,Vitamin,2071,14.47,0.11,USA,Walmart
2021-03-08,Biotin,Vitamin,2408,13.03,0.1,USA,iHerb
2021-03-15,Biotin,Vitamin,106,56.49,0.12,USA,iHerb
2021-04-19,Biotin,Vitamin,298,40.71,0.08,USA,iHerb
2021-05-03,Biotin,Vitamin,485,31.91,0.07,USA,Amazon
2021-05-10,Biotin,Vitamin,2282,14.81,0.11,USA,Walmart
2021-05-31,Biotin,Vitamin,293,46.59,0.18,USA,Amazon
2021-06-14,Biotin,Vitamin,1260,25.19,0.23,USA,iHerb
2021-06-21,Biotin,Vitamin,1158,20.15,0.11,USA,Amazon
2021-06-28,Biotin,Vitamin,155,53.35,0.19,USA,Amazon
2021-07-12,Biotin,Vitamin,77,50.52,0.03,USA,iHerb
2021-08-09,Biotin,Vitamin,178,42.51,0.08,USA,iHerb
2021-08-16,Biotin,Vitamin,56,53.62,0.05,USA,iHerb
2021-09-13,Biotin,Vitamin,1820,12.12,0.16,USA,Amazon
2021-11-29,Biotin,Vitamin,832,18.53,0.03,USA,Walmart
2021-12-13,Biotin,Vitamin,255,40.08,0.15,USA,Amazon
2022-01-10,Biotin,Vitamin,125,57.01,0.19,USA,Walmart
2022-01-17,Biotin,Vitamin,510,30.42,0.09,USA,iHerb
2022-01-24,Biotin,Vitamin,744,29.36,0.15,USA,iHerb
2022-01-31,Biotin,Vitamin,1275,22.33,0.17,USA,Amazon
2022-03-21,Biotin,Vitamin,137,50.42,0.07,USA,Amazon
2022-03-28,Biotin,Vitamin,3624,10.83,0.2,USA,Walmart
2022-04-11,Biotin,Vitamin,118,50.9,0.07,USA,Amazon
2022-04-18,Biotin,Vitamin,113,51.15,0.06,USA,Walmart
2022-05-23,Biotin,Vitamin,122,48.74,0.08,USA,iHerb
2022-08-15,Biotin,Vitamin,66,52.64,0.06,USA,Amazon
2022-09-05,Biotin,Vitamin,1336,10.89,0.01,USA,Walmart
2022-09-26,Biotin,Vitamin,336,42.16,0.22,USA,Walmart
2022-10-03,Biotin,Vitamin,177,42.33,0.09,USA,Walmart
2022-10-31,Biotin,Vitamin,896,17.29,0.05,USA,Amazon
2022-12-12,Biotin,Vitamin,666,25.4,0.07,USA,Amazon
2022-12-19,Biotin,Vitamin,482,32.63,0.13,USA,iHerb
2022-12-26,Biotin,Vitamin,104,56.96,0.14,USA,Walmart
2023-01-02,Biotin,Vitamin,161,40.72,0.01,USA,Walmart
2023-01-09,Biotin,Vitamin,1190,22.37,0.15,USA,Amazon
2023-01-16,Biotin,Vitamin,988,17.79,0.05,USA,iHerb
2023-03-27,Biotin,Vitamin,242,44.51,0.1,USA,iHerb
2023-04-17,Biotin,Vitamin,423,31.6,0.01,USA,Amazon
2023-04-24,Biotin,Vitamin,3168,11.08,0.2,USA,Walmart
2023-05-01,Biotin,Vitamin,455,40.66,0.2,USA,Walmart
2023-05-08,Biotin,Vitamin,292,34.46,0.02,USA,Walmart
2023-05-15,Biotin,Vitamin,153,49.47,0.13,USA,iHerb
2023-05-22,Biotin,Vitamin,601,26.6,0.02,USA,Amazon
2023-05-29,Biotin,Vitamin,820,24.28,0.04,USA,iHerb
2023-06-19,Biotin,Vitamin,371,35.29,0.11,USA,Amazon
2023-07-10,Biotin,Vitamin,2270,13.29,0.19,USA,Walmart
2023-09-18,Biotin,Vitamin,312,30.42,0.08,USA,iHerb
2023-09-25,Biotin,Vitamin,453,35.26,0.21,USA,Walmart
2023-10-09,Biotin,Vitamin,164,45.86,0.1,USA,Amazon
2023-10-16,Biotin,Vitamin,130,44.96,0.07,USA,Walmart
2023-11-13,Biotin,Vitamin,826,30.53,0.24,USA,Walmart
2024-01-01,Biotin,Vitamin,109,53.99,0.11,USA,Walmart
2024-01-22,Biotin,Vitamin,143,41.34,0.0,USA,Amazon
2024-02-26,Biotin,Vitamin,183,51.36,0.19,USA,iHerb
2024-03-04,Biotin,Vitamin,2590,16.43,0.25,USA,Walmart
2024-04-01,Biotin,Vitamin,585,28.72,0.05,USA,Walmart
2024-04-15,Biotin,Vitamin,381,33.39,0.05,USA,Walmart
2024-04-22,Biotin,Vitamin,465,45.49,0.25,USA,iHerb
2024-04-29,Biotin,Vitamin,419,32.76,0.04,USA,Amazon
2024-05-06,Biotin,Vitamin,177,55.66,0.2,USA,Amazon
2024-05-20,Biotin,Vitamin,52,57.05,0.05,USA,Amazon
2024-05-27,Biotin,Vitamin,1229,21.63,0.17,USA,iHerb
2024-06-03,Biotin,Vitamin,107,49.53,0.05,USA,Walmart
2024-07-15,Biotin,Vitamin,242,45.82,0.22,USA,iHerb
2024-07-29,Biotin,Vitamin,134,45.94,0.08,USA,Amazon
2024-08-05,Biotin,Vitamin,778,27.02,0.19,USA,iHerb
2024-08-12,Biotin,Vitamin,159,45.04,0.14,USA,Amazon
2024-09-09,Biotin,Vitamin,51,53.75,0.04,USA,iHerb
2024-09-23,Biotin,Vitamin,74,55.73,0.14,USA,Amazon
2024-10-14,Biotin,Vitamin,334,39.28,0.17,USA,Walmart
2024-10-28,Biotin,Vitamin,1386,14.71,0.06,USA,iHerb
2024-12-23,Biotin,Vitamin,423,38.75,0.19,USA,Amazon
2024-12-30,Biotin,Vitamin,1233,20.37,0.1,USA,iHerb
2025-01-06,Biotin,Vitamin,307,33.88,0.02,USA,Walmart
2025-01-20,Biotin,Vitamin,524,36.4,0.19,USA,Walmart
2020-01-13,Green Tea Extract,Fat Burner,1012,18.24,0.03,USA,Walmart
2020-03-02,Green Tea Extract,Fat Burner,200,58.2,0.23,USA,Walmart
2020-03-09,Green Tea Extract,Fat Burner,52,57.38,0.02,USA,Amazon
2020-03-30,Green Tea Extract,Fat Burner,1149,21.1,0.08,USA,iHerb
2020-04-13,Green Tea Extract,Fat Burner,444,29.83,0.03,USA,Amazon
2020-05-04,Green Tea Extract,Fat Burner,1202,18.58,0.13,USA,iHerb
2020-06-08,Green Tea Extract,Fat Burner,992,28.99,0.2,USA,Amazon
2020-06-22,Green Tea Extract,Fat Burner,420,42.82,0.24,USA,iHerb
2020-07-20,Green Tea Extract,Fat Burner,132,41.62,0.03,USA,iHerb
2020-07-27,Green Tea Extract,Fat Burner,507,32.1,0.16,USA,Walmart
2020-08-10,Green Tea Extract,Fat Burner,612,24.03,0.09,USA,iHerb
2020-08-31,Green Tea Extract,Fat Burner,95,54.0,0.13,USA,iHerb
2020-09-07,Green Tea Extract,Fat Burner,628,28.84,0.22,USA,Amazon
2020-10-12,Green Tea Extract,Fat Burner,599,31.73,0.22,USA,iHerb
2020-11-02,Green Tea Extract,Fat Burner,568,25.85,0.07,USA,Amazon
2020-11-30,Green Tea Extract,Fat Burner,91,49.76,0.03,USA,Walmart
2020-12-21,Green Tea Extract,Fat Burner,116,47.94,0.03,USA,Walmart
2020-12-28,Green Tea Extract,Fat Burner,210,47.82,0.13,USA,Amazon
2021-01-11,Green Tea Extract,Fat Burner,1132,25.58,0.2,USA,Walmart
2021-01-18,Green Tea Extract,Fat Burner,1098,22.33,0.11,USA,Walmart
2021-01-25,Green Tea Extract,Fat Burner,188,51.19,0.16,USA,Amazon
2021-03-01,Green Tea Extract,Fat Burner,171,54.81,0.2,USA,Walmart
2021-03-29,Green Tea Extract,Fat Burner,1353,25.11,0.22,USA,iHerb
2021-05-17,Green Tea Extract,Fat Burner,549,31.58,0.06,USA,Amazon
2021-05-24,Green Tea Extract,Fat Burner,177,52.44,0.18,USA,iHerb
2021-07-05,Green Tea Extract,Fat Burner,1097,22.08,0.13,USA,Walmart
2021-07-19,Green Tea Extract,Fat Burner,1555,13.49,0.17,USA,Walmart
2021-09-13,Green Tea Extract,Fat Burner,495,26.36,0.06,USA,Walmart
2021-10-04,Green Tea Extract,Fat Burner,142,40.45,0.07,USA,Amazon
2021-10-11,Green Tea Extract,Fat Burner,107,49.55,0.13,USA,iHerb
2021-10-18,Green Tea Extract,Fat Burner,1005,18.0,0.1,USA,Amazon
2021-12-27,Green Tea Extract,Fat Burner,79,53.27,0.07,USA,Amazon
2022-02-21,Green Tea Extract,Fat Burner,215,40.48,0.03,USA,Walmart
2022-03-07,Green Tea Extract,Fat Burner,293,37.27,0.04,USA,Amazon
2022-03-14,Green Tea Extract,Fat Burner,513,30.14,0.09,USA,Amazon
2022-04-04,Green Tea Extract,Fat Burner,428,31.9,0.08,USA,iHerb
2022-04-11,Green Tea Extract,Fat Burner,2633,12.11,0.11,USA,Walmart
2022-04-25,Green Tea Extract,Fat Burner,2200,13.54,0.1,USA,iHerb
2022-05-09,Green Tea Extract,Fat Burner,406,40.7,0.13,USA,Walmart
2022-07-11,Green Tea Extract,Fat Burner,1473,20.8,0.22,USA,Amazon
2022-08-08,Green Tea Extract,Fat Burner,1461,15.71,0.14,USA,iHerb
2022-08-22,Green Tea Extract,Fat Burner,59,51.64,0.0,USA,Walmart
2022-09-12,Green Tea Extract,Fat Burner,1046,22.35,0.24,USA,Walmart
2022-09-26,Green Tea Extract,Fat Burner,619,27.3,0.17,USA,Walmart
2022-11-07,Green Tea Extract,Fat Burner,129,49.46,0.13,USA,Walmart
2022-11-21,Green Tea Extract,Fat Burner,990,26.76,0.25,USA,iHerb
2022-11-28,Green Tea Extract,Fat Burner,137,44.23,0.05,USA,Amazon
2022-12-05,Green Tea Extract,Fat Burner,834,27.86,0.22,USA,iHerb
2022-12-19,Green Tea Extract,Fat Burner,448,37.19,0.18,USA,Walmart
2023-03-13,Green Tea Extract,Fat Burner,424,31.19,0.0,USA,Amazon
2023-03-27,Green Tea Extract,Fat Burner,187,52.64,0.16,USA,iHerb
2023-04-10,Green Tea Extract,Fat Burner,2720,10.86,0.08,USA,Amazon
2023-04-24,Green Tea Extract,Fat Burner,152,43.69,0.01,USA,Walmart
2023-07-10,Green Tea Extract,Fat Burner,302,34.48,0.03,USA,iHerb
2023-07-17,Green Tea Extract,Fat Burner,302,35.75,0.12,USA,Amazon
2023-07-24,Green Tea Extract,Fat Burner,198,46.55,0.13,USA,iHerb
2023-09-11,Green Tea Extract,Fat Burner,686,20.42,0.07,USA,Amazon
2023-09-18,Green Tea Extract,Fat Burner,130,49.39,0.16,USA,iHerb
2023-10-02,Green Tea Extract,Fat Burner,145,48.9,0.11,USA,Amazon
2023-10-16,Green Tea Extract,Fat Burner,158,42.13,0.08,USA,iHerb
2023-11-13,Green Tea Extract,Fat Burner,621,35.03,0.24,USA,Walmart
2023-12-04,Green Tea Extract,Fat Burner,217,47.3,0.16,USA,Walmart
2024-01-29,Green Tea Extract,Fat Burner,492,31.6,0.08,USA,iHerb
2024-02-19,Green Tea Extract,Fat Burner,1241,19.51,0.11,USA,Amazon
2024-03-11,Green Tea Extract,Fat Burner,931,31.32,0.23,USA,Amazon
2024-03-25,Green Tea Extract,Fat Burner,1201,18.08,0.0,USA,Walmart
2024-04-15,Green Tea Extract,Fat Burner,1476,25.13,0.24,USA,Walmart
2024-04-29,Green Tea Extract,Fat Burner,801,31.44,0.19,USA,Amazon
2024-05-27,Green Tea Extract,Fat Burner,1910,11.12,0.01,USA,iHerb
2024-07-22,Green Tea Extract,Fat Burner,93,50.13,0.07,USA,iHerb
2024-08-05,Green Tea Extract,Fat Burner,523,31.66,0.23,USA,iHerb
2024-08-26,Green Tea Extract,Fat Burner,266,44.81,0.24,USA,iHerb
2024-09-02,Green Tea Extract,Fat Burner,347,39.36,0.24,USA,iHerb
2024-09-30,Green Tea Extract,Fat Burner,252,45.43,0.19,USA,Amazon
2024-10-07,Green Tea Extract,Fat Burner,47,52.18,0.02,USA,iHerb
2024-10-14,Green Tea Extract,Fat Burner,174,38.36,0.05,USA,iHerb
2024-10-28,Green Tea Extract,Fat Burner,1295,12.1,0.03,USA,Walmart
2024-11-25,Green Tea Extract,Fat Burner,60,55.72,0.06,USA,Walmart
2024-12-02,Green Tea Extract,Fat Burner,92,51.51,0.06,USA,Amazon
2024-12-16,Green Tea Extract,Fat Burner,156,51.37,0.19,USA,iHerb
2025-01-06,Green Tea Extract,Fat Burner,1090,22.94,0.19,USA,Walmart
2025-02-03,Green Tea Extract,Fat Burner,1229,23.79,0.13,USA,iHerb
2025-02-24,Green Tea Extract,Fat Burner,506,31.79,0.13,USA,Amazon
2025-03-03,Green Tea Extract,Fat Burner,241,48.14,0.16,USA,Walmart
2025-03-24,Green Tea Extract,Fat Burner,2053,13.36,0.01,USA,Amazon
2025-03-31,Green Tea Extract,Fat Burner,1682,20.4,0.12,USA,iHerb
