Supplement_Sales_Weekly.csv
Date,Product Name,Category,Units Sold,Price,Discount,Location,Platform
2020-01-13,Iron Supplement,Mineral,531,35.29,0.21,USA,Amazon
2020-01-27,Iron Supplement,Mineral,1963,13.38,0.18,USA,iHerb
2020-02-03,Iron Supplement,Mineral,347,37.99,0.13,USA,Amazon
2020-02-10,Iron Supplement,Mineral,66,53.64,0.03,USA,Walmart
2020-03-23,Iron Supplement,Mineral,2942,12.89,0.24,USA,Amazon
2020-04-06,Iron Supplement,Mineral,661,21.52,0.0,USA,Amazon
2020-04-20,Iron Supplement,Mineral,1440,20.13,0.15,USA,iHerb
2020-05-04,Iron Supplement,Mineral,249,36.63,0.03,USA,iHerb
2020-05-11,Iron Supplement,Mineral,173,55.41,0.19,USA,Walmart
2020-07-13,Iron Supplement,Mineral,195,37.41,0.04,USA,Amazon
2020-07-20,Iron Supplement,Mineral,234,47.67,0.22,USA,Amazon
2020-07-27,Iron Supplement,Mineral,992,17.57,0.12,USA,Amazon
2020-08-10,Iron Supplement,Mineral,565,21.23,0.0,USA,Amazon
2020-09-07,Iron Supplement,Mineral,1491,15.34,0.24,USA,Amazon
2020-09-28,Iron Supplement,Mineral,150,48.11,0.15,USA,iHerb
2020-11-09,Iron Supplement,Mineral,685,23.0,0.1,USA,Amazon
2020-11-23,Iron Supplement,Mineral,910,19.42,0.08,USA,Amazon
2020-12-28,Iron Supplement,Mineral,408,41.87,0.2,USA,Walmart
2021-01-11,Iron Supplement,Mineral,582,29.12,0.11,USA,iHerb
2021-01-18,Iron Supplement,Mineral,1048,23.99,0.14,USA,Walmart
2021-01-25,Iron Supplement,Mineral,241,36.41,0.03,USA,iHerb
2021-02-01,Iron Supplement,Mineral,264,44.85,0.14,USA,Amazon
2021-02-08,Iron Supplement,Mineral,196,54.93,0.22,USA,iHerb
2021-03-08,Iron Supplement,Mineral,171,56.74,0.21,USA,iHerb
2021-05-03,Iron Supplement,Mineral,2888,13.66,0.2,USA,Amazon
2021-05-17,Iron Supplement,Mineral,87,55.3,0.14,USA,Amazon
2021-07-19,Iron Supplement,Mineral,1014,23.5,0.19,USA,iHerb
2021-08-16,Iron Supplement,Mineral,271,40.76,0.21,USA,Walmart
2021-08-23,Iron Supplement,Mineral,121,46.25,0.11,USA,Amazon
2021-09-13,Iron Supplement,Mineral,332,32.69,0.13,USA,iHerb
2021-09-27,Iron Supplement,Mineral,460,31.62,0.21,USA,Walmart
2021-10-04,Iron Supplement,Mineral,1350,13.79,0.17,USA,Amazon
2021-10-11,Iron Supplement,Mineral,557,23.15,0.09,USA,Walmart
2021-10-18,Iron Supplement,Mineral,231,35.37,0.08,USA,iHerb
2021-11-22,Iron Supplement,Mineral,1196,15.13,0.15,USA,iHerb
2021-12-06,Iron Supplement,Mineral,303,31.39,0.02,USA,iHerb
2022-01-10,Iron Supplement,Mineral,590,35.45,0.22,USA,iHerb
2022-01-17,Iron Supplement,Mineral,189,48.82,0.15,USA,Amazon
2022-02-21,Iron Supplement,Mineral,587,36.46,0.22,USA,iHerb
2022-03-14,Iron Supplement,Mineral,71,57.02,0.07,USA,Walmart
2022-03-21,Iron Supplement,Mineral,124,49.07,0.04,USA,iHerb
2022-04-18,Iron Supplement,Mineral,1507,13.87,0.04,USA,iHerb
2022-05-09,Iron Supplement,Mineral,96,57.06,0.15,USA,Walmart
2022-05-30,Iron Supplement,Mineral,1089,21.32,0.12,USA,iHerb
2022-06-13,Iron Supplement,Mineral,55,57.03,0.05,USA,iHerb
2022-06-27,Iron Supplement,Mineral,448,37.14,0.2,USA,Amazon
2022-07-04,Iron Supplement,Mineral,262,45.64,0.22,USA,Amazon
2022-07-11,Iron Supplement,Mineral,183,40.79,0.07,USA,Amazon
2022-07-25,Iron Supplement,Mineral,124,43.41,0.05,USA,Amazon
2022-08-01,Iron Supplement,Mineral,2097,11.61,0.12,USA,Walmart
2022-08-15,Iron Supplement,Mineral,1006,14.19,0.04,USA,iHerb
2022-10-03,Iron Supplement,Mineral,904,20.21,0.14,USA,Amazon
2022-10-17,Iron Supplement,Mineral,256,35.57,0.16,USA,Amazon
2022-11-07,Iron Supplement,Mineral,285,37.73,0.2,USA,iHerb
2022-11-14,Iron Supplement,Mineral,117,48.3,0.11,USA,iHerb
2022-12-12,Iron Supplement,Mineral,104,50.52,0.11,USA,Amazon
2023-01-02,Iron Supplement,Mineral,417,29.19,0.03,USA,iHerb
2023-01-16,Iron Supplement,Mineral,345,42.06,0.23,USA,Walmart
2023-04-03,Iron Supplement,Mineral,1602,21.31,0.24,USA,Walmart
2023-05-01,Iron Supplement,Mineral,1585,17.99,0.1,USA,iHerb
2023-05-08,Iron Supplement,Mineral,152,52.27,0.12,USA,Walmart
2023-05-29,Iron Supplement,Mineral,104,57.64,0.17,USA,Amazon
2023-06-12,Iron Supplement,Mineral,1312,17.17,0.09,USA,iHerb
2023-07-17,Iron Supplement,Mineral,802,22.03,0.07,USA,Walmart
2023-07-24,Iron Supplement,Mineral,496,26.05,0.07,USA,Walmart
2023-07-31,Iron Supplement,Mineral,293,38.51,0.14,USA,iHerb
2023-08-07,Iron Supplement,Mineral,303,42.04,0.2,USA,Amazon
2023-08-14,Iron Supplement,Mineral,687,27.79,0.21,USA,Amazon
2023-09-18,Iron Supplement,Mineral,895,17.77,0.1,USA,Amazon
2023-10-02,Iron Supplement,Mineral,475,26.45,0.11,USA,Amazon
2023-11-06,Iron Supplement,Mineral,1237,11.15,0.09,USA,iHerb
2024-01-22,Iron Supplement,Mineral,229,48.77,0.23,USA,Walmart
2024-01-29,Iron Supplement,Mineral,220,36.53,0.03,USA,Walmart
2024-02-12,Iron Supplement,Mineral,137,49.31,0.1,USA,Walmart
2024-02-26,Iron Supplement,Mineral,257,40.28,0.06,USA,Walmart
2024-04-22,Iron Supplement,Mineral,826,21.84,0.08,USA,Amazon
2024-06-03,Iron Supplement,Mineral,153,56.01,0.22,USA,iHerb
2024-07-08,Iron Supplement,Mineral,213,42.58,0.15,USA,Walmart
2024-07-22,Iron Supplement,Mineral,245,49.86,0.24,USA,iHerb
2024-07-29,Iron Supplement,Mineral,110,42.66,0.04,USA,Walmart
2024-09-09,Iron Supplement,Mineral,149,42.09,0.08,USA,iHerb
2024-09-16,Iron Supplement,Mineral,504,22.26,0.06,USA,Walmart
2024-09-30,Iron Supplement,Mineral,74,48.01,0.06,USA,iHerb
2024-10-07,Iron Supplement,Mineral,197,45.48,0.19,USA,Walmart
2024-10-14,Iron Supplement,Mineral,566,26.72,0.16,USA,Amazon
2024-11-04,Iron Supplement,Mineral,205,37.77,0.07,USA,Walmart
2024-12-02,Iron Supplement,Mineral,277,30.11,0.01,USA,Walmart
2024-12-09,Iron Supplement,Mineral,62,52.02,0.05,USA,iHerb
2024-12-30,Iron Supplement,Mineral,169,44.28,0.12,USA,iHerb
2025-01-13,Iron Supplement,Mineral,211,37.17,0.02,USA,Amazon
2025-01-20,Iron Supplement,Mineral,158,42.73,0.02,USA,iHerb
2025-01-27,Iron Supplement,Mineral,326,41.66,0.16,USA,iHerb
2025-02-03,Iron Supplement,Mineral,143,56.83,0.2,USA,iHerb
2025-02-24,Iron Supplement,Mineral,2371,11.46,0.11,USA,iHerb
2025-03-24,Iron Supplement,Mineral,211,53.89,0.2,USA,Amazon
2020-01-20,Whey Protein,Protein,189,41.81,0.19,USA,Walmart
2020-03-09,Whey Protein,Protein,302,34.17,0.22,USA,Walmart
2020-04-20,Whey Protein,Protein,86,43.7,0.01,USA,Walmart
2020-04-27,Whey Protein,Protein,462,29.95,0.21,USA,Amazon
2020-05-18,Whey Protein,Protein,422,23.55,0.05,USA,iHerb
2020-06-01,Whey Protein,Protein,349,26.31,0.07,USA,iHerb
2020-08-31,Whey Protein,Protein,268,26.58,0.13,USA,Walmart
2020-09-14,Whey Protein,Protein,403,16.19,0.02,USA,Amazon
2020-10-05,Whey Protein,Protein,488,19.88,0.2,USA,iHerb
2020-10-12,Whey Protein,Protein,23,58.18,0.09,USA,Walmart
2020-12-07,Whey Protein,Protein,716,18.33,0.25,USA,Walmart
2020-12-28,Whey Protein,Protein,170,34.6,0.14,USA,Amazon
2021-01-11,Whey Protein,Protein,249,38.93,0.23,USA,iHerb
2021-02-15,Whey Protein,Protein,396,22.56,0.08,USA,Walmart
2021-03-15,Whey Protein,Protein,392,22.0,0.02,USA,Amazon
2021-04-12,Whey Protein,Protein,791,13.4,0.05,USA,iHerb
2021-04-26,Whey Protein,Protein,954,15.47,0.1,USA,Amazon
2021-05-10,Whey Protein,Protein,284,27.88,0.07,USA,Walmart
2021-06-14,Whey Protein,Protein,159,44.15,0.17,USA,Amazon
2021-08-30,Whey Protein,Protein,364,14.19,0.01,USA,Walmart
2021-10-04,Whey Protein,Protein,995,10.05,0.18,USA,iHerb
2021-10-18,Whey Protein,Protein,118,42.68,0.19,USA,Walmart
2021-10-25,Whey Protein,Protein,28,58.36,0.11,USA,Walmart
2021-11-01,Whey Protein,Protein,343,18.78,0.11,USA,Walmart
2021-11-08,Whey Protein,Protein,46,53.15,0.12,USA,Walmart
2021-11-29,Whey Protein,Protein,236,34.65,0.21,USA,iHerb
2022-01-17,Whey Protein,Protein,96,47.83,0.15,USA,Amazon
2022-02-21,Whey Protein,Protein,169,43.14,0.17,USA,iHerb
2022-04-11,Whey Protein,Protein,105,50.51,0.21,USA,Amazon
2022-04-18,Whey Protein,Protein,691,25.71,0.24,USA,Amazon
2022-06-06,Whey Protein,Protein,339,20.88,0.03,USA,iHerb
2022-06-27,Whey Protein,Protein,91,43.09,0.14,USA,iHerb
2022-07-04,Whey Protein,Protein,53,51.19,0.12,USA,Amazon
2022-08-08,Whey Protein,Protein,242,30.59,0.18,USA,iHerb
2022-08-22,Whey Protein,Protein,565,13.19,0.08,USA,iHerb
2022-08-29,Whey Protein,Protein,95,33.56,0.01,USA,iHerb
2022-09-12,Whey Protein,Protein,116,40.64,0.17,USA,Walmart
2022-10-17,Whey Protein,Protein,82,37.28,0.04,USA,Walmart
2022-10-24,Whey Protein,Protein,100,47.83,0.21,USA,Amazon
2022-11-14,Whey Protein,Protein,27,57.55,0.13,USA,Amazon
2022-11-21,Whey Protein,Protein,33,56.62,0.16,USA,Walmart
2022-12-05,Whey Protein,Protein,819,15.43,0.2,USA,Amazon
2022-12-26,Whey Protein,Protein,42,56.79,0.11,USA,Walmart
2023-01-09,Whey Protein,Protein,200,32.85,0.1,USA,Amazon
2023-01-16,Whey Protein,Protein,273,26.34,0.07,USA,Walmart
2023-01-23,Whey Protein,Protein,93,41.83,0.07,USA,iHerb
2023-02-27,Whey Protein,Protein,27,56.5,0.03,USA,Walmart
2023-03-13,Whey Protein,Protein,988,17.9,0.23,USA,Amazon
2023-04-24,Whey Protein,Protein,429,22.57,0.08,USA,Walmart
2023-05-01,Whey Protein,Protein,48,50.78,0.04,USA,iHerb
2023-05-22,Whey Protein,Protein,49,49.73,0.05,USA,Walmart
2023-05-29,Whey Protein,Protein,181,39.62,0.17,USA,iHerb
2023-06-19,Whey Protein,Protein,45,49.72,0.06,USA,Amazon
2023-07-17,Whey Protein,Protein,497,24.78,0.24,USA,Amazon
2023-07-31,Whey Protein,Protein,69,49.12,0.18,USA,Walmart
2023-08-07,Whey Protein,Protein,215,39.56,0.24,USA,Walmart
2023-08-28,Whey Protein,Protein,189,29.71,0.08,USA,Walmart
2023-09-11,Whey Protein,Protein,81,35.3,0.02,USA,iHerb
2023-11-06,Whey Protein,Protein,132,46.82,0.24,USA,Amazon
2023-11-20,Whey Protein,Protein,168,30.6,0.04,USA,iHerb
2024-01-08,Whey Protein,Protein,58,52.31,0.11,USA,iHerb
2024-01-22,Whey Protein,Protein,240,30.68,0.09,USA,iHerb
2024-02-05,Whey Protein,Protein,213,38.98,0.18,USA,Walmart
2024-02-12,Whey Protein,Protein,285,34.1,0.18,USA,iHerb
2024-02-26,Whey Protein,Protein,22,59.44,0.02,USA,iHerb
2024-03-11,Whey Protein,Protein,353,37.56,0.24,USA,Walmart
2024-03-18,Whey Protein,Protein,403,30.3,0.2,USA,Walmart
2024-04-01,Whey Protein,Protein,337,27.26,0.09,USA,Amazon
2024-04-29,Whey Protein,Protein,197,41.69,0.18,USA,Walmart
2024-05-06,Whey Protein,Protein,545,19.82,0.08,USA,Walmart
2024-06-24,Whey Protein,Protein,49,49.65,0.08,USA,Walmart
2024-07-22,Whey Protein,Protein,188,38.07,0.21,USA,iHerb
2024-08-26,Whey Protein,Protein,531,13.07,0.06,USA,Amazon
2024-09-09,Whey Protein,Protein,68,42.82,0.1,USA,Amazon
2024-10-21,Whey Protein,Protein,241,29.99,0.19,USA,Walmart
2024-11-11,Whey Protein,Protein,93,41.55,0.1,USA,Amazon
2024-11-18,Whey Protein,Protein,87,52.7,0.24,USA,iHerb
2024-12-16,Whey Protein,Protein,426,21.8,0.07,USA,iHerb
2024-12-23,Whey Protein,Protein,94,52.01,0.21,USA,Amazon
2025-02-17,Whey Protein,Protein,394,25.28,0.06,USA,Walmart
2025-02-24,Whey Protein,Protein,146,34.73,0.03,USA,Walmart
2020-01-20,Pre-Workout,Performance,74,48.05,0.01,USA,iHerb
2020-01-27,Pre-Workout,Performance,462,31.84,0.18,USA,iHerb
2020-02-10,Pre-Workout,Performance,814,27.62,0.21,USA,iHerb
2020-02-17,Pre-Workout,Performance,344,43.46,0.21,USA,Walmart
2020-03-02,Pre-Workout,Performance,151,47.81,0.11,USA,Walmart
2020-03-16,Pre-Workout,Performance,183,51.13,0.2,USA,Walmart
2020-03-30,Pre-Workout,Performance,1537,16.71,0.24,USA,Amazon
2020-04-13,Pre-Workout,Performance,748,23.27,0.15,USA,Amazon
2020-04-20,Pre-Workout,Performance,292,43.57,0.16,USA,Walmart
2020-06-01,Pre-Workout,Performance,221,39.03,0.13,USA,Amazon
2020-06-22,Pre-Workout,Performance,1105,18.63,0.14,USA,Walmart
2020-06-29,Pre-Workout,Performance,355,35.12,0.18,USA,iHerb
2020-08-24,Pre-Workout,Performance,27,53.99,0.01,USA,iHerb
2020-10-19,Pre-Workout,Performance,123,45.86,0.15,USA,iHerb
2020-12-07,Pre-Workout,Performance,50,59.81,0.12,USA,Amazon
2020-12-21,Pre-Workout,Performance,123,42.41,0.04,USA,Walmart
2021-01-25,Pre-Workout,Performance,137,48.1,0.13,USA,Amazon
2021-03-08,Pre-Workout,Performance,467,26.03,0.02,USA,iHerb
2021-05-03,Pre-Workout,Performance,51,59.87,0.07,USA,Walmart
2021-05-31,Pre-Workout,Performance,141,51.09,0.19,USA,Amazon
2021-06-28,Pre-Workout,Performance,427,36.03,0.19,USA,Amazon
2021-07-12,Pre-Workout,Performance,323,38.25,0.21,USA,iHerb
2021-07-19,Pre-Workout,Performance,30,55.48,0.0,USA,iHerb
2021-08-16,Pre-Workout,Performance,31,55.85,0.03,USA,iHerb
2021-08-30,Pre-Workout,Performance,556,28.19,0.21,USA,iHerb
2021-09-27,Pre-Workout,Performance,102,44.77,0.1,USA,Walmart
2021-10-04,Pre-Workout,Performance,54,44.18,0.0,USA,Amazon
2021-10-11,Pre-Workout,Performance,425,27.4,0.12,USA,Amazon
2021-10-18,Pre-Workout,Performance,280,29.32,0.08,USA,iHerb
2021-11-15,Pre-Workout,Performance,266,34.21,0.14,USA,Walmart
2021-12-20,Pre-Workout,Performance,534,21.87,0.07,USA,Amazon
2022-01-03,Pre-Workout,Performance,259,36.49,0.08,USA,Walmart
2022-03-14,Pre-Workout,Performance,629,34.79,0.23,USA,iHerb
2022-04-04,Pre-Workout,Performance,211,48.61,0.23,USA,Walmart
2022-05-02,Pre-Workout,Performance,106,50.54,0.11,USA,Walmart
2022-05-23,Pre-Workout,Performance,355,30.98,0.05,USA,Amazon
2022-06-06,Pre-Workout,Performance,326,29.67,0.02,USA,Amazon
2022-06-13,Pre-Workout,Performance,88,58.37,0.2,USA,Amazon
2022-06-27,Pre-Workout,Performance,129,41.42,0.04,USA,Walmart
2022-07-04,Pre-Workout,Performance,1103,17.34,0.14,USA,Amazon
2022-08-01,Pre-Workout,Performance,271,36.88,0.15,USA,Walmart
2022-09-05,Pre-Workout,Performance,447,25.73,0.12,USA,Walmart
2022-09-19,Pre-Workout,Performance,45,59.64,0.17,USA,Amazon
2022-10-17,Pre-Workout,Performance,510,31.01,0.24,USA,iHerb
2022-10-24,Pre-Workout,Performance,109,56.61,0.22,USA,Walmart
2022-12-05,Pre-Workout,Performance,128,50.36,0.16,USA,Walmart
2023-01-09,Pre-Workout,Performance,44,55.17,0.0,USA,Walmart
2023-01-16,Pre-Workout,Performance,226,41.84,0.13,USA,Walmart
2023-01-30,Pre-Workout,Performance,106,53.08,0.11,USA,iHerb
2023-03-06,Pre-Workout,Performance,1568,19.99,0.2,USA,Walmart
2023-03-13,Pre-Workout,Performance,687,32.97,0.23,USA,Amazon
2023-03-20,Pre-Workout,Performance,169,36.89,0.01,USA,Walmart
2023-03-27,Pre-Workout,Performance,451,38.35,0.19,USA,iHerb
2023-05-15,Pre-Workout,Performance,1916,14.2,0.22,USA,iHerb
2023-06-05,Pre-Workout,Performance,455,28.26,0.12,USA,iHerb
2023-06-12,Pre-Workout,Performance,81,49.47,0.08,USA,Amazon
2023-07-03,Pre-Workout,Performance,355,35.79,0.19,USA,iHerb
2023-07-24,Pre-Workout,Performance,147,42.16,0.1,USA,iHerb
2023-08-14,Pre-Workout,Performance,402,29.61,0.18,USA,Amazon
2023-09-04,Pre-Workout,Performance,1918,11.54,0.23,USA,Walmart
2023-09-11,Pre-Workout,Performance,214,34.75,0.11,USA,Walmart
2023-09-18,Pre-Workout,Performance,397,28.4,0.17,USA,Walmart
2023-09-25,Pre-Workout,Performance,916,18.54,0.22,USA,iHerb
2023-10-23,Pre-Workout,Performance,112,51.36,0.21,USA,Walmart
2023-11-13,Pre-Workout,Performance,448,27.81,0.12,USA,iHerb
2023-12-04,Pre-Workout,Performance,939,16.45,0.06,USA,iHerb
2023-12-11,Pre-Workout,Performance,67,57.66,0.15,USA,iHerb
2024-01-08,Pre-Workout,Performance,717,18.21,0.02,USA,Walmart
2024-02-12,Pre-Workout,Performance,821,17.45,0.01,USA,Amazon
2024-02-19,Pre-Workout,Performance,245,42.6,0.11,USA,Amazon
2024-03-18,Pre-Workout,Performance,1001,19.58,0.07,USA,Walmart
2024-04-08,Pre-Workout,Performance,267,52.26,0.25,USA,Amazon
2024-05-27,Pre-Workout,Performance,1066,14.76,0.06,USA,Amazon
2024-06-10,Pre-Workout,Performance,181,46.01,0.16,USA,Walmart
2024-06-17,Pre-Workout,Performance,226,45.41,0.2,USA,Walmart
2024-08-19,Pre-Workout,Performance,39,52.07,0.01,USA,iHerb
2024-08-26,Pre-Workout,Performance,53,58.81,0.16,USA,Walmart
2024-09-09,Pre-Workout,Performance,861,21.77,0.25,USA,iHerb
2024-10-21,Pre-Workout,Performance,454,33.22,0.23,USA,iHerb
2024-10-28,Pre-Workout,Performance,103,46.95,0.12,USA,Walmart
2024-11-18,Pre-Workout,Performance,994,13.23,0.16,USA,iHerb
2024-11-25,Pre-Workout,Performance,1033,14.79,0.12,USA,iHerb
2024-12-30,Pre-Workout,Performance,130,54.29,0.2,USA,iHerb
2025-01-06,Pre-Workout,Performance,1014,17.26,0.11,USA,iHerb
2025-02-24,Pre-Workout,Performance,607,26.89,0.11,USA,Amazon
2025-03-24,Pre-Workout,Performance,632,21.41,0.06,USA,Walmart
