Supplement_Sales_Weekly.csv
Date,Product Name,Category,Units Sold,Price,Discount,Location,Platform
2020-01-20,Collagen Peptides,Protein,200,39.41,0.12,UK,Walmart
2020-02-03,Collagen Peptides,Protein,87,49.9,0.1,UK,Amazon
2020-02-10,Collagen Peptides,Protein,96,53.56,0.19,UK,Walmart
2020-03-02,Collagen Peptides,Protein,167,48.1,0.21,UK,Amazon
2020-03-09,Collagen Peptides,Protein,1034,20.54,0.24,UK,Amazon
2020-04-27,Collagen Peptides,Protein,160,47.14,0.18,UK,iHerb
2020-05-04,Collagen Peptides,Protein,580,18.26,0.0,UK,iHerb
2020-05-18,Collagen Peptides,Protein,1618,11.95,0.17,UK,iHerb
2020-05-25,Collagen Peptides,Protein,856,17.68,0.14,UK,Amazon
2020-06-01,Collagen Peptides,Protein,147,52.01,0.25,UK,iHerb
2020-07-13,Collagen Peptides,Protein,192,39.71,0.15,UK,Walmart
2020-08-31,Collagen Peptides,Protein,123,43.55,0.17,UK,Walmart
2020-10-12,Collagen Peptides,Protein,22,54.26,0.02,UK,iHerb
2020-11-09,Collagen Peptides,Protein,65,51.72,0.14,UK,iHerb
2020-11-30,Collagen Peptides,Protein,304,22.64,0.02,UK,Amazon
2020-12-14,Collagen Peptides,Protein,73,44.24,0.05,UK,Walmart
2021-01-04,Collagen Peptides,Protein,618,16.78,0.04,UK,iHerb
2021-02-22,Collagen Peptides,Protein,265,35.16,0.08,UK,Walmart
2021-03-15,Collagen Peptides,Protein,261,39.29,0.15,UK,Walmart
2021-04-26,Collagen Peptides,Protein,829,14.23,0.03,UK,Amazon
2021-05-03,Collagen Peptides,Protein,1119,17.86,0.17,UK,Amazon
2021-05-17,Collagen Peptides,Protein,714,27.1,0.23,UK,Walmart
2021-06-07,Collagen Peptides,Protein,576,27.32,0.24,UK,Walmart
2021-07-12,Collagen Peptides,Protein,315,24.75,0.0,UK,Walmart
2021-08-16,Collagen Peptides,Protein,33,59.02,0.12,UK,Walmart
2021-10-11,Collagen Peptides,Protein,243,28.96,0.09,UK,Walmart
2021-11-15,Collagen Peptides,Protein,314,26.24,0.07,UK,Amazon
2021-11-29,Collagen Peptides,Protein,194,34.91,0.11,UK,iHerb
2021-12-06,Collagen Peptides,Protein,1289,12.02,0.1,UK,Amazon
2021-12-13,Collagen Peptides,Protein,916,17.1,0.18,UK,Walmart
2021-12-27,Collagen Peptides,Protein,284,36.71,0.17,UK,iHerb
2022-01-10,Collagen Peptides,Protein,57,49.93,0.06,UK,Amazon
2022-01-31,Collagen Peptides,Protein,523,21.17,0.02,UK,iHerb
2022-02-14,Collagen Peptides,Protein,55,56.41,0.13,UK,iHerb
2022-02-21,Collagen Peptides,Protein,132,55.08,0.23,UK,Walmart
2022-03-07,Collagen Peptides,Protein,39,56.65,0.06,UK,iHerb
2022-04-11,Collagen Peptides,Protein,856,18.86,0.09,UK,Amazon
2022-05-09,Collagen Peptides,Protein,468,28.84,0.16,UK,Walmart
2022-06-20,Collagen Peptides,Protein,99,39.14,0.01,UK,Walmart
2022-06-27,Collagen Peptides,Protein,214,42.83,0.21,UK,iHerb
2022-07-04,Collagen Peptides,Protein,78,52.7,0.14,UK,Amazon
2022-07-11,Collagen Peptides,Protein,472,31.32,0.23,UK,Walmart
2022-07-18,Collagen Peptides,Protein,208,38.28,0.16,UK,iHerb
2022-07-25,Collagen Peptides,Protein,465,20.24,0.08,UK,Amazon
2022-08-29,Collagen Peptides,Protein,824,12.32,0.14,UK,Walmart
2022-09-05,Collagen Peptides,Protein,122,37.75,0.06,UK,Amazon
2022-09-12,Collagen Peptides,Protein,57,52.18,0.13,UK,Walmart
2022-09-26,Collagen Peptides,Protein,18,59.25,0.02,UK,iHerb
2022-10-03,Collagen Peptides,Protein,1128,13.51,0.25,UK,Walmart
2022-10-24,Collagen Peptides,Protein,738,17.68,0.19,UK,Amazon
2022-11-07,Collagen Peptides,Protein,260,25.23,0.01,UK,iHerb
2022-12-05,Collagen Peptides,Protein,131,36.68,0.03,UK,iHerb
2022-12-12,Collagen Peptides,Protein,64,58.27,0.2,UK,Walmart
2022-12-19,Collagen Peptides,Protein,518,30.99,0.22,UK,Amazon
2023-01-02,Collagen Peptides,Protein,98,53.52,0.19,UK,Amazon
2023-01-16,Collagen Peptides,Protein,129,53.29,0.23,UK,iHerb
2023-01-23,Collagen Peptides,Protein,92,42.69,0.02,UK,Walmart
2023-02-13,Collagen Peptides,Protein,122,55.94,0.22,UK,Walmart
2023-03-06,Collagen Peptides,Protein,264,40.41,0.18,UK,iHerb
2023-05-15,Collagen Peptides,Protein,832,17.44,0.14,UK,Amazon
2023-06-12,Collagen Peptides,Protein,322,38.54,0.23,UK,Walmart
2023-07-17,Collagen Peptides,Protein,143,31.09,0.0,UK,Amazon
2023-07-31,Collagen Peptides,Protein,870,10.82,0.04,UK,Walmart
2023-08-14,Collagen Peptides,Protein,80,40.35,0.03,UK,Amazon
2023-08-28,Collagen Peptides,Protein,74,46.93,0.12,UK,iHerb
2023-10-16,Collagen Peptides,Protein,510,16.76,0.08,UK,iHerb
2023-10-23,Collagen Peptides,Protein,812,19.58,0.24,UK,Walmart
2023-11-13,Collagen Peptides,Protein,50,44.13,0.01,UK,Walmart
2024-01-08,Collagen Peptides,Protein,130,40.29,0.07,UK,iHerb
2024-03-04,Collagen Peptides,Protein,45,52.73,0.02,UK,iHerb
2024-04-22,Collagen Peptides,Protein,126,51.64,0.17,UK,iHerb
2024-05-13,Collagen Peptides,Protein,63,49.16,0.02,UK,Amazon
2024-05-27,Collagen Peptides,Protein,81,57.39,0.2,UK,iHerb
2024-06-24,Collagen Peptides,Protein,176,34.47,0.0,UK,Walmart
2024-07-01,Collagen Peptides,Protein,687,24.64,0.25,UK,iHerb
2024-07-15,Collagen Peptides,Protein,111,39.31,0.06,UK,iHerb
2024-07-29,Collagen Peptides,Protein,44,52.41,0.08,UK,iHerb
2024-08-26,Collagen Peptides,Protein,1206,11.18,0.23,UK,Amazon
2024-09-09,Collagen Peptides,Protein,105,35.37,0.01,UK,iHerb
2024-09-16,Collagen Peptides,Protein,386,31.37,0.23,UK,Amazon
2024-10-07,Collagen Peptides,Protein,70,41.69,0.05,UK,Walmart
2024-11-11,Collagen Peptides,Protein,695,17.75,0.14,UK,Walmart
2024-12-30,Collagen Peptides,Protein,47,59.48,0.13,UK,Walmart
2025-01-27,Collagen Peptides,Protein,99,47.34,0.1,UK,iHerb
2025-03-17,Collagen Peptides,Protein,1101,17.22,0.15,UK,Amazon
2020-01-20,Ashwagandha,Herbal,988,23.49,0.21,Canada,iHerb
2020-01-27,Ashwagandha,Herbal,336,30.94,0.07,Canada,Amazon
2020-03-09,Ashwagandha,Herbal,253,47.67,0.19,Canada,iHerb
2020-03-16,Ashwagandha,Herbal,217,49.45,0.22,Canada,iHerb
2020-04-06,Ashwagandha,Herbal,952,26.61,0.17,Canada,Amazon
2020-04-13,Ashwagandha,Herbal,146,49.31,0.18,Canada,iHerb
2020-04-20,Ashwagandha,Herbal,2063,13.78,0.24,Canada,Amazon
2020-05-11,Ashwagandha,Herbal,1009,20.88,0.17,Canada,Amazon
2020-05-18,Ashwagandha,Herbal,932,22.45,0.14,Canada,Walmart
2020-06-01,Ashwagandha,Herbal,776,28.07,0.21,Canada,Amazon
2020-06-08,Ashwagandha,Herbal,1075,12.51,0.01,Canada,Amazon
2020-06-22,Ashwagandha,Herbal,65,52.05,0.06,Canada,iHerb
2020-07-13,Ashwagandha,Herbal,229,41.27,0.19,Canada,iHerb
2020-08-31,Ashwagandha,Herbal,393,23.53,0.06,Canada,iHerb
2020-09-14,Ashwagandha,Herbal,30,59.06,0.1,Canada,Amazon
2020-10-12,Ashwagandha,Herbal,38,56.91,0.07,Canada,Amazon
2021-02-01,Ashwagandha,Herbal,229,34.74,0.02,Canada,Walmart
2021-03-29,Ashwagandha,Herbal,841,22.64,0.1,Canada,Walmart
2021-04-05,Ashwagandha,Herbal,1425,15.31,0.12,Canada,Amazon
2021-06-14,Ashwagandha,Herbal,603,29.81,0.24,Canada,Walmart
2021-07-05,Ashwagandha,Herbal,105,40.3,0.02,Canada,Walmart
2021-07-12,Ashwagandha,Herbal,222,42.68,0.24,Canada,Walmart
2021-07-19,Ashwagandha,Herbal,976,18.53,0.22,Canada,Amazon
2021-08-09,Ashwagandha,Herbal,155,39.31,0.09,Canada,Amazon
2021-08-23,Ashwagandha,Herbal,157,41.87,0.14,Canada,Walmart
2021-08-30,Ashwagandha,Herbal,176,35.22,0.12,Canada,iHerb
2021-09-13,Ashwagandha,Herbal,498,26.74,0.17,Canada,Amazon
2021-09-20,Ashwagandha,Herbal,116,40.81,0.11,Canada,Amazon
2021-10-18,Ashwagandha,Herbal,153,42.08,0.2,Canada,iHerb
2021-12-20,Ashwagandha,Herbal,148,52.65,0.24,Canada,iHerb
2021-12-27,Ashwagandha,Herbal,175,47.42,0.19,Canada,iHerb
2022-01-10,Ashwagandha,Herbal,727,19.22,0.11,Canada,iHerb
2022-01-17,Ashwagandha,Herbal,73,46.12,0.02,Canada,Walmart
2022-01-31,Ashwagandha,Herbal,280,34.27,0.09,Canada,Amazon
2022-02-14,Ashwagandha,Herbal,516,32.4,0.21,Canada,Amazon
2022-02-21,Ashwagandha,Herbal,60,51.83,0.06,Canada,Walmart
2022-03-14,Ashwagandha,Herbal,1395,20.62,0.21,Canada,iHerb
2022-04-04,Ashwagandha,Herbal,1423,19.63,0.19,Canada,iHerb
2022-06-27,Ashwagandha,Herbal,111,48.08,0.14,Canada,Amazon
2022-07-04,Ashwagandha,Herbal,552,21.25,0.1,Canada,iHerb
2022-07-11,Ashwagandha,Herbal,206,36.69,0.08,Canada,Walmart
2022-08-01,Ashwagandha,Herbal,1299,13.63,0.14,Canada,iHerb
2022-08-15,Ashwagandha,Herbal,511,22.87,0.1,Canada,Walmart
2022-10-17,Ashwagandha,Herbal,123,42.3,0.09,Canada,Walmart
2022-11-07,Ashwagandha,Herbal,264,28.3,0.08,Canada,iHerb
2022-11-14,Ashwagandha,Herbal,370,29.53,0.13,Canada,iHerb
2022-11-28,Ashwagandha,Herbal,115,47.9,0.15,Canada,Amazon
2022-12-05,Ashwagandha,Herbal,96,55.78,0.21,Canada,Amazon
2022-12-12,Ashwagandha,Herbal,193,35.06,0.06,Canada,Amazon
2023-01-02,Ashwagandha,Herbal,1310,10.84,0.04,Canada,Walmart
2023-02-27,Ashwagandha,Herbal,97,55.89,0.17,Canada,Walmart
2023-03-13,Ashwagandha,Herbal,45,56.7,0.04,Canada,Walmart
2023-04-17,Ashwagandha,Herbal,915,27.47,0.21,Canada,Walmart
2023-05-08,Ashwagandha,Herbal,739,31.16,0.23,Canada,iHerb
2023-06-12,Ashwagandha,Herbal,566,33.47,0.23,Canada,iHerb
2023-07-03,Ashwagandha,Herbal,1030,18.47,0.2,Canada,Amazon
2023-07-17,Ashwagandha,Herbal,630,28.0,0.22,Canada,iHerb
2023-07-24,Ashwagandha,Herbal,120,37.67,0.02,Canada,iHerb
2023-08-14,Ashwagandha,Herbal,1131,15.73,0.18,Canada,Walmart
2023-09-18,Ashwagandha,Herbal,523,18.61,0.02,Canada,Walmart
2023-09-25,Ashwagandha,Herbal,351,28.19,0.11,Canada,Amazon
2023-12-18,Ashwagandha,Herbal,154,45.38,0.13,Canada,Amazon
2024-01-01,Ashwagandha,Herbal,977,15.23,0.05,Canada,Walmart
2024-02-26,Ashwagandha,Herbal,287,41.09,0.2,Canada,Amazon
2024-03-04,Ashwagandha,Herbal,400,36.88,0.21,Canada,iHerb
2024-04-08,Ashwagandha,Herbal,2441,11.91,0.22,Canada,Walmart
2024-04-15,Ashwagandha,Herbal,474,33.89,0.2,Canada,iHerb
2024-05-20,Ashwagandha,Herbal,87,44.49,0.0,Canada,Amazon
2024-06-03,Ashwagandha,Herbal,1177,14.72,0.13,Canada,Walmart
2024-07-22,Ashwagandha,Herbal,263,42.23,0.23,Canada,Walmart
2024-07-29,Ashwagandha,Herbal,283,34.58,0.13,Canada,Walmart
2024-08-05,Ashwagandha,Herbal,436,21.23,0.01,Canada,Amazon
2024-09-30,Ashwagandha,Herbal,99,46.45,0.16,Canada,Walmart
2024-10-07,Ashwagandha,Herbal,438,20.74,0.07,Canada,Amazon
2024-10-14,Ashwagandha,Herbal,171,45.23,0.21,Canada,Amazon
2024-11-11,Ashwagandha,Herbal,26,56.03,0.02,Canada,Walmart
2024-12-02,Ashwagandha,Herbal,810,17.08,0.11,Canada,iHerb
2024-12-23,Ashwagandha,Herbal,247,40.34,0.16,Canada,Walmart
2025-03-31,Ashwagandha,Herbal,140,58.08,0.24,Canada,Amazon
2020-01-20,Melatonin,Sleep Aid,982,26.71,0.2,Canada,iHerb
2020-02-03,Melatonin,Sleep Aid,156,40.76,0.02,Canada,iHerb
2020-02-10,Melatonin,Sleep Aid,1423,15.54,0.11,Canada,Amazon
2020-02-24,Melatonin,Sleep Aid,569,31.5,0.17,Canada,iHerb
2020-03-02,Melatonin,Sleep Aid,980,30.09,0.25,Canada,Amazon
2020-03-16,Melatonin,Sleep Aid,46,58.2,0.02,Canada,Amazon
2020-03-23,Melatonin,Sleep Aid,129,58.71,0.21,Canada,iHerb
2020-04-13,Melatonin,Sleep Aid,133,50.86,0.14,Canada,Walmart
2020-04-27,Melatonin,Sleep Aid,1278,22.42,0.18,Canada,Walmart
2020-05-04,Melatonin,Sleep Aid,1868,12.89,0.1,Canada,iHerb
2020-05-11,Melatonin,Sleep Aid,2506,13.32,0.19,Canada,iHerb
2020-06-01,Melatonin,Sleep Aid,92,48.12,0.03,Canada,iHerb
2020-07-06,Melatonin,Sleep Aid,801,,0.04,Canada,Walmart
2020-07-13,Melatonin,Sleep Aid,343,40.3,0.21,Canada,Amazon
2020-07-27,Melatonin,Sleep Aid,339,42.91,0.25,Canada,iHerb
2020-08-03,Melatonin,Sleep Aid,1502,12.42,0.21,Canada,Amazon
2020-08-17,Melatonin,Sleep Aid,40,54.83,0.05,Canada,Walmart
2020-09-07,Melatonin,Sleep Aid,42,51.38,0.0,Canada,Walmart
2020-10-05,Melatonin,Sleep Aid,973,15.33,0.09,Canada,Amazon
2020-10-12,Melatonin,Sleep Aid,36,56.47,0.05,Canada,iHerb
2020-10-26,Melatonin,Sleep Aid,58,59.51,0.15,Canada,iHerb
2020-11-09,Melatonin,Sleep Aid,778,15.22,0.04,Canada,iHerb
2020-11-16,Melatonin,Sleep Aid,503,19.62,0.03,Canada,Amazon
2020-11-30,Melatonin,Sleep Aid,989,15.37,0.0,Canada,Walmart
2020-12-14,Melatonin,Sleep Aid,1457,17.98,0.2,Canada,iHerb
2020-12-21,Melatonin,Sleep Aid,943,21.78,0.18,Canada,Amazon
2021-01-18,Melatonin,Sleep Aid,50,55.61,0.05,Canada,Amazon
2021-02-22,Melatonin,Sleep Aid,224,36.34,0.01,Canada,iHerb
2021-03-15,Melatonin,Sleep Aid,2212,11.02,0.05,Canada,Amazon
2021-03-22,Melatonin,Sleep Aid,611,33.04,0.17,Canada,iHerb
2021-04-05,Melatonin,Sleep Aid,174,41.97,0.03,Canada,iHerb
2021-04-12,Melatonin,Sleep Aid,1809,14.46,0.11,Canada,Walmart
2021-04-19,Melatonin,Sleep Aid,602,28.41,0.09,Canada,iHerb
2021-05-03,Melatonin,Sleep Aid,151,41.17,0.01,Canada,Amazon
2021-05-10,Melatonin,Sleep Aid,84,59.28,0.14,Canada,iHerb
2021-05-24,Melatonin,Sleep Aid,68,51.13,0.05,Canada,iHerb
2021-06-07,Melatonin,Sleep Aid,453,29.88,0.08,Canada,iHerb
2021-07-19,Melatonin,Sleep Aid,400,37.1,0.23,Canada,iHerb
2021-09-13,Melatonin,Sleep Aid,66,55.74,0.12,Canada,Walmart
2021-09-27,Melatonin,Sleep Aid,1055,15.52,0.12,Canada,iHerb
2021-10-04,Melatonin,Sleep Aid,531,31.38,0.24,Canada,iHerb
2021-10-18,Melatonin,Sleep Aid,1199,11.96,0.08,Canada,Walmart
2021-10-25,Melatonin,Sleep Aid,204,44.4,0.2,Canada,Amazon
2021-11-01,Melatonin,Sleep Aid,379,36.83,0.19,Canada,Walmart
2021-11-22,Melatonin,Sleep Aid,108,46.04,0.06,Canada,iHerb
2021-12-20,Melatonin,Sleep Aid,202,43.85,0.12,Canada,Walmart
2022-01-17,Melatonin,Sleep Aid,899,26.95,0.2,Canada,Walmart
2022-02-21,Melatonin,Sleep Aid,321,32.06,0.02,Canada,Amazon
2022-03-07,Melatonin,Sleep Aid,320,34.07,0.01,Canada,Amazon
2022-03-28,Melatonin,Sleep Aid,121,46.36,0.07,Canada,iHerb
2022-04-04,Melatonin,Sleep Aid,969,20.44,0.08,Canada,Walmart
2022-04-11,Melatonin,Sleep Aid,1252,25.48,0.23,Canada,Walmart
2022-04-18,Melatonin,Sleep Aid,3420,10.55,0.23,Canada,Walmart
2022-04-25,Melatonin,Sleep Aid,151,58.96,0.24,Canada,iHerb
2022-05-16,Melatonin,Sleep Aid,1921,15.96,0.23,Canada,iHerb
2022-08-01,Melatonin,Sleep Aid,636,19.3,0.0,Canada,Walmart
2022-08-15,Melatonin,Sleep Aid,100,41.06,0.04,Canada,Walmart
2022-08-22,Melatonin,Sleep Aid,68,54.42,0.1,Canada,Walmart
2022-09-26,Melatonin,Sleep Aid,750,22.86,0.15,Canada,Walmart
2022-10-17,Melatonin,Sleep Aid,1248,15.7,0.16,Canada,iHerb
2022-10-31,Melatonin,Sleep Aid,94,42.49,0.02,Canada,Walmart
2022-11-07,Melatonin,Sleep Aid,198,41.54,0.13,Canada,Walmart
2022-12-05,Melatonin,Sleep Aid,135,56.62,0.24,Canada,Amazon
2023-02-06,Melatonin,Sleep Aid,201,50.75,0.21,Canada,Walmart
2023-02-13,Melatonin,Sleep Aid,546,38.53,0.22,Canada,Amazon
2023-03-13,Melatonin,Sleep Aid,2281,15.24,0.21,Canada,Walmart
2023-04-03,Melatonin,Sleep Aid,709,24.02,0.04,Canada,iHerb
2023-04-10,Melatonin,Sleep Aid,236,41.75,0.07,Canada,Walmart
2023-04-24,Melatonin,Sleep Aid,237,52.88,0.23,Canada,iHerb
2023-05-01,Melatonin,Sleep Aid,1282,18.05,0.1,Canada,Walmart
2023-05-29,Melatonin,Sleep Aid,148,43.09,0.02,Canada,Walmart
2023-06-05,Melatonin,Sleep Aid,56,55.18,0.02,Canada,Walmart
2023-06-19,Melatonin,Sleep Aid,285,43.49,0.18,Canada,Amazon
2023-06-26,Melatonin,Sleep Aid,1886,14.55,0.15,Canada,Walmart
2023-07-24,Melatonin,Sleep Aid,148,54.94,0.2,Canada,Amazon
2023-09-25,Melatonin,Sleep Aid,268,37.2,0.15,Canada,Amazon
2023-11-06,Melatonin,Sleep Aid,336,32.57,0.1,Canada,Amazon
2023-11-20,Melatonin,Sleep Aid,850,16.07,0.03,Canada,Amazon
2023-12-25,Melatonin,Sleep Aid,182,48.65,0.18,Canada,iHerb
2024-01-01,Melatonin,Sleep Aid,712,31.01,0.22,Canada,Amazon
2024-02-05,Melatonin,Sleep Aid,779,32.1,0.22,Canada,Walmart
2024-02-19,Melatonin,Sleep Aid,525,40.06,0.23,Canada,iHerb
2024-03-04,Melatonin,Sleep Aid,66,57.46,0.09,Canada,iHerb
2024-03-11,Melatonin,Sleep Aid,381,31.81,0.03,Canada,iHerb
2024-03-25,Melatonin,Sleep Aid,2063,12.28,0.14,Canada,iHerb
2024-05-13,Melatonin,Sleep Aid,394,45.01,0.25,Canada,iHerb
2024-07-15,Melatonin,Sleep Aid,426,24.59,0.01,Canada,Amazon
2024-07-29,Melatonin,Sleep Aid,955,23.47,0.22,Canada,Walmart
2024-08-19,Melatonin,Sleep Aid,68,48.23,0.03,Canada,Walmart
2024-09-16,Melatonin,Sleep Aid,191,45.76,0.18,Canada,iHerb
2024-10-07,Melatonin,Sleep Aid,65,58.09,0.15,Canada,Amazon
2024-10-14,Melatonin,Sleep Aid,283,35.61,0.1,Canada,iHerb
2024-10-21,Melatonin,Sleep Aid,1141,19.65,0.24,Canada,Amazon
2024-11-18,Melatonin,Sleep Aid,1218,13.97,0.11,Canada,iHerb
2024-11-25,Melatonin,Sleep Aid,58,55.7,0.09,Canada,iHerb
2024-12-09,Melatonin,Sleep Aid,202,49.91,0.24,Canada,Amazon
2024-12-23,Melatonin,Sleep Aid,1254,13.07,0.08,Canada,Amazon
2024-12-30,Melatonin,Sleep Aid,447,27.81,0.07,Canada,iHerb
2025-02-10,Melatonin,Sleep Aid,76,53.19,0.06,Canada,Walmart
2025-02-24,Melatonin,Sleep Aid,372,40.82,0.14,Canada,Amazon
2025-03-17,Melatonin,Sleep Aid,1149,21.82,0.16,Canada,iHerb
