Supplement_Sales_Weekly.csv
Date,Product Name,Category,Units Sold,Price,Discount,Location,Platform
2020-01-20,Biotin,Vitamin,340,32.01,0.04,Canada,Amazon
2020-05-11,Biotin,Vitamin,183,50.15,0.13,Canada,Walmart
2020-06-29,Biotin,Vitamin,111,49.16,0.07,Canada,iHerb
2020-07-13,Biotin,Vitamin,759,33.93,0.23,Canada,iHerb
2020-08-10,Biotin,Vitamin,209,43.88,0.14,Canada,Amazon
2020-10-19,Biotin,Vitamin,580,33.02,0.18,Canada,iHerb
2020-11-02,Biotin,Vitamin,479,28.33,0.1,Canada,Walmart
2020-11-09,Biotin,Vitamin,1376,15.34,0.16,Canada,iHerb
2020-11-30,Biotin,Vitamin,42,59.97,0.05,Canada,iHerb
2020-12-07,Biotin,Vitamin,125,53.35,0.17,Canada,Walmart
2021-01-11,Biotin,Vitamin,198,53.4,0.22,Canada,Walmart
2021-02-08,Biotin,Vitamin,152,55.34,0.15,Canada,Amazon
2021-03-01,Biotin,Vitamin,941,33.03,0.23,Canada,Amazon
2021-04-12,Biotin,Vitamin,3279,14.74,0.24,Canada,Walmart
2021-04-26,Biotin,Vitamin,338,41.53,0.11,Canada,Walmart
2021-05-17,Biotin,Vitamin,350,45.97,0.21,Canada,Walmart
2021-06-07,Biotin,Vitamin,193,41.59,0.06,Canada,Walmart
2021-07-05,Biotin,Vitamin,329,39.17,0.13,Canada,Amazon
2021-09-06,Biotin,Vitamin,86,48.46,0.09,Canada,iHerb
2021-10-11,Biotin,Vitamin,99,57.19,0.2,Canada,iHerb
2021-11-01,Biotin,Vitamin,1509,18.13,0.25,Canada,iHerb
2021-11-08,Biotin,Vitamin,1567,11.48,0.11,Canada,Walmart
2021-11-15,Biotin,Vitamin,2014,11.61,0.16,Canada,Amazon
2021-11-22,Biotin,Vitamin,756,23.06,0.13,Canada,Walmart
2022-02-14,Biotin,Vitamin,517,44.41,0.25,Canada,iHerb
2022-02-21,Biotin,Vitamin,428,45.13,0.24,Canada,iHerb
2022-02-28,Biotin,Vitamin,143,45.42,0.02,Canada,Walmart
2022-03-14,Biotin,Vitamin,277,40.17,0.1,Canada,iHerb
2022-04-04,Biotin,Vitamin,354,41.17,0.16,Canada,iHerb
2022-04-25,Biotin,Vitamin,1366,20.53,0.16,Canada,iHerb
2022-05-09,Biotin,Vitamin,373,37.5,0.1,Canada,Walmart
2022-05-16,Biotin,Vitamin,737,26.49,0.1,Canada,Walmart
2022-05-30,Biotin,Vitamin,1194,16.06,0.0,Canada,iHerb
2022-06-27,Biotin,Vitamin,461,33.39,0.1,Canada,Walmart
2022-07-04,Biotin,Vitamin,1120,26.71,0.24,Canada,Walmart
2022-07-25,Biotin,Vitamin,114,42.74,0.01,Canada,iHerb
2022-08-22,Biotin,Vitamin,158,49.23,0.15,Canada,Walmart
2022-09-19,Biotin,Vitamin,520,22.54,0.06,Canada,Amazon
2022-11-14,Biotin,Vitamin,1956,12.0,0.21,Canada,Amazon
2022-11-21,Biotin,Vitamin,1242,19.19,0.24,Canada,Amazon
2023-01-30,Biotin,Vitamin,685,25.89,0.08,Canada,iHerb
2023-02-13,Biotin,Vitamin,638,33.17,0.17,Canada,Walmart
2023-02-27,Biotin,Vitamin,1021,25.65,0.1,Canada,Walmart
2023-03-06,Biotin,Vitamin,361,32.62,0.03,Canada,iHerb
2023-04-03,Biotin,Vitamin,321,43.55,0.16,Canada,Amazon
2023-07-03,Biotin,Vitamin,506,34.93,0.15,Canada,iHerb
2023-07-24,Biotin,Vitamin,574,32.96,0.2,Canada,Amazon
2023-08-07,Biotin,Vitamin,107,46.93,0.07,Canada,iHerb
2023-08-28,Biotin,Vitamin,924,27.1,0.23,Canada,Walmart
2023-09-11,Biotin,Vitamin,156,43.01,0.08,Canada,Walmart
2023-10-30,Biotin,Vitamin,352,39.74,0.2,Canada,Amazon
2023-11-06,Biotin,Vitamin,896,23.74,0.14,Canada,Amazon
2023-11-27,Biotin,Vitamin,596,23.8,0.05,Canada,iHerb
2023-12-04,Biotin,Vitamin,586,31.45,0.19,Canada,Walmart
2023-12-11,Biotin,Vitamin,50,57.57,0.04,Canada,Amazon
2023-12-18,Biotin,Vitamin,189,53.43,0.22,Canada,iHerb
2024-01-15,Biotin,Vitamin,313,36.96,0.07,Canada,iHerb
2024-02-05,Biotin,Vitamin,1429,26.98,0.22,Canada,Walmart
2024-02-12,Biotin,Vitamin,815,30.79,0.15,Canada,Amazon
2024-03-18,Biotin,Vitamin,131,52.9,0.12,Canada,Walmart
2024-06-10,Biotin,Vitamin,73,51.33,0.0,Canada,Amazon
2024-08-19,Biotin,Vitamin,75,46.98,0.03,Canada,iHerb
2024-08-26,Biotin,Vitamin,161,40.15,0.11,Canada,Amazon
2024-09-02,Biotin,Vitamin,215,42.98,0.18,Canada,Amazon
2024-09-16,Biotin,Vitamin,220,37.86,0.09,Canada,Amazon
2024-11-04,Biotin,Vitamin,37,59.4,0.04,Canada,iHerb
2024-11-25,Biotin,Vitamin,156,43.99,0.07,Canada,Amazon
2024-12-16,Biotin,Vitamin,784,28.92,0.19,Canada,Walmart
2025-01-13,Biotin,Vitamin,1660,18.31,0.15,Canada,iHerb
2025-01-27,Biotin,Vitamin,191,43.52,0.06,Canada,iHerb
2025-02-24,Biotin,Vitamin,666,39.19,0.24,Canada,Walmart
2025-03-03,Biotin,Vitamin,2057,16.41,0.19,Canada,Walmart
2020-01-20,Iron Supplement,Mineral,357,41.81,0.2,UK,iHerb
2020-02-17,Iron Supplement,Mineral,99,56.59,0.1,UK,Amazon
2020-02-24,Iron Supplement,Mineral,272,34.72,0.04,UK,Amazon
2020-03-02,Iron Supplement,Mineral,2056,16.53,0.2,UK,Amazon
2020-03-16,Iron Supplement,Mineral,640,24.9,0.03,UK,iHerb
2020-03-30,Iron Supplement,Mineral,356,31.44,0.01,UK,iHerb
2020-06-15,Iron Supplement,Mineral,239,34.64,0.07,UK,Walmart
2020-06-22,Iron Supplement,Mineral,332,30.88,0.03,UK,iHerb
2020-07-06,Iron Supplement,Mineral,529,24.86,0.06,UK,Walmart
2020-09-14,Iron Supplement,Mineral,297,29.11,0.03,UK,iHerb
2020-09-21,Iron Supplement,Mineral,403,32.52,0.19,UK,Amazon
2020-10-05,Iron Supplement,Mineral,83,55.64,0.15,UK,iHerb
2020-10-12,Iron Supplement,Mineral,609,26.31,0.19,UK,iHerb
2020-10-19,Iron Supplement,Mineral,68,48.72,0.03,UK,iHerb
2020-10-26,Iron Supplement,Mineral,730,21.22,0.13,UK,Amazon
2020-11-02,Iron Supplement,Mineral,125,44.36,0.08,UK,Amazon
2020-12-14,Iron Supplement,Mineral,131,56.82,0.21,UK,iHerb
2020-12-21,Iron Supplement,Mineral,262,36.78,0.1,UK,Amazon
2021-01-04,Iron Supplement,Mineral,441,28.67,0.04,UK,Walmart
2021-02-22,Iron Supplement,Mineral,1562,21.78,0.23,UK,iHerb
2021-03-01,Iron Supplement,Mineral,935,21.49,0.05,UK,Walmart
2021-03-15,Iron Supplement,Mineral,312,43.85,0.19,UK,Amazon
2021-03-22,Iron Supplement,Mineral,143,47.69,0.05,UK,iHerb
2021-03-29,Iron Supplement,Mineral,85,57.37,0.11,UK,iHerb
2021-04-12,Iron Supplement,Mineral,1895,18.12,0.22,UK,Walmart
2021-04-19,Iron Supplement,Mineral,518,27.15,0.03,UK,Amazon
2021-04-26,Iron Supplement,Mineral,792,35.02,0.22,UK,Walmart
2021-06-07,Iron Supplement,Mineral,81,51.66,0.06,UK,iHerb
2021-06-21,Iron Supplement,Mineral,249,45.51,0.17,UK,Walmart
2021-08-02,Iron Supplement,Mineral,158,40.49,0.05,UK,Amazon
2021-11-01,Iron Supplement,Mineral,1092,15.77,0.1,UK,Amazon
2021-11-29,Iron Supplement,Mineral,801,20.07,0.06,UK,Amazon
2021-12-20,Iron Supplement,Mineral,402,31.2,0.09,UK,iHerb
2022-01-24,Iron Supplement,Mineral,101,51.72,0.09,UK,Walmart
2022-01-31,Iron Supplement,Mineral,85,53.93,0.09,UK,Walmart
2022-02-07,Iron Supplement,Mineral,1486,11.67,0.02,UK,Amazon
2022-02-14,Iron Supplement,Mineral,155,53.12,0.21,UK,Amazon
2022-02-28,Iron Supplement,Mineral,1181,27.81,0.24,UK,Walmart
2022-03-07,Iron Supplement,Mineral,175,51.98,0.15,UK,iHerb
2022-04-04,Iron Supplement,Mineral,1913,10.28,0.01,UK,iHerb
2022-04-11,Iron Supplement,Mineral,428,39.43,0.19,UK,Walmart
2022-05-23,Iron Supplement,Mineral,1921,12.51,0.1,UK,iHerb
2022-06-06,Iron Supplement,Mineral,1546,13.93,0.11,UK,iHerb
2022-07-18,Iron Supplement,Mineral,1022,18.85,0.14,UK,Amazon
2022-09-12,Iron Supplement,Mineral,62,49.27,0.03,UK,iHerb
2022-09-19,Iron Supplement,Mineral,31,54.73,0.0,UK,Amazon
2022-10-10,Iron Supplement,Mineral,500,30.3,0.25,UK,iHerb
2022-12-05,Iron Supplement,Mineral,1217,15.67,0.11,UK,Amazon
2022-12-19,Iron Supplement,Mineral,113,49.04,0.09,UK,Amazon
2023-01-09,Iron Supplement,Mineral,1559,12.37,0.05,UK,Walmart
2023-01-23,Iron Supplement,Mineral,1899,11.66,0.07,UK,iHerb
2023-02-06,Iron Supplement,Mineral,305,43.14,0.21,UK,Walmart
2023-02-13,Iron Supplement,Mineral,1002,15.56,0.01,UK,Amazon
2023-02-20,Iron Supplement,Mineral,989,25.26,0.15,UK,Walmart
2023-03-06,Iron Supplement,Mineral,730,26.15,0.09,UK,Amazon
2023-03-27,Iron Supplement,Mineral,137,48.93,0.08,UK,iHerb
2023-04-10,Iron Supplement,Mineral,852,22.93,0.08,UK,iHerb
2023-05-15,Iron Supplement,Mineral,150,51.65,0.13,UK,iHerb
2023-05-22,Iron Supplement,Mineral,201,39.37,0.01,UK,Walmart
2023-06-05,Iron Supplement,Mineral,429,28.87,0.08,UK,iHerb
2023-06-19,Iron Supplement,Mineral,422,37.43,0.16,UK,Walmart
2023-06-26,Iron Supplement,Mineral,369,35.29,0.15,UK,Walmart
2023-07-03,Iron Supplement,Mineral,219,37.5,0.07,UK,Amazon
2023-07-10,Iron Supplement,Mineral,829,18.13,0.06,UK,Amazon
2023-08-21,Iron Supplement,Mineral,145,52.03,0.2,UK,iHerb
2023-09-25,Iron Supplement,Mineral,988,17.23,0.13,UK,Amazon
2023-10-16,Iron Supplement,Mineral,71,56.54,0.13,UK,Amazon
2023-11-20,Iron Supplement,Mineral,517,26.39,0.1,UK,Walmart
2023-11-27,Iron Supplement,Mineral,75,56.46,0.11,UK,iHerb
2023-12-04,Iron Supplement,Mineral,65,53.58,0.09,UK,Amazon
2023-12-18,Iron Supplement,Mineral,84,59.8,0.15,UK,iHerb
2023-12-25,Iron Supplement,Mineral,886,17.61,0.01,UK,Walmart
2024-01-01,Iron Supplement,Mineral,1064,17.34,0.05,UK,iHerb
2024-01-08,Iron Supplement,Mineral,197,39.2,0.04,UK,Amazon
2024-04-01,Iron Supplement,Mineral,1154,20.81,0.08,UK,iHerb
2024-04-29,Iron Supplement,Mineral,1274,19.58,0.14,UK,Walmart
2024-05-27,Iron Supplement,Mineral,344,37.61,0.15,UK,Walmart
2024-07-01,Iron Supplement,Mineral,2223,10.61,0.13,UK,Amazon
2024-08-26,Iron Supplement,Mineral,646,29.22,0.21,UK,Walmart
2024-09-23,Iron Supplement,Mineral,346,33.25,0.16,UK,Amazon
2024-11-25,Iron Supplement,Mineral,1753,14.8,0.25,UK,Amazon
2024-12-23,Iron Supplement,Mineral,1034,21.36,0.18,UK,Amazon
2025-01-06,Iron Supplement,Mineral,1512,11.76,0.1,UK,iHerb
2025-02-10,Iron Supplement,Mineral,382,43.39,0.22,UK,Walmart
2025-03-03,Iron Supplement,Mineral,549,29.08,0.04,UK,Amazon
2025-03-10,Iron Supplement,Mineral,138,45.05,0.03,UK,iHerb
2025-03-17,Iron Supplement,Mineral,268,37.94,0.06,UK,Amazon
2020-01-27,Multivitamin,Vitamin,219,34.15,0.03,UK,iHerb
2020-02-03,Multivitamin,Vitamin,145,53.89,0.22,UK,Amazon
2020-02-10,Multivitamin,Vitamin,477,27.4,0.11,UK,Walmart
2020-03-02,Multivitamin,Vitamin,1475,11.95,0.01,UK,iHerb
2020-03-09,Multivitamin,Vitamin,402,34.72,0.14,UK,Walmart
2020-03-16,Multivitamin,Vitamin,125,41.24,0.02,UK,Amazon
2020-03-30,Multivitamin,Vitamin,1226,13.11,0.04,UK,Amazon
2020-05-04,Multivitamin,Vitamin,145,55.69,0.24,UK,Walmart
2020-05-25,Multivitamin,Vitamin,719,28.66,0.24,UK,Amazon
2020-06-15,Multivitamin,Vitamin,22,58.17,0.0,UK,Walmart
2020-08-10,Multivitamin,Vitamin,999,13.56,0.14,UK,Walmart
2020-08-24,Multivitamin,Vitamin,163,43.95,0.23,UK,Amazon
2020-08-31,Multivitamin,Vitamin,796,16.58,0.18,UK,Amazon
2020-09-14,Multivitamin,Vitamin,71,56.74,0.23,UK,Walmart
2020-09-28,Multivitamin,Vitamin,72,51.95,0.14,UK,Amazon
2020-10-19,Multivitamin,Vitamin,502,28.41,0.24,UK,Amazon
2020-11-16,Multivitamin,Vitamin,77,59.12,0.23,UK,iHerb
2020-12-14,Multivitamin,Vitamin,76,56.33,0.18,UK,Amazon
2021-01-11,Multivitamin,Vitamin,136,49.87,0.18,UK,iHerb
2021-01-18,Multivitamin,Vitamin,767,12.64,0.01,UK,iHerb
2021-01-25,Multivitamin,Vitamin,282,29.8,0.05,UK,Amazon
2021-02-01,Multivitamin,Vitamin,1064,10.5,0.02,UK,iHerb
2021-03-01,Multivitamin,Vitamin,1713,14.27,0.23,UK,Walmart
2021-03-08,Multivitamin,Vitamin,1510,11.98,0.1,UK,Walmart
2021-03-22,Multivitamin,Vitamin,1051,14.29,0.02,UK,Walmart
2021-03-29,Multivitamin,Vitamin,66,54.34,0.09,UK,Walmart
2021-04-12,Multivitamin,Vitamin,483,36.68,0.24,UK,Amazon
2021-04-26,Multivitamin,Vitamin,62,57.32,0.1,UK,iHerb
2021-05-17,Multivitamin,Vitamin,1116,14.39,0.1,UK,Amazon
2021-05-24,Multivitamin,Vitamin,394,33.23,0.21,UK,Amazon
2021-06-07,Multivitamin,Vitamin,1008,21.06,0.17,UK,Walmart
2021-06-28,Multivitamin,Vitamin,100,44.8,0.09,UK,Walmart
2021-08-09,Multivitamin,Vitamin,260,26.95,0.04,UK,iHerb
2021-09-13,Multivitamin,Vitamin,856,13.8,0.13,UK,Walmart
2021-09-27,Multivitamin,Vitamin,212,39.07,0.2,UK,iHerb
2021-10-04,Multivitamin,Vitamin,353,22.81,0.1,UK,iHerb
2021-11-29,Multivitamin,Vitamin,383,29.88,0.16,UK,Walmart
2021-12-06,Multivitamin,Vitamin,245,37.28,0.18,UK,Amazon
2022-01-03,Multivitamin,Vitamin,61,51.19,0.1,UK,Walmart
2022-01-24,Multivitamin,Vitamin,72,58.32,0.14,UK,Walmart
2022-02-28,Multivitamin,Vitamin,645,25.13,0.15,UK,iHerb
2022-03-07,Multivitamin,Vitamin,67,53.58,0.09,UK,Amazon
2022-03-21,Multivitamin,Vitamin,121,52.73,0.17,UK,Amazon
2022-04-04,Multivitamin,Vitamin,112,46.46,0.08,UK,iHerb
2022-04-18,Multivitamin,Vitamin,572,16.51,0.02,UK,Amazon
2022-05-02,Multivitamin,Vitamin,570,26.49,0.16,UK,iHerb
2022-05-30,Multivitamin,Vitamin,595,28.01,0.15,UK,iHerb
2022-06-20,Multivitamin,Vitamin,752,20.2,0.17,UK,Amazon
2022-07-18,Multivitamin,Vitamin,69,46.39,0.05,UK,Amazon
2022-08-22,Multivitamin,Vitamin,417,27.24,0.16,UK,Walmart
2022-09-05,Multivitamin,Vitamin,1154,11.49,0.23,UK,iHerb
2022-09-19,Multivitamin,Vitamin,884,14.04,0.16,UK,iHerb
2022-10-24,Multivitamin,Vitamin,391,27.62,0.19,UK,iHerb
2022-11-07,Multivitamin,Vitamin,194,31.18,0.05,UK,Walmart
2022-11-21,Multivitamin,Vitamin,683,20.43,0.12,UK,Amazon
2022-12-05,Multivitamin,Vitamin,182,48.06,0.24,UK,iHerb
2022-12-19,Multivitamin,Vitamin,147,44.17,0.15,UK,iHerb
2023-01-02,Multivitamin,Vitamin,54,54.06,0.08,UK,iHerb
2023-01-09,Multivitamin,Vitamin,322,30.96,0.15,UK,Walmart
2023-01-16,Multivitamin,Vitamin,573,22.15,0.06,UK,Amazon
2023-01-30,Multivitamin,Vitamin,1145,12.46,0.03,UK,iHerb
2023-02-06,Multivitamin,Vitamin,575,27.04,0.12,UK,iHerb
2023-02-13,Multivitamin,Vitamin,179,35.73,0.02,UK,Walmart
2023-02-20,Multivitamin,Vitamin,731,25.44,0.14,UK,iHerb
2023-03-27,Multivitamin,Vitamin,66,53.16,0.09,UK,iHerb
2023-04-17,Multivitamin,Vitamin,332,39.72,0.22,UK,iHerb
2023-04-24,Multivitamin,Vitamin,946,19.96,0.12,UK,Walmart
2023-05-01,Multivitamin,Vitamin,816,18.28,0.1,UK,Walmart
2023-05-22,Multivitamin,Vitamin,433,36.42,0.2,UK,Amazon
2023-05-29,Multivitamin,Vitamin,71,59.7,0.17,UK,iHerb
2023-06-12,Multivitamin,Vitamin,68,46.7,0.07,UK,Walmart
2023-07-10,Multivitamin,Vitamin,255,29.66,0.07,UK,Amazon
2023-08-07,Multivitamin,Vitamin,74,53.74,0.2,UK,Walmart
2023-09-04,Multivitamin,Vitamin,1163,13.06,0.21,UK,Amazon
2023-10-16,Multivitamin,Vitamin,183,34.51,0.09,UK,Amazon
2023-10-23,Multivitamin,Vitamin,72,45.7,0.07,UK,Walmart
2023-11-06,Multivitamin,Vitamin,82,50.78,0.16,UK,Walmart
2023-11-13,Multivitamin,Vitamin,139,43.36,0.16,UK,Walmart
2023-11-20,Multivitamin,Vitamin,1585,10.03,0.22,UK,Amazon
2023-12-04,Multivitamin,Vitamin,672,23.45,0.24,UK,Amazon
2024-01-15,Multivitamin,Vitamin,114,39.88,0.05,UK,Amazon
2024-01-29,Multivitamin,Vitamin,124,52.95,0.18,UK,Walmart
2024-02-12,Multivitamin,Vitamin,500,25.99,0.08,UK,Amazon
2024-03-04,Multivitamin,Vitamin,585,26.4,0.1,UK,Amazon
2024-03-18,Multivitamin,Vitamin,159,40.48,0.07,UK,iHerb
2024-04-15,Multivitamin,Vitamin,1309,15.78,0.21,UK,Amazon
2024-04-22,Multivitamin,Vitamin,45,57.97,0.04,UK,Amazon
2024-05-13,Multivitamin,Vitamin,893,17.53,0.11,UK,Amazon
2024-05-27,Multivitamin,Vitamin,73,52.29,0.07,UK,Walmart
2024-07-01,Multivitamin,Vitamin,223,34.66,0.11,UK,Amazon
2024-07-15,Multivitamin,Vitamin,333,31.82,0.16,UK,Walmart
2024-08-12,Multivitamin,Vitamin,110,47.0,0.18,UK,iHerb
2024-09-16,Multivitamin,Vitamin,395,32.84,0.25,UK,Walmart
2024-10-21,Multivitamin,Vitamin,383,30.6,0.21,UK,Walmart
2025-02-10,Multivitamin,Vitamin,98,50.17,0.11,UK,Walmart
2025-02-17,Multivitamin,Vitamin,1156,11.99,0.04,UK,Amazon
2025-02-24,Multivitamin,Vitamin,230,41.36,0.16,UK,Amazon
