Supplement_Sales_Weekly.csv
Date,Product Name,Category,Units Sold,Price,Discount,Location,Platform
2020-01-27,BCAA,Amino Acid,2184,16.77,0.19,USA,iHerb
2020-02-03,BCAA,Amino Acid,134,55.46,0.13,USA,iHerb
2020-04-06,BCAA,Amino Acid,452,39.0,0.13,USA,Walmart
2020-04-20,BCAA,Amino Acid,1739,15.07,0.07,USA,iHerb
2020-04-27,BCAA,Amino Acid,922,22.38,0.02,USA,Walmart
2020-05-11,BCAA,Amino Acid,278,50.18,0.23,USA,Walmart
2020-07-13,BCAA,Amino Acid,2314,10.81,0.2,USA,iHerb
2020-09-21,BCAA,Amino Acid,471,37.33,0.22,USA,Amazon
2020-11-02,BCAA,Amino Acid,512,26.04,0.05,USA,iHerb
2020-11-23,BCAA,Amino Acid,882,24.31,0.16,USA,Amazon
2020-12-14,BCAA,Amino Acid,56,58.29,0.04,USA,Walmart
2021-01-18,BCAA,Amino Acid,815,24.31,0.06,USA,iHerb
2021-01-25,BCAA,Amino Acid,1121,23.11,0.11,USA,iHerb
2021-02-01,BCAA,Amino Acid,1566,21.65,0.21,USA,iHerb
2021-04-26,BCAA,Amino Acid,141,51.03,0.07,USA,Walmart
2021-05-10,BCAA,Amino Acid,102,51.89,0.02,USA,iHerb
2021-05-24,BCAA,Amino Acid,961,24.79,0.12,USA,Amazon
2021-05-31,BCAA,Amino Acid,2118,16.09,0.13,USA,iHerb
2021-07-05,BCAA,Amino Acid,164,48.18,0.11,USA,Amazon
2021-07-12,BCAA,Amino Acid,2187,15.75,0.17,USA,Amazon
2021-07-26,BCAA,Amino Acid,163,57.52,0.24,USA,Walmart
2021-08-09,BCAA,Amino Acid,355,43.41,0.22,USA,iHerb
2021-08-23,BCAA,Amino Acid,103,52.57,0.15,USA,Walmart
2021-09-06,BCAA,Amino Acid,64,58.09,0.1,USA,Amazon
2021-09-20,BCAA,Amino Acid,159,50.07,0.24,USA,iHerb
2021-10-04,BCAA,Amino Acid,110,57.73,0.23,USA,Amazon
2021-11-08,BCAA,Amino Acid,261,38.29,0.09,USA,Amazon
2021-11-15,BCAA,Amino Acid,1681,15.48,0.19,USA,iHerb
2021-11-29,BCAA,Amino Acid,2395,12.66,0.2,USA,Walmart
2021-12-13,BCAA,Amino Acid,1197,21.64,0.12,USA,iHerb
2021-12-20,BCAA,Amino Acid,1801,14.11,0.1,USA,Walmart
2022-01-10,BCAA,Amino Acid,927,19.08,0.0,USA,Walmart
2022-01-17,BCAA,Amino Acid,160,47.53,0.08,USA,iHerb
2022-02-14,BCAA,Amino Acid,81,59.47,0.07,USA,Amazon
2022-03-14,BCAA,Amino Acid,350,37.25,0.06,USA,Amazon
2022-05-23,BCAA,Amino Acid,266,39.37,0.05,USA,Walmart
2022-05-30,BCAA,Amino Acid,1974,20.86,0.24,USA,Amazon
2022-07-11,BCAA,Amino Acid,223,50.66,0.2,USA,Walmart
2022-07-25,BCAA,Amino Acid,137,45.09,0.06,USA,Walmart
2022-08-22,BCAA,Amino Acid,257,32.97,0.02,USA,Walmart
2022-10-17,BCAA,Amino Acid,88,58.73,0.17,USA,Amazon
2022-10-24,BCAA,Amino Acid,615,22.89,0.02,USA,Amazon
2022-10-31,BCAA,Amino Acid,384,31.12,0.04,USA,Walmart
2022-11-14,BCAA,Amino Acid,406,34.83,0.14,USA,Amazon
2022-11-28,BCAA,Amino Acid,932,29.06,0.19,USA,iHerb
2022-12-19,BCAA,Amino Acid,439,31.0,0.05,USA,iHerb
2023-01-09,BCAA,Amino Acid,64,54.72,0.01,USA,Amazon
2023-02-20,BCAA,Amino Acid,239,53.81,0.22,USA,iHerb
2023-02-27,BCAA,Amino Acid,60,57.16,0.02,USA,Walmart
2023-03-06,BCAA,Amino Acid,77,54.02,0.03,USA,Walmart
2023-03-27,BCAA,Amino Acid,325,47.88,0.21,USA,iHerb
2023-04-10,BCAA,Amino Acid,603,32.01,0.1,USA,Walmart
2023-05-29,BCAA,Amino Acid,413,41.67,0.2,USA,iHerb
2023-06-19,BCAA,Amino Acid,133,55.11,0.16,USA,Amazon
2023-07-24,BCAA,Amino Acid,53,54.77,0.03,USA,Amazon
2023-07-31,BCAA,Amino Acid,1247,15.44,0.01,USA,iHerb
2023-08-07,BCAA,Amino Acid,264,46.72,0.22,USA,Amazon
2023-08-28,BCAA,Amino Acid,844,17.41,0.01,USA,iHerb
2023-09-18,BCAA,Amino Acid,434,34.31,0.18,USA,Walmart
2023-10-16,BCAA,Amino Acid,385,28.69,0.03,USA,Amazon
2024-01-08,BCAA,Amino Acid,158,44.67,0.05,USA,Amazon
2024-02-26,BCAA,Amino Acid,2992,15.27,0.2,USA,iHerb
2024-03-11,BCAA,Amino Acid,63,59.48,0.03,USA,Amazon
2024-04-15,BCAA,Amino Acid,356,47.73,0.17,USA,Walmart
2024-04-22,BCAA,Amino Acid,1419,26.25,0.23,USA,Amazon
2024-05-13,BCAA,Amino Acid,104,52.33,0.08,USA,Walmart
2024-05-20,BCAA,Amino Acid,2665,11.41,0.1,USA,iHerb
2024-06-03,BCAA,Amino Acid,221,47.26,0.16,USA,Walmart
2024-06-24,BCAA,Amino Acid,1527,21.99,0.24,USA,Amazon
2024-07-29,BCAA,Amino Acid,305,44.31,0.18,USA,Walmart
2024-08-19,BCAA,Amino Acid,152,41.4,0.03,USA,Amazon
2024-09-02,BCAA,Amino Acid,119,55.23,0.17,USA,iHerb
2024-09-09,BCAA,Amino Acid,512,26.09,0.08,USA,Walmart
2024-09-23,BCAA,Amino Acid,132,55.82,0.21,USA,iHerb
2024-11-18,BCAA,Amino Acid,293,38.86,0.13,USA,iHerb
2024-12-09,BCAA,Amino Acid,1278,25.05,0.24,USA,Amazon
2024-12-16,BCAA,Amino Acid,150,58.75,0.17,USA,iHerb
2025-01-13,BCAA,Amino Acid,665,37.94,0.24,USA,iHerb
2025-01-27,BCAA,Amino Acid,1884,18.11,0.15,USA,Amazon
2025-02-10,BCAA,Amino Acid,3023,11.48,0.16,USA,Walmart
2025-02-24,BCAA,Amino Acid,86,55.68,0.04,USA,Amazon
2025-03-10,BCAA,Amino Acid,198,48.72,0.09,USA,Walmart
2020-01-27,Creatine,Performance,879,12.85,0.07,USA,Walmart
2020-03-09,Creatine,Performance,1170,10.96,0.12,USA,Amazon
2020-03-30,Creatine,Performance,169,37.33,0.11,USA,Amazon
2020-04-06,Creatine,Performance,116,54.7,0.24,USA,Walmart
2020-06-08,Creatine,Performance,200,33.4,0.12,USA,Walmart
2020-07-06,Creatine,Performance,728,12.53,0.11,USA,Amazon
2020-07-27,Creatine,Performance,85,45.09,0.14,USA,Walmart
2020-09-07,Creatine,Performance,291,19.49,0.01,USA,iHerb
2020-09-14,Creatine,Performance,59,49.82,0.18,USA,iHerb
2020-10-05,Creatine,Performance,506,13.74,0.03,USA,Amazon
2020-10-26,Creatine,Performance,18,55.48,0.0,USA,Walmart
2020-12-14,Creatine,Performance,97,48.84,0.17,USA,Amazon
2020-12-28,Creatine,Performance,688,20.25,0.19,USA,iHerb
2021-01-04,Creatine,Performance,630,19.88,0.08,USA,Walmart
2021-02-08,Creatine,Performance,795,16.45,0.13,USA,Walmart
2021-02-22,Creatine,Performance,1131,15.64,0.22,USA,Walmart
2021-03-15,Creatine,Performance,79,57.98,0.2,USA,Amazon
2021-03-29,Creatine,Performance,154,39.63,0.09,USA,iHerb
2021-04-19,Creatine,Performance,303,23.98,0.03,USA,iHerb
2021-05-24,Creatine,Performance,754,16.82,0.05,USA,Walmart
2021-05-31,Creatine,Performance,353,28.18,0.16,USA,Amazon
2021-06-07,Creatine,Performance,298,36.22,0.2,USA,iHerb
2021-06-21,Creatine,Performance,494,19.56,0.1,USA,iHerb
2021-06-28,Creatine,Performance,195,39.39,0.21,USA,Walmart
2021-07-26,Creatine,Performance,828,11.02,0.15,USA,iHerb
2021-09-13,Creatine,Performance,653,14.65,0.15,USA,Amazon
2021-09-20,Creatine,Performance,38,52.33,0.13,USA,Amazon
2021-09-27,Creatine,Performance,27,55.62,0.07,USA,iHerb
2021-10-11,Creatine,Performance,140,42.26,0.21,USA,Amazon
2021-10-25,Creatine,Performance,53,48.5,0.12,USA,iHerb
2021-11-08,Creatine,Performance,51,54.56,0.2,USA,Walmart
2021-11-22,Creatine,Performance,58,56.82,0.2,USA,Walmart
2021-11-29,Creatine,Performance,77,55.07,0.21,USA,Walmart
2021-12-06,Creatine,Performance,95,37.3,0.05,USA,Amazon
2021-12-13,Creatine,Performance,733,14.45,0.17,USA,Amazon
2021-12-20,Creatine,Performance,101,40.05,0.08,USA,Amazon
2022-01-17,Creatine,Performance,66,45.25,0.06,USA,Amazon
2022-02-07,Creatine,Performance,46,55.34,0.12,USA,Amazon
2022-02-14,Creatine,Performance,64,46.71,0.03,USA,Walmart
2022-02-28,Creatine,Performance,559,24.08,0.15,USA,Walmart
2022-03-07,Creatine,Performance,93,48.46,0.11,USA,Amazon
2022-03-21,Creatine,Performance,493,29.65,0.21,USA,iHerb
2022-04-18,Creatine,Performance,165,34.53,0.05,USA,Amazon
2022-06-27,Creatine,Performance,109,34.4,0.05,USA,Walmart
2022-07-18,Creatine,Performance,208,28.32,0.01,USA,Amazon
2022-08-01,Creatine,Performance,143,36.61,0.11,USA,Amazon
2022-08-08,Creatine,Performance,602,14.74,0.09,USA,Amazon
2022-09-26,Creatine,Performance,238,23.95,0.04,USA,Amazon
2022-10-17,Creatine,Performance,240,24.52,0.08,USA,Amazon
2022-11-14,Creatine,Performance,258,33.66,0.24,USA,iHerb
2023-01-30,Creatine,Performance,43,51.5,0.05,USA,iHerb
2023-02-06,Creatine,Performance,793,18.48,0.2,USA,Amazon
2023-03-27,Creatine,Performance,280,28.13,0.03,USA,Walmart
2023-04-03,Creatine,Performance,178,39.23,0.11,USA,Amazon
2023-04-10,Creatine,Performance,370,26.94,0.1,USA,Amazon
2023-04-17,Creatine,Performance,183,37.15,0.1,USA,iHerb
2023-06-05,Creatine,Performance,198,42.18,0.24,USA,Amazon
2023-06-26,Creatine,Performance,213,30.93,0.1,USA,Amazon
2023-07-03,Creatine,Performance,92,41.2,0.06,USA,Amazon
2023-07-24,Creatine,Performance,208,35.93,0.19,USA,iHerb
2023-08-21,Creatine,Performance,268,27.71,0.17,USA,Walmart
2023-10-23,Creatine,Performance,539,17.09,0.17,USA,Walmart
2023-11-20,Creatine,Performance,22,52.49,0.01,USA,Amazon
2023-11-27,Creatine,Performance,221,35.32,0.19,USA,Amazon
2023-12-25,Creatine,Performance,302,32.76,0.19,USA,Walmart
2024-03-11,Creatine,Performance,1290,10.13,0.09,USA,Walmart
2024-03-25,Creatine,Performance,968,13.55,0.08,USA,iHerb
2024-08-19,Creatine,Performance,59,42.62,0.05,USA,Amazon
2024-08-26,Creatine,Performance,581,13.9,0.13,USA,Amazon
2024-09-02,Creatine,Performance,197,31.22,0.18,USA,Amazon
2024-09-16,Creatine,Performance,200,30.22,0.12,USA,Amazon
2024-11-25,Creatine,Performance,565,15.45,0.06,USA,iHerb
2024-12-16,Creatine,Performance,574,18.24,0.11,USA,Amazon
2024-12-23,Creatine,Performance,441,27.04,0.18,USA,iHerb
2025-01-06,Creatine,Performance,39,59.9,0.13,USA,Walmart
2025-02-10,Creatine,Performance,342,27.1,0.13,USA,Walmart
2025-03-03,Creatine,Performance,165,32.44,0.03,USA,iHerb
2025-03-24,Creatine,Performance,1161,13.26,0.14,USA,Walmart
2020-01-27,Zinc,Mineral,187,47.97,0.11,UK,iHerb
2020-02-10,Zinc,Mineral,330,35.63,,UK,Amazon
2020-02-24,Zinc,Mineral,167,53.68,0.18,UK,iHerb
2020-03-02,Zinc,Mineral,975,27.02,0.14,UK,Amazon
2020-03-23,Zinc,Mineral,729,30.21,0.13,UK,Amazon
2020-05-25,Zinc,Mineral,313,44.98,0.21,UK,Amazon
2020-06-22,Zinc,Mineral,188,40.7,0.06,UK,Amazon
2020-06-29,Zinc,Mineral,81,51.22,0.04,UK,Walmart
2020-07-06,Zinc,Mineral,1361,21.3,0.2,UK,Walmart
2020-08-24,Zinc,Mineral,1257,20.48,0.24,UK,iHerb
2020-08-31,Zinc,Mineral,148,51.44,0.21,UK,Walmart
2020-10-05,Zinc,Mineral,432,35.25,0.19,UK,iHerb
2020-11-09,Zinc,Mineral,178,48.79,0.2,UK,Amazon
2020-11-30,Zinc,Mineral,155,56.81,0.24,UK,iHerb
2020-12-07,Zinc,Mineral,146,46.8,0.08,UK,iHerb
2020-12-14,Zinc,Mineral,571,26.55,0.06,UK,Walmart
2021-01-11,Zinc,Mineral,230,41.91,0.09,UK,iHerb
2021-01-18,Zinc,Mineral,249,35.91,0.01,UK,iHerb
2021-01-25,Zinc,Mineral,443,38.11,0.14,UK,Walmart
2021-02-08,Zinc,Mineral,140,48.2,0.06,UK,Amazon
2021-02-15,Zinc,Mineral,1717,20.89,0.17,UK,Amazon
2021-02-22,Zinc,Mineral,1332,24.36,0.18,UK,Walmart
2021-03-01,Zinc,Mineral,827,25.17,0.1,UK,Walmart
2021-03-08,Zinc,Mineral,2066,21.43,0.22,UK,iHerb
2021-03-29,Zinc,Mineral,595,34.32,0.13,UK,Amazon
2021-04-19,Zinc,Mineral,209,42.24,0.08,UK,iHerb
2021-05-17,Zinc,Mineral,3456,11.54,0.22,UK,iHerb
2021-05-31,Zinc,Mineral,1924,17.04,0.16,UK,Walmart
2021-06-07,Zinc,Mineral,1955,15.46,0.2,UK,Amazon
2021-07-05,Zinc,Mineral,403,29.41,0.04,UK,iHerb
2021-07-26,Zinc,Mineral,260,44.34,0.17,UK,Walmart
2021-08-02,Zinc,Mineral,92,52.26,0.13,UK,iHerb
2021-08-16,Zinc,Mineral,130,44.91,0.08,UK,Amazon
2021-09-13,Zinc,Mineral,69,56.37,0.1,UK,Walmart
2021-09-27,Zinc,Mineral,35,59.93,0.06,UK,Amazon
2021-10-04,Zinc,Mineral,218,50.76,0.24,UK,iHerb
2021-11-01,Zinc,Mineral,350,41.26,0.25,UK,Walmart
2021-11-29,Zinc,Mineral,719,29.58,0.23,UK,Walmart
2021-12-06,Zinc,Mineral,45,58.35,0.04,UK,Amazon
2022-01-17,Zinc,Mineral,573,27.68,0.12,UK,Walmart
2022-01-31,Zinc,Mineral,655,26.0,0.08,UK,Walmart
2022-03-07,Zinc,Mineral,215,46.45,0.1,UK,iHerb
2022-03-14,Zinc,Mineral,172,41.09,0.01,UK,Walmart
2022-04-18,Zinc,Mineral,938,24.89,0.14,UK,Walmart
2022-04-25,Zinc,Mineral,331,39.46,0.07,UK,Amazon
2022-05-16,Zinc,Mineral,1293,15.67,0.01,UK,Walmart
2022-05-30,Zinc,Mineral,516,38.66,0.2,UK,Amazon
2022-06-27,Zinc,Mineral,99,47.5,0.04,UK,Walmart
2022-08-08,Zinc,Mineral,758,26.27,0.17,UK,Walmart
2022-08-15,Zinc,Mineral,1342,12.22,0.08,UK,Walmart
2022-09-12,Zinc,Mineral,65,54.44,0.11,UK,Amazon
2022-10-17,Zinc,Mineral,991,22.47,0.2,UK,iHerb
2022-10-31,Zinc,Mineral,246,41.83,0.17,UK,iHerb
2022-11-21,Zinc,Mineral,690,27.68,0.13,UK,Walmart
2022-12-19,Zinc,Mineral,2407,11.71,0.2,UK,Walmart
2023-01-02,Zinc,Mineral,249,39.13,0.04,UK,iHerb
2023-01-16,Zinc,Mineral,650,36.97,0.22,UK,Walmart
2023-02-06,Zinc,Mineral,575,41.93,0.22,UK,Walmart
2023-04-10,Zinc,Mineral,124,59.81,0.18,UK,Amazon
2023-04-17,Zinc,Mineral,172,47.35,0.09,UK,Walmart
2023-05-15,Zinc,Mineral,594,34.08,0.17,UK,Amazon
2023-05-22,Zinc,Mineral,513,34.92,0.12,UK,iHerb
2023-06-05,Zinc,Mineral,2254,20.1,0.22,UK,Amazon
2023-06-12,Zinc,Mineral,300,36.16,0.05,UK,iHerb
2023-07-10,Zinc,Mineral,103,50.76,0.09,UK,Walmart
2023-07-17,Zinc,Mineral,1266,21.5,0.15,UK,Amazon
2023-07-24,Zinc,Mineral,557,34.71,0.21,UK,iHerb
2023-08-07,Zinc,Mineral,570,25.35,0.05,UK,Amazon
2023-09-11,Zinc,Mineral,597,26.35,0.16,UK,iHerb
2023-09-18,Zinc,Mineral,121,45.84,0.07,UK,Amazon
2023-09-25,Zinc,Mineral,63,59.95,0.17,UK,iHerb
2023-10-02,Zinc,Mineral,1696,12.53,0.22,UK,iHerb
2023-10-09,Zinc,Mineral,997,17.4,0.13,UK,Walmart
2023-10-16,Zinc,Mineral,86,46.25,0.04,UK,Amazon
2023-10-30,Zinc,Mineral,26,59.75,0.01,UK,Walmart
2023-11-27,Zinc,Mineral,167,54.76,0.2,UK,iHerb
2023-12-04,Zinc,Mineral,583,28.56,0.13,UK,Walmart
2023-12-18,Zinc,Mineral,82,54.84,0.08,UK,iHerb
2024-03-11,Zinc,Mineral,530,31.94,0.11,UK,Walmart
2024-03-18,Zinc,Mineral,235,41.14,0.04,UK,iHerb
2024-05-06,Zinc,Mineral,663,33.32,0.14,UK,iHerb
2024-06-03,Zinc,Mineral,2394,10.22,0.13,UK,Walmart
2024-06-17,Zinc,Mineral,1356,18.76,0.11,UK,Amazon
2024-07-01,Zinc,Mineral,937,15.25,0.01,UK,iHerb
2024-08-05,Zinc,Mineral,259,38.62,0.12,UK,iHerb
2024-08-12,Zinc,Mineral,102,55.6,0.2,UK,Amazon
2024-08-26,Zinc,Mineral,400,38.92,0.24,UK,Amazon
2024-09-02,Zinc,Mineral,1010,15.48,0.06,UK,Amazon
2024-09-16,Zinc,Mineral,201,48.93,0.22,UK,Walmart
2024-09-23,Zinc,Mineral,823,30.02,0.23,UK,Amazon
2024-10-07,Zinc,Mineral,162,39.28,0.08,UK,iHerb
2024-10-21,Zinc,Mineral,360,27.95,0.03,UK,Amazon
2024-10-28,Zinc,Mineral,741,21.6,0.1,UK,Amazon
2024-11-11,Zinc,Mineral,1317,10.72,0.01,UK,Walmart
2024-11-18,Zinc,Mineral,77,50.89,0.06,UK,Amazon
2024-11-25,Zinc,Mineral,139,43.61,0.09,UK,iHerb
2024-12-02,Zinc,Mineral,282,43.99,0.18,UK,Amazon
2025-01-27,Zinc,Mineral,2936,10.05,0.13,UK,iHerb
2025-02-17,Zinc,Mineral,440,43.27,0.23,UK,iHerb
2025-02-24,Zinc,Mineral,1748,14.66,0.08,UK,Amazon
