Supplement_Sales_Weekly.csv
Date,Product Name,Category,Units Sold,Price,Discount,Location,Platform
2020-01-27,Magnesium,Mineral,231,30.55,0.09,USA,Amazon
2020-02-17,Magnesium,Mineral,186,35.31,0.16,USA,Amazon
2020-03-02,Magnesium,Mineral,371,19.73,0.01,USA,Amazon
2020-04-20,Magnesium,Mineral,442,24.37,0.16,USA,Amazon
2020-05-11,Magnesium,Mineral,235,33.21,0.18,USA,iHerb
2020-07-20,Magnesium,Mineral,151,29.44,0.06,USA,Amazon
2020-08-24,Magnesium,Mineral,59,46.47,0.14,USA,Walmart
2020-08-31,Magnesium,Mineral,452,15.63,0.1,USA,iHerb
2020-09-07,Magnesium,Mineral,41,59.61,0.21,USA,iHerb
2020-10-05,Magnesium,Mineral,225,31.89,0.21,USA,iHerb
2020-10-12,Magnesium,Mineral,22,51.48,0.03,USA,Amazon
2020-10-19,Magnesium,Mineral,160,25.25,0.05,USA,Amazon
2020-11-02,Magnesium,Mineral,225,20.88,0.03,USA,Walmart
2020-11-09,Magnesium,Mineral,817,11.72,0.16,USA,iHerb
2020-11-30,Magnesium,Mineral,55,46.05,0.06,USA,Walmart
2021-01-11,Magnesium,Mineral,686,19.75,0.21,USA,iHerb
2021-01-18,Magnesium,Mineral,196,33.49,0.11,USA,Walmart
2021-01-25,Magnesium,Mineral,106,34.21,0.02,USA,Walmart
2021-02-22,Magnesium,Mineral,237,37.53,0.21,USA,iHerb
2021-03-29,Magnesium,Mineral,788,16.78,0.13,USA,iHerb
2021-04-12,Magnesium,Mineral,53,55.05,0.17,USA,iHerb
2021-05-03,Magnesium,Mineral,359,32.02,0.23,USA,Walmart
2021-07-05,Magnesium,Mineral,254,34.58,0.24,USA,Amazon
2021-07-19,Magnesium,Mineral,41,43.98,0.02,USA,Walmart
2021-08-09,Magnesium,Mineral,319,30.1,0.21,USA,iHerb
2021-08-23,Magnesium,Mineral,71,46.02,0.16,USA,iHerb
2021-09-27,Magnesium,Mineral,175,25.05,0.04,USA,Walmart
2021-10-11,Magnesium,Mineral,34,51.24,0.1,USA,Walmart
2021-10-18,Magnesium,Mineral,339,21.24,0.13,USA,iHerb
2021-11-15,Magnesium,Mineral,201,26.26,0.12,USA,iHerb
2021-11-22,Magnesium,Mineral,197,30.84,0.19,USA,iHerb
2021-12-27,Magnesium,Mineral,67,48.21,0.15,USA,iHerb
2022-01-03,Magnesium,Mineral,41,53.44,0.13,USA,Amazon
2022-01-10,Magnesium,Mineral,132,50.47,0.24,USA,Amazon
2022-02-07,Magnesium,Mineral,567,22.73,0.23,USA,iHerb
2022-02-14,Magnesium,Mineral,480,20.24,0.09,USA,Walmart
2022-02-21,Magnesium,Mineral,197,29.19,0.04,USA,iHerb
2022-02-28,Magnesium,Mineral,423,25.9,0.14,USA,Amazon
2022-04-25,Magnesium,Mineral,368,25.85,0.16,USA,iHerb
2022-05-02,Magnesium,Mineral,64,41.28,0.01,USA,iHerb
2022-05-30,Magnesium,Mineral,181,42.3,0.25,USA,Amazon
2022-06-27,Magnesium,Mineral,219,26.27,0.04,USA,Amazon
2022-07-04,Magnesium,Mineral,452,23.92,0.24,USA,Amazon
2022-08-01,Magnesium,Mineral,25,52.46,0.06,USA,Walmart
2022-08-08,Magnesium,Mineral,184,26.34,0.04,USA,Amazon
2022-08-15,Magnesium,Mineral,409,23.04,0.22,USA,iHerb
2022-09-19,Magnesium,Mineral,62,50.71,0.19,USA,Amazon
2022-10-17,Magnesium,Mineral,828,13.17,0.25,USA,Walmart
2022-11-21,Magnesium,Mineral,172,30.35,0.12,USA,Amazon
2023-02-20,Magnesium,Mineral,456,17.16,0.01,USA,iHerb
2023-05-22,Magnesium,Mineral,429,17.36,0.04,USA,Walmart
2023-06-05,Magnesium,Mineral,467,21.85,0.19,USA,iHerb
2023-06-12,Magnesium,Mineral,615,14.57,0.05,USA,iHerb
2023-06-19,Magnesium,Mineral,604,22.17,0.25,USA,Amazon
2023-07-03,Magnesium,Mineral,77,37.37,0.02,USA,iHerb
2023-07-31,Magnesium,Mineral,133,36.13,0.09,USA,Walmart
2023-08-28,Magnesium,Mineral,521,11.65,0.07,USA,Amazon
2023-09-04,Magnesium,Mineral,19,53.43,0.02,USA,Walmart
2023-09-11,Magnesium,Mineral,86,46.59,0.2,USA,iHerb
2023-09-25,Magnesium,Mineral,281,18.59,0.03,USA,iHerb
2023-11-27,Magnesium,Mineral,141,42.8,0.23,USA,iHerb
2023-12-04,Magnesium,Mineral,84,38.69,0.05,USA,Amazon
2024-01-15,Magnesium,Mineral,190,40.96,0.24,USA,iHerb
2024-01-22,Magnesium,Mineral,149,35.55,0.12,USA,Walmart
2024-01-29,Magnesium,Mineral,610,18.64,0.15,USA,iHerb
2024-03-04,Magnesium,Mineral,1014,12.01,0.15,USA,Amazon
2024-04-01,Magnesium,Mineral,391,27.56,0.22,USA,Walmart
2024-04-15,Magnesium,Mineral,512,24.11,0.13,USA,iHerb
2024-04-22,Magnesium,Mineral,751,22.21,0.2,USA,iHerb
2024-04-29,Magnesium,Mineral,584,22.95,0.23,USA,Amazon
2024-05-13,Magnesium,Mineral,85,44.34,0.1,USA,iHerb
2024-06-24,Magnesium,Mineral,191,27.08,0.04,USA,iHerb
2024-09-09,Magnesium,Mineral,85,40.49,0.14,USA,Amazon
2024-09-16,Magnesium,Mineral,180,33.65,0.19,USA,Walmart
2024-10-07,Magnesium,Mineral,116,36.79,0.16,USA,Amazon
2024-10-21,Magnesium,Mineral,158,27.97,0.04,USA,Walmart
2024-11-18,Magnesium,Mineral,322,29.0,0.22,USA,Amazon
2024-11-25,Magnesium,Mineral,266,25.1,0.09,USA,Amazon
2024-12-09,Magnesium,Mineral,94,38.33,0.1,USA,Amazon
2024-12-23,Magnesium,Mineral,210,31.54,0.17,USA,Walmart
2024-12-30,Magnesium,Mineral,42,51.01,0.08,USA,Walmart
2025-01-06,Magnesium,Mineral,781,13.17,0.17,USA,iHerb
2025-02-10,Magnesium,Mineral,76,50.7,0.13,USA,Amazon
2020-01-27,Melatonin,Sleep Aid,298,38.27,0.12,UK,iHerb
2020-03-09,Melatonin,Sleep Aid,160,40.68,0.02,UK,Walmart
2020-03-30,Melatonin,Sleep Aid,1301,18.13,0.14,UK,iHerb
2020-06-08,Melatonin,Sleep Aid,960,18.03,0.01,UK,Amazon
2020-06-22,Melatonin,Sleep Aid,478,29.23,0.11,UK,Walmart
2020-06-29,Melatonin,Sleep Aid,787,27.29,0.17,UK,Amazon
2020-07-20,Melatonin,Sleep Aid,77,59.78,0.15,UK,iHerb
2020-09-21,Melatonin,Sleep Aid,74,50.59,0.09,UK,Walmart
2020-11-02,Melatonin,Sleep Aid,582,21.94,0.05,UK,iHerb
2020-11-23,Melatonin,Sleep Aid,611,27.73,0.14,UK,Amazon
2020-12-28,Melatonin,Sleep Aid,874,15.68,0.0,UK,Walmart
2021-01-04,Melatonin,Sleep Aid,119,42.51,0.02,UK,Amazon
2021-01-25,Melatonin,Sleep Aid,460,27.36,0.07,UK,iHerb
2021-02-01,Melatonin,Sleep Aid,455,32.1,0.08,UK,Walmart
2021-03-01,Melatonin,Sleep Aid,62,56.59,0.05,UK,Amazon
2021-03-29,Melatonin,Sleep Aid,1184,18.54,0.07,UK,iHerb
2021-04-26,Melatonin,Sleep Aid,348,45.2,0.24,UK,Amazon
2021-05-17,Melatonin,Sleep Aid,2192,16.15,0.25,UK,iHerb
2021-05-31,Melatonin,Sleep Aid,102,55.29,0.13,UK,Amazon
2021-06-14,Melatonin,Sleep Aid,249,45.18,0.16,UK,Walmart
2021-07-12,Melatonin,Sleep Aid,78,48.29,0.02,UK,Walmart
2021-07-26,Melatonin,Sleep Aid,382,30.64,0.06,UK,Walmart
2021-08-09,Melatonin,Sleep Aid,26,59.64,0.03,UK,Walmart
2021-08-30,Melatonin,Sleep Aid,1543,16.59,0.22,UK,iHerb
2021-09-06,Melatonin,Sleep Aid,270,40.25,0.16,UK,Amazon
2021-09-20,Melatonin,Sleep Aid,726,20.4,0.08,UK,Walmart
2021-11-08,Melatonin,Sleep Aid,172,40.32,0.11,UK,Walmart
2021-11-15,Melatonin,Sleep Aid,372,26.65,0.04,UK,Walmart
2021-11-29,Melatonin,Sleep Aid,472,28.8,0.16,UK,Amazon
2021-12-06,Melatonin,Sleep Aid,595,31.62,0.24,UK,iHerb
2022-01-24,Melatonin,Sleep Aid,737,25.21,0.11,UK,Amazon
2022-01-31,Melatonin,Sleep Aid,373,38.85,0.16,UK,Walmart
2022-03-14,Melatonin,Sleep Aid,1222,19.13,0.15,UK,iHerb
2022-03-21,Melatonin,Sleep Aid,97,52.43,0.1,UK,Walmart
2022-05-02,Melatonin,Sleep Aid,668,22.23,0.03,UK,Walmart
2022-05-09,Melatonin,Sleep Aid,274,40.28,0.12,UK,Walmart
2022-06-13,Melatonin,Sleep Aid,432,32.56,0.15,UK,iHerb
2022-06-27,Melatonin,Sleep Aid,721,27.96,0.18,UK,Amazon
2022-09-05,Melatonin,Sleep Aid,1050,16.68,0.12,UK,iHerb
2022-09-12,Melatonin,Sleep Aid,460,24.59,0.06,UK,Walmart
2022-10-03,Melatonin,Sleep Aid,349,31.37,0.13,UK,Walmart
2022-10-10,Melatonin,Sleep Aid,999,17.64,0.16,UK,iHerb
2022-11-21,Melatonin,Sleep Aid,1132,17.45,0.25,UK,iHerb
2022-12-12,Melatonin,Sleep Aid,366,28.14,0.0,UK,Amazon
2023-01-02,Melatonin,Sleep Aid,94,44.6,0.01,UK,Amazon
2023-01-09,Melatonin,Sleep Aid,221,52.54,0.24,UK,iHerb
2023-01-16,Melatonin,Sleep Aid,327,38.88,0.11,UK,iHerb
2023-01-30,Melatonin,Sleep Aid,1831,19.79,0.23,UK,Walmart
2023-02-20,Melatonin,Sleep Aid,1884,15.48,0.12,UK,Walmart
2023-02-27,Melatonin,Sleep Aid,1351,13.03,0.02,UK,Amazon
2023-03-20,Melatonin,Sleep Aid,2292,10.38,0.14,UK,Amazon
2023-03-27,Melatonin,Sleep Aid,105,53.55,0.16,UK,Walmart
2023-05-08,Melatonin,Sleep Aid,181,46.66,0.14,UK,Walmart
2023-05-22,Melatonin,Sleep Aid,351,44.34,0.23,UK,Amazon
2023-07-03,Melatonin,Sleep Aid,361,39.77,0.19,UK,Walmart
2023-07-10,Melatonin,Sleep Aid,51,59.09,0.09,UK,Amazon
2023-07-31,Melatonin,Sleep Aid,56,51.76,0.05,UK,Walmart
2023-08-28,Melatonin,Sleep Aid,367,30.12,0.12,UK,Walmart
2023-09-11,Melatonin,Sleep Aid,33,56.24,0.04,UK,iHerb
2023-10-23,Melatonin,Sleep Aid,55,49.89,0.04,UK,Walmart
2023-10-30,Melatonin,Sleep Aid,138,49.39,0.16,UK,Amazon
2023-11-27,Melatonin,Sleep Aid,475,29.19,0.13,UK,Amazon
2023-12-11,Melatonin,Sleep Aid,210,46.61,0.19,UK,Walmart
2024-04-08,Melatonin,Sleep Aid,454,35.25,0.12,UK,iHerb
2024-04-22,Melatonin,Sleep Aid,169,56.78,0.2,UK,Walmart
2024-05-20,Melatonin,Sleep Aid,313,29.52,0.0,UK,Amazon
2024-05-27,Melatonin,Sleep Aid,94,55.16,0.13,UK,Amazon
2024-06-17,Melatonin,Sleep Aid,198,38.13,0.03,UK,Walmart
2024-06-24,Melatonin,Sleep Aid,270,37.71,0.09,UK,Amazon
2024-07-08,Melatonin,Sleep Aid,690,24.78,0.19,UK,Walmart
2024-07-22,Melatonin,Sleep Aid,1392,11.87,0.09,UK,iHerb
2024-08-05,Melatonin,Sleep Aid,2150,12.37,0.22,UK,iHerb
2024-08-26,Melatonin,Sleep Aid,80,55.01,0.18,UK,iHerb
2024-09-02,Melatonin,Sleep Aid,814,15.37,0.07,UK,iHerb
2024-09-09,Melatonin,Sleep Aid,190,45.56,0.19,UK,iHerb
2024-09-30,Melatonin,Sleep Aid,64,59.67,0.17,UK,iHerb
2024-12-02,Melatonin,Sleep Aid,230,43.51,0.19,UK,Walmart
2025-01-06,Melatonin,Sleep Aid,910,26.98,0.24,UK,Amazon
2025-01-20,Melatonin,Sleep Aid,471,33.42,0.1,UK,iHerb
2025-03-03,Melatonin,Sleep Aid,1724,15.69,0.13,UK,iHerb
2025-03-24,Melatonin,Sleep Aid,2058,13.04,0.15,UK,Walmart
2020-01-27,Electrolyte Powder,Hydration,259,34.23,0.04,Canada,Amazon
2020-02-03,Electrolyte Powder,Hydration,122,46.57,0.05,Canada,iHerb
2020-02-17,Electrolyte Powder,Hydration,729,27.26,0.13,Canada,Amazon
2020-02-24,Electrolyte Powder,Hydration,478,27.29,0.04,Canada,Amazon
2020-03-09,Electrolyte Powder,Hydration,1901,13.65,0.1,Canada,Amazon
2020-04-27,Electrolyte Powder,Hydration,749,23.01,0.04,Canada,iHerb
2020-06-29,Electrolyte Powder,Hydration,505,30.91,0.19,Canada,Amazon
2020-07-13,Electrolyte Powder,Hydration,203,35.01,0.02,Canada,Walmart
2020-08-03,Electrolyte Powder,Hydration,237,40.22,0.19,Canada,Walmart
2020-08-31,Electrolyte Powder,Hydration,955,19.79,0.21,Canada,Amazon
2020-09-07,Electrolyte Powder,Hydration,325,26.02,0.04,Canada,Amazon
2020-09-28,Electrolyte Powder,Hydration,228,40.12,0.12,Canada,Walmart
2020-10-19,Electrolyte Powder,Hydration,1699,11.36,0.2,Canada,iHerb
2020-11-09,Electrolyte Powder,Hydration,91,45.52,0.03,Canada,iHerb
2021-01-04,Electrolyte Powder,Hydration,398,28.34,0.03,Canada,iHerb
2021-01-25,Electrolyte Powder,Hydration,2101,10.5,0.05,Canada,iHerb
2021-02-01,Electrolyte Powder,Hydration,1412,10.29,0.02,Canada,Amazon
2021-03-01,Electrolyte Powder,Hydration,1865,12.62,0.06,Canada,Walmart
2021-03-08,Electrolyte Powder,Hydration,360,33.54,0.04,Canada,iHerb
2021-03-15,Electrolyte Powder,Hydration,271,34.88,0.04,Canada,iHerb
2021-04-05,Electrolyte Powder,Hydration,68,57.45,0.06,Canada,Amazon
2021-05-17,Electrolyte Powder,Hydration,147,46.38,0.11,Canada,iHerb
2021-06-28,Electrolyte Powder,Hydration,570,31.59,0.2,Canada,Walmart
2021-08-09,Electrolyte Powder,Hydration,62,52.68,0.06,Canada,Amazon
2021-08-23,Electrolyte Powder,Hydration,205,38.91,0.12,Canada,Amazon
2021-09-06,Electrolyte Powder,Hydration,1348,10.29,0.11,Canada,Walmart
2021-09-13,Electrolyte Powder,Hydration,1033,12.24,0.07,Canada,Amazon
2021-09-20,Electrolyte Powder,Hydration,50,52.81,0.03,Canada,Walmart
2021-10-04,Electrolyte Powder,Hydration,148,46.02,0.13,Canada,Walmart
2021-10-11,Electrolyte Powder,Hydration,202,29.93,0.0,Canada,Amazon
2021-10-18,Electrolyte Powder,Hydration,269,32.53,0.07,Canada,Walmart
2021-11-08,Electrolyte Powder,Hydration,245,43.86,0.22,Canada,iHerb
2021-11-22,Electrolyte Powder,Hydration,857,22.47,0.22,Canada,Walmart
2021-11-29,Electrolyte Powder,Hydration,431,26.07,0.04,Canada,Walmart
2021-12-06,Electrolyte Powder,Hydration,1808,10.36,0.08,Canada,iHerb
2022-01-24,Electrolyte Powder,Hydration,843,20.8,0.03,Canada,Amazon
2022-02-07,Electrolyte Powder,Hydration,310,36.62,0.07,Canada,Amazon
2022-02-21,Electrolyte Powder,Hydration,66,53.71,0.04,Canada,iHerb
2022-02-28,Electrolyte Powder,Hydration,2672,12.33,0.24,Canada,Walmart
2022-06-13,Electrolyte Powder,Hydration,102,55.73,0.14,Canada,Amazon
2022-07-11,Electrolyte Powder,Hydration,28,59.91,0.0,Canada,Amazon
2022-07-25,Electrolyte Powder,Hydration,114,59.75,0.23,Canada,Amazon
2022-08-08,Electrolyte Powder,Hydration,736,20.67,0.13,Canada,Amazon
2022-08-22,Electrolyte Powder,Hydration,239,32.12,0.04,Canada,Walmart
2022-08-29,Electrolyte Powder,Hydration,301,36.91,0.2,Canada,Walmart
2022-09-12,Electrolyte Powder,Hydration,75,49.35,0.08,Canada,Amazon
2022-10-10,Electrolyte Powder,Hydration,158,54.01,0.24,Canada,Amazon
2022-10-17,Electrolyte Powder,Hydration,982,17.83,0.16,Canada,Amazon
2022-10-24,Electrolyte Powder,Hydration,1244,18.77,0.2,Canada,iHerb
2022-11-21,Electrolyte Powder,Hydration,764,27.75,0.25,Canada,Walmart
2022-11-28,Electrolyte Powder,Hydration,301,37.65,0.16,Canada,Walmart
2022-12-26,Electrolyte Powder,Hydration,796,20.97,0.06,Canada,iHerb
2023-01-23,Electrolyte Powder,Hydration,479,29.68,0.07,Canada,iHerb
2023-02-06,Electrolyte Powder,Hydration,1144,19.31,0.07,Canada,Walmart
2023-03-06,Electrolyte Powder,Hydration,89,48.68,0.04,Canada,Walmart
2023-04-10,Electrolyte Powder,Hydration,184,42.81,0.1,Canada,Amazon
2023-04-17,Electrolyte Powder,Hydration,678,35.81,0.22,Canada,Amazon
2023-05-22,Electrolyte Powder,Hydration,2197,11.45,0.14,Canada,Walmart
2023-05-29,Electrolyte Powder,Hydration,446,34.41,0.11,Canada,iHerb
2023-06-05,Electrolyte Powder,Hydration,1586,16.84,0.2,Canada,iHerb
2023-07-03,Electrolyte Powder,Hydration,111,40.51,0.04,Canada,iHerb
2023-07-17,Electrolyte Powder,Hydration,163,44.09,0.13,Canada,Walmart
2023-07-24,Electrolyte Powder,Hydration,148,42.07,0.07,Canada,iHerb
2023-07-31,Electrolyte Powder,Hydration,643,24.04,0.13,Canada,Amazon
2023-08-14,Electrolyte Powder,Hydration,59,59.83,0.14,Canada,Amazon
2023-08-21,Electrolyte Powder,Hydration,96,53.95,0.16,Canada,Amazon
2023-08-28,Electrolyte Powder,Hydration,757,23.49,0.18,Canada,Walmart
2023-09-11,Electrolyte Powder,Hydration,620,22.02,0.14,Canada,Walmart
2023-09-18,Electrolyte Powder,Hydration,105,43.58,0.04,Canada,Walmart
2023-09-25,Electrolyte Powder,Hydration,147,41.51,0.09,Canada,Walmart
2023-10-23,Electrolyte Powder,Hydration,89,47.17,0.09,Canada,Amazon
2023-11-06,Electrolyte Powder,Hydration,31,55.47,0.03,Canada,Amazon
2023-11-13,Electrolyte Powder,Hydration,94,52.55,0.16,Canada,Walmart
2024-01-22,Electrolyte Powder,Hydration,809,29.83,0.23,Canada,iHerb
2024-02-12,Electrolyte Powder,Hydration,90,49.81,0.02,Canada,iHerb
2024-03-25,Electrolyte Powder,Hydration,1036,21.24,0.08,Canada,Amazon
2024-04-15,Electrolyte Powder,Hydration,1087,27.2,0.19,Canada,iHerb
2024-04-29,Electrolyte Powder,Hydration,1741,17.83,0.16,Canada,iHerb
2024-06-03,Electrolyte Powder,Hydration,843,23.38,0.14,Canada,Amazon
2024-06-17,Electrolyte Powder,Hydration,618,29.88,0.18,Canada,Amazon
2024-06-24,Electrolyte Powder,Hydration,66,58.55,0.13,Canada,Amazon
2024-07-15,Electrolyte Powder,Hydration,2345,10.0,0.23,Canada,iHerb
2024-09-09,Electrolyte Powder,Hydration,422,29.96,0.19,Canada,iHerb
2024-09-23,Electrolyte Powder,Hydration,35,55.34,0.04,Canada,iHerb
2024-10-21,Electrolyte Powder,Hydration,373,31.45,0.18,Canada,iHerb
2024-10-28,Electrolyte Powder,Hydration,118,46.06,0.11,Canada,Amazon
2024-11-04,Electrolyte Powder,Hydration,93,44.48,0.03,Canada,Amazon
2024-11-11,Electrolyte Powder,Hydration,741,27.1,0.23,Canada,Walmart
2024-12-16,Electrolyte Powder,Hydration,315,44.27,0.21,Canada,Amazon
2025-02-03,Electrolyte Powder,Hydration,846,22.2,0.05,Canada,Amazon
2025-02-17,Electrolyte Powder,Hydration,106,49.48,0.05,Canada,iHerb
2025-02-24,Electrolyte Powder,Hydration,548,31.37,0.12,Canada,Amazon
2025-03-24,Electrolyte Powder,Hydration,333,32.18,0.07,Canada,Amazon
