Supplement_Sales_Weekly.csv
Date,Product Name,Category,Units Sold,Price,Discount,Location,Platform
2020-02-03,Fish Oil,Omega,1170,18.24,0.08,UK,Amazon
2020-03-09,Fish Oil,Omega,514,38.86,0.22,UK,Walmart
2020-04-20,Fish Oil,Omega,2279,13.42,0.2,UK,iHerb
2020-05-11,Fish Oil,Omega,159,46.17,0.13,UK,iHerb
2020-06-22,Fish Oil,Omega,281,38.84,0.12,UK,iHerb
2020-08-10,Fish Oil,Omega,743,29.14,0.21,UK,Amazon
2020-08-31,Fish Oil,Omega,165,47.59,0.2,UK,Amazon
2020-09-14,Fish Oil,Omega,959,18.44,0.21,UK,iHerb
2020-09-28,Fish Oil,Omega,742,16.17,0.05,UK,Amazon
2020-10-05,Fish Oil,Omega,107,56.64,0.23,UK,iHerb
2020-10-12,Fish Oil,Omega,644,30.32,0.22,UK,Walmart
2020-10-19,Fish Oil,Omega,100,45.05,0.1,UK,iHerb
2020-11-02,Fish Oil,Omega,628,27.4,0.22,UK,iHerb
2020-11-09,Fish Oil,Omega,1160,17.82,0.19,UK,Walmart
2020-11-23,Fish Oil,Omega,1018,16.31,0.03,UK,Walmart
2020-12-21,Fish Oil,Omega,1967,10.66,0.14,UK,Walmart
2021-01-04,Fish Oil,Omega,1942,16.8,0.21,UK,Amazon
2021-01-25,Fish Oil,Omega,568,35.6,0.24,UK,Walmart
2021-02-01,Fish Oil,Omega,1324,21.09,0.2,UK,Amazon
2021-02-15,Fish Oil,Omega,1044,26.6,0.19,UK,Walmart
2021-03-01,Fish Oil,Omega,734,28.33,0.15,UK,Amazon
2021-03-08,Fish Oil,Omega,40,56.72,0.01,UK,iHerb
2021-03-22,Fish Oil,Omega,527,31.64,0.12,UK,Amazon
2021-04-05,Fish Oil,Omega,1565,18.15,0.2,UK,Amazon
2021-05-10,Fish Oil,Omega,383,35.88,0.14,UK,Amazon
2021-05-17,Fish Oil,Omega,1359,23.1,0.22,UK,Walmart
2021-06-07,Fish Oil,Omega,126,44.68,0.01,UK,iHerb
2021-07-05,Fish Oil,Omega,521,33.39,0.16,UK,Amazon
2021-09-27,Fish Oil,Omega,553,24.24,0.13,UK,Amazon
2021-10-11,Fish Oil,Omega,599,28.16,0.21,UK,Amazon
2021-10-18,Fish Oil,Omega,96,59.13,0.22,UK,iHerb
2021-11-01,Fish Oil,Omega,253,44.78,0.23,UK,Amazon
2021-12-13,Fish Oil,Omega,46,55.41,0.08,UK,Amazon
2021-12-20,Fish Oil,Omega,676,17.94,0.05,UK,Amazon
2022-01-10,Fish Oil,Omega,457,31.61,0.13,UK,Amazon
2022-01-24,Fish Oil,Omega,683,21.45,0.03,UK,iHerb
2022-03-07,Fish Oil,Omega,112,52.96,0.1,UK,Walmart
2022-04-04,Fish Oil,Omega,1108,18.21,0.06,UK,iHerb
2022-04-18,Fish Oil,Omega,53,55.53,0.0,UK,Walmart
2022-07-04,Fish Oil,Omega,750,21.85,0.08,UK,Amazon
2022-09-12,Fish Oil,Omega,272,35.99,0.17,UK,Amazon
2022-09-19,Fish Oil,Omega,111,55.48,0.21,UK,Amazon
2022-10-10,Fish Oil,Omega,742,19.47,0.09,UK,Amazon
2022-12-05,Fish Oil,Omega,81,45.84,0.03,UK,iHerb
2022-12-12,Fish Oil,Omega,521,32.94,0.25,UK,Amazon
2022-12-19,Fish Oil,Omega,86,47.46,0.05,UK,iHerb
2023-01-23,Fish Oil,Omega,620,28.76,0.12,UK,iHerb
2023-02-06,Fish Oil,Omega,70,53.12,0.04,UK,Walmart
2023-02-13,Fish Oil,Omega,235,36.75,0.03,UK,iHerb
2023-02-27,Fish Oil,Omega,192,52.62,0.18,UK,Amazon
2023-03-13,Fish Oil,Omega,203,38.19,0.02,UK,Amazon
2023-04-10,Fish Oil,Omega,2077,14.18,0.21,UK,Walmart
2023-04-24,Fish Oil,Omega,488,31.52,0.11,UK,Walmart
2023-05-01,Fish Oil,Omega,90,58.31,0.13,UK,Amazon
2023-05-15,Fish Oil,Omega,149,45.92,0.09,UK,Amazon
2023-05-22,Fish Oil,Omega,456,35.96,0.13,UK,Amazon
2023-05-29,Fish Oil,Omega,667,26.39,0.09,UK,iHerb
2023-07-24,Fish Oil,Omega,311,38.06,0.15,UK,Walmart
2023-08-07,Fish Oil,Omega,1733,13.15,0.15,UK,Amazon
2023-08-28,Fish Oil,Omega,115,54.25,0.19,UK,Amazon
2023-09-18,Fish Oil,Omega,519,24.13,0.05,UK,iHerb
2023-10-09,Fish Oil,Omega,144,38.42,0.03,UK,Amazon
2023-11-20,Fish Oil,Omega,726,27.9,0.22,UK,Amazon
2023-11-27,Fish Oil,Omega,1445,15.89,0.23,UK,Walmart
2023-12-25,Fish Oil,Omega,296,36.73,0.11,UK,Walmart
2024-01-08,Fish Oil,Omega,154,47.55,0.13,UK,Walmart
2024-01-22,Fish Oil,Omega,1954,12.62,0.14,UK,iHerb
2024-01-29,Fish Oil,Omega,322,35.54,0.1,UK,Walmart
2024-02-05,Fish Oil,Omega,1245,21.94,0.18,UK,iHerb
2024-02-19,Fish Oil,Omega,47,57.36,0.05,UK,Amazon
2024-03-25,Fish Oil,Omega,113,59.72,0.16,UK,iHerb
2024-06-17,Fish Oil,Omega,197,37.21,0.01,UK,Walmart
2024-06-24,Fish Oil,Omega,141,41.68,0.05,UK,Walmart
2024-07-01,Fish Oil,Omega,110,48.93,0.1,UK,iHerb
2024-07-08,Fish Oil,Omega,2101,11.58,0.23,UK,iHerb
2024-07-22,Fish Oil,Omega,853,21.95,0.16,UK,iHerb
2024-07-29,Fish Oil,Omega,47,54.54,0.02,UK,Walmart
2024-08-12,Fish Oil,Omega,1299,16.89,0.19,UK,Amazon
2024-09-02,Fish Oil,Omega,65,50.8,0.08,UK,Amazon
2024-09-23,Fish Oil,Omega,165,37.74,0.04,UK,Amazon
2024-10-21,Fish Oil,Omega,47,57.45,0.09,UK,Walmart
2024-11-18,Fish Oil,Omega,842,15.37,0.05,UK,Amazon
2024-11-25,Fish Oil,Omega,1219,18.66,0.13,UK,Walmart
2025-01-13,Fish Oil,Omega,2107,12.33,0.15,UK,iHerb
2025-01-20,Fish Oil,Omega,2508,12.43,0.17,UK,iHerb
2025-02-24,Fish Oil,Omega,774,35.98,0.24,UK,Amazon
2025-03-03,Fish Oil,Omega,1050,23.6,0.15,UK,iHerb
2025-03-17,Fish Oil,Omega,563,26.6,0.06,UK,Walmart
2020-02-03,Pre-Workout,Performance,96,59.25,0.19,UK,Amazon
2020-04-06,Pre-Workout,Performance,76,53.34,0.07,UK,Walmart
2020-04-27,Pre-Workout,Performance,82,46.94,0.0,UK,Walmart
2020-06-15,Pre-Workout,Performance,44,59.51,0.08,UK,Walmart
2020-07-06,Pre-Workout,Performance,164,39.42,0.1,UK,Walmart
2020-07-13,Pre-Workout,Performance,79,56.72,0.17,UK,Amazon
2020-08-10,Pre-Workout,Performance,23,57.99,0.01,UK,iHerb
2020-08-17,Pre-Workout,Performance,910,18.07,0.12,UK,Walmart
2020-08-31,Pre-Workout,Performance,36,53.65,0.04,UK,Amazon
2020-09-07,Pre-Workout,Performance,198,35.62,0.09,UK,iHerb
2020-09-14,Pre-Workout,Performance,419,24.21,0.07,UK,Walmart
2020-09-21,Pre-Workout,Performance,29,56.3,0.04,UK,Walmart
2020-10-05,Pre-Workout,Performance,258,37.64,0.19,UK,iHerb
2020-10-26,Pre-Workout,Performance,801,14.13,0.04,UK,Amazon
2020-11-16,Pre-Workout,Performance,123,51.32,0.18,UK,iHerb
2021-01-04,Pre-Workout,Performance,1219,12.8,0.04,UK,iHerb
2021-02-01,Pre-Workout,Performance,2075,12.62,0.2,UK,iHerb
2021-02-15,Pre-Workout,Performance,171,41.69,0.06,UK,Walmart
2021-02-22,Pre-Workout,Performance,44,59.96,0.07,UK,Walmart
2021-03-22,Pre-Workout,Performance,730,27.84,0.15,UK,Amazon
2021-03-29,Pre-Workout,Performance,115,59.58,0.19,UK,Walmart
2021-04-05,Pre-Workout,Performance,168,46.02,0.11,UK,Amazon
2021-04-26,Pre-Workout,Performance,263,51.85,0.25,UK,Amazon
2021-05-10,Pre-Workout,Performance,1703,14.68,0.19,UK,Walmart
2021-05-17,Pre-Workout,Performance,756,24.13,0.09,UK,iHerb
2021-06-14,Pre-Workout,Performance,916,19.93,0.12,UK,Walmart
2021-06-21,Pre-Workout,Performance,79,53.67,0.1,UK,Amazon
2021-07-05,Pre-Workout,Performance,64,50.63,0.03,UK,Amazon
2021-07-26,Pre-Workout,Performance,401,30.91,0.23,UK,Amazon
2021-08-02,Pre-Workout,Performance,102,56.4,0.21,UK,iHerb
2021-08-23,Pre-Workout,Performance,1508,10.27,0.14,UK,Amazon
2021-09-20,Pre-Workout,Performance,210,36.92,0.14,UK,Walmart
2021-10-25,Pre-Workout,Performance,871,19.4,0.21,UK,Walmart
2021-11-08,Pre-Workout,Performance,1143,12.91,0.09,UK,Amazon
2021-12-06,Pre-Workout,Performance,221,35.63,0.08,UK,Walmart
2021-12-13,Pre-Workout,Performance,30,57.78,0.01,UK,iHerb
2022-01-10,Pre-Workout,Performance,1376,10.17,0.06,UK,Amazon
2022-01-17,Pre-Workout,Performance,359,37.89,0.16,UK,Walmart
2022-02-14,Pre-Workout,Performance,294,33.53,0.08,UK,Amazon
2022-02-21,Pre-Workout,Performance,158,49.78,0.15,UK,iHerb
2022-03-21,Pre-Workout,Performance,398,38.52,0.19,UK,Amazon
2022-04-11,Pre-Workout,Performance,136,52.9,0.17,UK,iHerb
2022-04-18,Pre-Workout,Performance,56,59.35,0.1,UK,Walmart
2022-04-25,Pre-Workout,Performance,1010,22.89,0.19,UK,Walmart
2022-05-16,Pre-Workout,Performance,437,26.77,0.02,UK,iHerb
2022-06-20,Pre-Workout,Performance,553,24.25,0.11,UK,Walmart
2022-07-18,Pre-Workout,Performance,718,27.2,0.23,UK,Amazon
2022-07-25,Pre-Workout,Performance,159,51.97,0.24,UK,Walmart
2022-08-08,Pre-Workout,Performance,323,26.8,0.04,UK,Amazon
2022-09-26,Pre-Workout,Performance,237,44.38,0.25,UK,Amazon
2022-10-03,Pre-Workout,Performance,261,39.01,0.22,UK,Walmart
2022-10-10,Pre-Workout,Performance,131,42.6,0.12,UK,Amazon
2022-11-14,Pre-Workout,Performance,1098,17.28,0.21,UK,Amazon
2022-11-21,Pre-Workout,Performance,65,51.32,0.11,UK,Walmart
2022-11-28,Pre-Workout,Performance,186,43.86,0.17,UK,Walmart
2022-12-12,Pre-Workout,Performance,394,33.99,0.21,UK,Walmart
2022-12-19,Pre-Workout,Performance,1024,16.16,0.17,UK,Amazon
2022-12-26,Pre-Workout,Performance,328,32.6,0.08,UK,Amazon
2023-01-23,Pre-Workout,Performance,324,36.82,0.19,UK,iHerb
2023-02-20,Pre-Workout,Performance,163,50.28,0.18,UK,Walmart
2023-04-24,Pre-Workout,Performance,243,45.41,0.19,UK,iHerb
2023-06-26,Pre-Workout,Performance,434,27.62,0.11,UK,Walmart
2023-07-10,Pre-Workout,Performance,199,38.27,0.06,UK,iHerb
2023-07-17,Pre-Workout,Performance,1072,16.98,0.13,UK,iHerb
2023-07-31,Pre-Workout,Performance,107,45.76,0.09,UK,Walmart
2023-10-16,Pre-Workout,Performance,200,44.08,0.23,UK,iHerb
2023-11-20,Pre-Workout,Performance,190,43.07,0.16,UK,iHerb
2023-11-27,Pre-Workout,Performance,853,18.34,0.11,UK,Amazon
2023-12-25,Pre-Workout,Performance,325,34.69,0.11,UK,Amazon
2024-01-15,Pre-Workout,Performance,2042,10.93,0.24,UK,iHerb
2024-01-29,Pre-Workout,Performance,1501,10.49,0.08,UK,Amazon
2024-02-05,Pre-Workout,Performance,116,58.9,0.21,UK,Walmart
2024-02-26,Pre-Workout,Performance,330,42.1,0.17,UK,Amazon
2024-03-25,Pre-Workout,Performance,1920,16.62,0.19,UK,iHerb
2024-04-01,Pre-Workout,Performance,590,28.21,0.13,UK,Walmart
2024-04-15,Pre-Workout,Performance,334,45.58,0.23,UK,Walmart
2024-04-22,Pre-Workout,Performance,225,42.99,0.14,UK,Amazon
2024-04-29,Pre-Workout,Performance,544,36.0,0.24,UK,iHerb
2024-05-13,Pre-Workout,Performance,369,30.56,0.06,UK,iHerb
2024-05-20,Pre-Workout,Performance,680,20.66,0.02,UK,iHerb
2024-06-03,Pre-Workout,Performance,922,13.41,0.02,UK,iHerb
2024-07-01,Pre-Workout,Performance,1124,18.76,0.19,UK,Amazon
2024-07-08,Pre-Workout,Performance,1557,10.14,0.08,UK,Walmart
2024-07-15,Pre-Workout,Performance,33,57.58,0.01,UK,iHerb
2024-07-22,Pre-Workout,Performance,697,20.02,0.06,UK,Amazon
2024-09-16,Pre-Workout,Performance,46,52.5,0.05,UK,iHerb
2024-09-30,Pre-Workout,Performance,40,54.38,0.06,UK,Amazon
2024-10-07,Pre-Workout,Performance,764,18.46,0.12,UK,Amazon
2024-11-04,Pre-Workout,Performance,58,47.25,0.03,UK,iHerb
2025-02-03,Pre-Workout,Performance,2089,11.22,0.14,UK,iHerb
2025-02-10,Pre-Workout,Performance,119,49.9,0.09,UK,iHerb
2025-03-03,Pre-Workout,Performance,297,49.17,0.25,UK,Amazon
2025-03-10,Pre-Workout,Performance,170,43.29,0.05,UK,iHerb
2020-02-03,Creatine,Performance,65,51.11,0.1,Canada,Amazon
2020-02-10,Creatine,Performance,628,21.36,0.21,Canada,iHerb
2020-03-02,Creatine,Performance,23,59.2,0.07,Canada,iHerb
2020-03-16,Creatine,Performance,72,,0.01,Canada,Amazon
2020-04-20,Creatine,Performance,1023,13.38,0.13,Canada,Walmart
2020-04-27,Creatine,Performance,66,43.64,0.02,Canada,Amazon
2020-05-04,Creatine,Performance,94,52.94,0.19,Canada,Amazon
2020-05-11,Creatine,Performance,369,29.47,0.14,Canada,iHerb
2020-05-18,Creatine,Performance,62,48.04,0.05,Canada,Walmart
2020-06-01,Creatine,Performance,928,12.85,0.1,Canada,iHerb
2020-06-15,Creatine,Performance,374,28.63,0.23,Canada,Walmart
2020-06-29,Creatine,Performance,75,47.62,0.13,Canada,iHerb
2020-08-17,Creatine,Performance,456,23.06,0.17,Canada,Walmart
2020-08-24,Creatine,Performance,459,21.95,0.19,Canada,iHerb
2020-08-31,Creatine,Performance,440,19.46,0.18,Canada,Walmart
2020-11-02,Creatine,Performance,16,59.17,0.06,Canada,Amazon
2020-11-16,Creatine,Performance,1005,13.3,0.24,Canada,Amazon
2020-12-07,Creatine,Performance,193,30.87,0.04,Canada,Amazon
2021-01-11,Creatine,Performance,912,17.83,0.24,Canada,Walmart
2021-01-25,Creatine,Performance,495,23.41,0.15,Canada,iHerb
2021-02-01,Creatine,Performance,46,49.63,0.05,Canada,Walmart
2021-02-15,Creatine,Performance,316,28.63,0.09,Canada,iHerb
2021-03-01,Creatine,Performance,60,55.48,0.16,Canada,iHerb
2021-03-22,Creatine,Performance,1067,11.41,0.06,Canada,Walmart
2021-04-05,Creatine,Performance,182,34.24,0.09,Canada,Walmart
2021-04-12,Creatine,Performance,881,18.42,0.19,Canada,iHerb
2021-04-26,Creatine,Performance,389,28.47,0.13,Canada,Walmart
2021-05-03,Creatine,Performance,309,26.82,0.05,Canada,Walmart
2021-05-17,Creatine,Performance,509,27.05,0.2,Canada,iHerb
2021-06-14,Creatine,Performance,45,46.56,0.06,Canada,iHerb
2021-07-05,Creatine,Performance,621,17.82,0.11,Canada,iHerb
2021-08-02,Creatine,Performance,41,50.3,0.07,Canada,Amazon
2021-08-09,Creatine,Performance,182,31.86,0.1,Canada,Walmart
2021-08-23,Creatine,Performance,102,32.53,0.0,Canada,Walmart
2021-08-30,Creatine,Performance,17,58.8,0.06,Canada,iHerb
2021-10-04,Creatine,Performance,194,33.25,0.17,Canada,Amazon
2021-10-18,Creatine,Performance,260,24.31,0.05,Canada,Amazon
2021-11-01,Creatine,Performance,737,16.54,0.17,Canada,Walmart
2021-12-27,Creatine,Performance,725,16.08,0.14,Canada,Walmart
2022-01-03,Creatine,Performance,69,52.99,0.18,Canada,iHerb
2022-01-24,Creatine,Performance,161,35.05,0.09,Canada,Amazon
2022-01-31,Creatine,Performance,34,55.22,0.05,Canada,iHerb
2022-03-14,Creatine,Performance,57,54.8,0.1,Canada,iHerb
2022-03-28,Creatine,Performance,33,55.89,0.03,Canada,Amazon
2022-04-04,Creatine,Performance,745,15.33,0.09,Canada,Walmart
2022-04-11,Creatine,Performance,362,31.49,0.16,Canada,iHerb
2022-04-25,Creatine,Performance,174,33.39,0.07,Canada,Walmart
2022-05-02,Creatine,Performance,617,26.57,0.24,Canada,Walmart
2022-06-20,Creatine,Performance,130,43.45,0.16,Canada,Walmart
2022-07-04,Creatine,Performance,219,27.62,0.04,Canada,iHerb
2022-07-11,Creatine,Performance,17,59.81,0.03,Canada,iHerb
2022-07-25,Creatine,Performance,549,19.63,0.09,Canada,iHerb
2022-08-22,Creatine,Performance,21,56.67,0.06,Canada,Walmart
2022-08-29,Creatine,Performance,738,16.05,0.23,Canada,iHerb
2022-09-12,Creatine,Performance,68,54.8,0.22,Canada,iHerb
2022-10-03,Creatine,Performance,183,22.32,0.04,Canada,iHerb
2022-10-10,Creatine,Performance,301,23.27,0.05,Canada,iHerb
2022-10-24,Creatine,Performance,116,38.09,0.11,Canada,Walmart
2022-10-31,Creatine,Performance,485,19.35,0.12,Canada,Amazon
2022-11-21,Creatine,Performance,355,26.45,0.15,Canada,Walmart
2022-11-28,Creatine,Performance,316,28.47,0.22,Canada,iHerb
2022-12-12,Creatine,Performance,174,32.78,0.09,Canada,Walmart
2022-12-19,Creatine,Performance,85,48.71,0.15,Canada,iHerb
2022-12-26,Creatine,Performance,125,40.42,0.1,Canada,Amazon
2023-01-16,Creatine,Performance,49,55.41,0.13,Canada,Amazon
2023-02-13,Creatine,Performance,87,42.18,0.06,Canada,Walmart
2023-02-20,Creatine,Performance,65,58.88,0.17,Canada,Amazon
2023-03-13,Creatine,Performance,107,44.38,0.09,Canada,Walmart
2023-04-24,Creatine,Performance,546,22.25,0.18,Canada,iHerb
2023-05-01,Creatine,Performance,144,39.61,0.09,Canada,Walmart
2023-05-15,Creatine,Performance,50,49.1,0.04,Canada,Amazon
2023-05-22,Creatine,Performance,215,30.83,0.08,Canada,Amazon
2023-05-29,Creatine,Performance,182,43.52,0.23,Canada,Walmart
2023-06-12,Creatine,Performance,275,34.18,0.21,Canada,Amazon
2023-06-19,Creatine,Performance,119,37.19,0.07,Canada,iHerb
2023-07-31,Creatine,Performance,110,42.25,0.14,Canada,Amazon
2023-08-28,Creatine,Performance,85,36.95,0.05,Canada,iHerb
2023-09-11,Creatine,Performance,44,46.34,0.08,Canada,Amazon
2023-09-18,Creatine,Performance,480,19.63,0.15,Canada,iHerb
2023-10-02,Creatine,Performance,51,49.9,0.14,Canada,Walmart
2023-11-06,Creatine,Performance,102,43.87,0.15,Canada,Amazon
2023-11-13,Creatine,Performance,179,33.25,0.14,Canada,Walmart
2023-12-04,Creatine,Performance,118,46.86,0.23,Canada,Amazon
2023-12-18,Creatine,Performance,705,13.85,0.1,Canada,iHerb
2024-01-01,Creatine,Performance,263,30.67,0.09,Canada,iHerb
2024-01-08,Creatine,Performance,25,59.91,0.09,Canada,Amazon
2024-01-15,Creatine,Performance,54,51.78,0.1,Canada,Walmart
2024-01-22,Creatine,Performance,279,29.48,0.13,Canada,iHerb
2024-02-05,Creatine,Performance,189,40.19,0.15,Canada,Amazon
2024-02-12,Creatine,Performance,119,38.98,0.06,Canada,Amazon
2024-02-19,Creatine,Performance,1024,13.91,0.09,Canada,Walmart
2024-03-04,Creatine,Performance,457,31.03,0.21,Canada,Amazon
2024-04-01,Creatine,Performance,325,34.93,0.22,Canada,Amazon
2024-04-22,Creatine,Performance,407,25.73,0.16,Canada,iHerb
2024-05-13,Creatine,Performance,23,57.42,0.0,Canada,iHerb
2024-05-20,Creatine,Performance,86,40.53,0.03,Canada,iHerb
2024-06-03,Creatine,Performance,1025,14.18,0.14,Canada,iHerb
2024-07-08,Creatine,Performance,854,14.85,0.15,Canada,Amazon
2024-07-22,Creatine,Performance,30,55.75,0.1,Canada,Amazon
2024-07-29,Creatine,Performance,22,56.03,0.04,Canada,iHerb
2024-08-05,Creatine,Performance,17,58.03,0.04,Canada,iHerb
2024-08-12,Creatine,Performance,618,19.16,0.22,Canada,Walmart
2024-09-23,Creatine,Performance,28,57.29,0.13,Canada,Walmart
2024-09-30,Creatine,Performance,265,27.87,0.19,Canada,iHerb
2024-10-07,Creatine,Performance,612,16.57,0.2,Canada,Amazon
2024-10-14,Creatine,Performance,35,46.64,0.03,Canada,iHerb
2024-10-21,Creatine,Performance,244,29.79,0.16,Canada,Amazon
2024-10-28,Creatine,Performance,570,13.31,0.11,Canada,Amazon
2024-11-04,Creatine,Performance,391,16.61,0.02,Canada,Walmart
2024-12-30,Creatine,Performance,82,41.01,0.06,Canada,iHerb
2025-01-27,Creatine,Performance,173,37.56,0.12,Canada,Walmart
2025-02-03,Creatine,Performance,1217,10.77,0.17,Canada,Amazon
2025-02-17,Creatine,Performance,965,14.9,0.17,Canada,Amazon
2025-03-17,Creatine,Performance,73,45.63,0.05,Canada,Walmart
2025-03-31,Creatine,Performance,151,35.63,0.03,Canada,Amazon
