Supplement_Sales_Weekly.csv
Date,Product Name,Category,Units Sold,Price,Discount,Location,Platform
2020-02-17,Vitamin C,Vitamin,484,39.66,0.22,Canada,iHerb
2020-03-02,Vitamin C,Vitamin,284,40.29,0.09,Canada,iHerb
2020-03-09,Vitamin C,Vitamin,1493,20.16,0.19,Canada,iHerb
2020-03-16,Vitamin C,Vitamin,370,33.82,0.06,Canada,Walmart
2020-03-23,Vitamin C,Vitamin,99,52.52,0.05,Canada,Amazon
2020-03-30,Vitamin C,Vitamin,285,41.8,0.1,Canada,Amazon
2020-04-20,Vitamin C,Vitamin,750,27.65,0.16,Canada,iHerb
2020-06-29,Vitamin C,Vitamin,465,27.74,0.1,Canada,Amazon
2020-07-06,Vitamin C,Vitamin,561,21.69,0.01,Canada,Walmart
2020-07-13,Vitamin C,Vitamin,35,59.63,0.04,Canada,iHerb
2020-08-03,Vitamin C,Vitamin,210,38.85,0.09,Canada,Walmart
2020-08-10,Vitamin C,Vitamin,259,29.34,0.01,Canada,Walmart
2020-08-17,Vitamin C,Vitamin,198,37.43,0.1,Canada,iHerb
2020-09-21,Vitamin C,Vitamin,55,54.18,0.09,Canada,Amazon
2020-09-28,Vitamin C,Vitamin,72,54.9,0.13,Canada,Amazon
2020-10-12,Vitamin C,Vitamin,65,56.63,0.14,Canada,iHerb
2020-11-16,Vitamin C,Vitamin,1637,11.23,0.17,Canada,Amazon
2020-12-21,Vitamin C,Vitamin,2117,10.7,0.14,Canada,Walmart
2021-01-04,Vitamin C,Vitamin,1415,13.15,0.05,Canada,iHerb
2021-02-08,Vitamin C,Vitamin,116,57.1,0.18,Canada,iHerb
2021-02-15,Vitamin C,Vitamin,454,32.09,0.09,Canada,iHerb
2021-03-29,Vitamin C,Vitamin,751,30.55,0.16,Canada,Walmart
2021-04-05,Vitamin C,Vitamin,330,36.6,0.07,Canada,iHerb
2021-04-26,Vitamin C,Vitamin,1513,13.92,0.02,Canada,iHerb
2021-05-17,Vitamin C,Vitamin,142,44.41,0.03,Canada,Walmart
2021-05-31,Vitamin C,Vitamin,1172,22.24,0.17,Canada,iHerb
2021-06-14,Vitamin C,Vitamin,180,54.21,0.22,Canada,iHerb
2021-07-05,Vitamin C,Vitamin,635,33.39,0.24,Canada,Walmart
2021-07-26,Vitamin C,Vitamin,213,37.14,0.13,Canada,iHerb
2021-08-09,Vitamin C,Vitamin,837,18.51,0.06,Canada,iHerb
2021-08-16,Vitamin C,Vitamin,154,44.49,0.12,Canada,iHerb
2021-08-23,Vitamin C,Vitamin,69,54.68,0.1,Canada,Amazon
2021-09-13,Vitamin C,Vitamin,1463,14.66,0.18,Canada,Amazon
2021-09-20,Vitamin C,Vitamin,330,26.81,0.07,Canada,Amazon
2021-11-08,Vitamin C,Vitamin,1241,17.75,0.21,Canada,iHerb
2021-11-29,Vitamin C,Vitamin,207,33.02,0.01,Canada,iHerb
2021-12-13,Vitamin C,Vitamin,44,59.9,0.06,Canada,Walmart
2021-12-20,Vitamin C,Vitamin,227,42.39,0.13,Canada,iHerb
2022-01-17,Vitamin C,Vitamin,371,34.32,0.06,Canada,iHerb
2022-02-07,Vitamin C,Vitamin,142,44.93,0.06,Canada,Walmart
2022-03-14,Vitamin C,Vitamin,542,36.51,0.18,Canada,Amazon
2022-03-28,Vitamin C,Vitamin,87,54.99,0.08,Canada,Amazon
2022-04-18,Vitamin C,Vitamin,1222,16.0,0.13,Canada,Walmart
2022-04-25,Vitamin C,Vitamin,1117,23.62,0.14,Canada,iHerb
2022-05-16,Vitamin C,Vitamin,1202,21.63,0.15,Canada,Amazon
2022-06-06,Vitamin C,Vitamin,135,44.01,0.07,Canada,iHerb
2022-08-08,Vitamin C,Vitamin,509,31.62,0.21,Canada,Walmart
2022-08-22,Vitamin C,Vitamin,924,18.83,0.14,Canada,Amazon
2022-10-03,Vitamin C,Vitamin,1304,16.14,0.24,Canada,iHerb
2022-10-17,Vitamin C,Vitamin,219,41.62,0.15,Canada,iHerb
2022-10-24,Vitamin C,Vitamin,1092,10.77,0.03,Canada,iHerb
2022-10-31,Vitamin C,Vitamin,23,59.78,0.02,Canada,Walmart
2022-11-07,Vitamin C,Vitamin,586,22.03,0.08,Canada,Walmart
2022-11-21,Vitamin C,Vitamin,697,21.56,0.1,Canada,iHerb
2022-11-28,Vitamin C,Vitamin,200,51.75,0.23,Canada,Walmart
2022-12-05,Vitamin C,Vitamin,121,48.25,0.1,Canada,Walmart
2022-12-19,Vitamin C,Vitamin,79,59.44,0.15,Canada,Walmart
2023-01-02,Vitamin C,Vitamin,125,52.44,0.13,Canada,iHerb
2023-01-23,Vitamin C,Vitamin,974,14.0,0.0,Canada,Walmart
2023-01-30,Vitamin C,Vitamin,528,34.43,0.16,Canada,iHerb
2023-02-20,Vitamin C,Vitamin,1679,20.5,0.2,Canada,iHerb
2023-03-27,Vitamin C,Vitamin,799,30.89,0.19,Canada,iHerb
2023-06-05,Vitamin C,Vitamin,620,23.37,0.02,Canada,Walmart
2023-06-12,Vitamin C,Vitamin,253,45.76,0.23,Canada,Amazon
2023-07-03,Vitamin C,Vitamin,686,29.45,0.19,Canada,Walmart
2023-07-10,Vitamin C,Vitamin,208,42.96,0.11,Canada,Amazon
2023-07-17,Vitamin C,Vitamin,51,59.79,0.15,Canada,Amazon
2023-08-07,Vitamin C,Vitamin,92,48.7,0.07,Canada,Amazon
2023-08-28,Vitamin C,Vitamin,924,23.18,0.19,Canada,Walmart
2023-09-18,Vitamin C,Vitamin,507,26.03,0.14,Canada,Walmart
2023-09-25,Vitamin C,Vitamin,95,58.71,0.21,Canada,Amazon
2023-10-02,Vitamin C,Vitamin,163,45.51,0.16,Canada,iHerb
2023-10-09,Vitamin C,Vitamin,113,50.29,0.15,Canada,Walmart
2023-10-23,Vitamin C,Vitamin,492,34.33,0.24,Canada,iHerb
2023-11-06,Vitamin C,Vitamin,125,54.5,0.22,Canada,Walmart
2023-12-18,Vitamin C,Vitamin,1649,11.31,0.06,Canada,iHerb
2023-12-25,Vitamin C,Vitamin,649,27.11,0.14,Canada,iHerb
2024-01-29,Vitamin C,Vitamin,1058,23.56,0.14,Canada,Walmart
2024-03-04,Vitamin C,Vitamin,689,35.39,0.21,Canada,Walmart
2024-03-25,Vitamin C,Vitamin,1063,19.26,0.05,Canada,Walmart
2024-04-15,Vitamin C,Vitamin,157,47.6,0.09,Canada,iHerb
2024-05-27,Vitamin C,Vitamin,282,39.52,0.16,Canada,iHerb
2024-06-03,Vitamin C,Vitamin,403,30.33,0.02,Canada,iHerb
2024-07-08,Vitamin C,Vitamin,1177,16.08,0.07,Canada,Walmart
2024-07-15,Vitamin C,Vitamin,1425,14.07,0.17,Canada,Amazon
2024-07-22,Vitamin C,Vitamin,1286,18.56,0.23,Canada,Walmart
2024-07-29,Vitamin C,Vitamin,510,31.46,0.18,Canada,iHerb
2024-08-05,Vitamin C,Vitamin,1011,14.08,0.06,Canada,Walmart
2024-08-12,Vitamin C,Vitamin,623,23.93,0.14,Canada,iHerb
2024-11-04,Vitamin C,Vitamin,482,34.16,0.23,Canada,Walmart
2024-11-25,Vitamin C,Vitamin,347,28.35,0.01,Canada,iHerb
2024-12-09,Vitamin C,Vitamin,594,33.84,0.22,Canada,iHerb
2024-12-23,Vitamin C,Vitamin,180,50.57,0.21,Canada,Walmart
2025-01-13,Vitamin C,Vitamin,51,56.42,0.07,Canada,Walmart
2025-01-20,Vitamin C,Vitamin,243,41.98,0.11,Canada,iHerb
2025-01-27,Vitamin C,Vitamin,2262,12.52,0.12,Canada,Walmart
2025-03-03,Vitamin C,Vitamin,836,25.7,0.11,Canada,Amazon
2025-03-10,Vitamin C,Vitamin,162,44.32,0.09,Canada,Walmart
2025-03-24,Vitamin C,Vitamin,73,58.55,0.09,Canada,Walmart
2020-02-17,Green Tea Extract,Fat Burner,1189,26.94,0.2,Canada,Amazon
2020-03-23,Green Tea Extract,Fat Burner,1059,21.41,0.06,Canada,Amazon
2020-04-27,Green Tea Extract,Fat Burner,2164,11.1,0.08,Canada,iHerb
2020-05-11,Green Tea Extract,Fat Burner,156,47.11,0.04,Canada,iHerb
2020-06-01,Green Tea Extract,Fat Burner,336,37.63,0.09,Canada,iHerb
2020-06-15,Green Tea Extract,Fat Burner,68,51.55,0.03,Canada,iHerb
2020-06-29,Green Tea Extract,Fat Burner,1906,16.02,0.23,Canada,Walmart
2020-07-06,Green Tea Extract,Fat Burner,1165,19.67,0.16,Canada,iHerb
2020-07-13,Green Tea Extract,Fat Burner,1685,14.08,0.06,Canada,Walmart
2020-08-17,Green Tea Extract,Fat Burner,91,55.65,0.14,Canada,Walmart
2020-08-24,Green Tea Extract,Fat Burner,1611,13.12,0.12,Canada,Walmart
2020-09-28,Green Tea Extract,Fat Burner,112,40.03,0.04,Canada,iHerb
2020-11-16,Green Tea Extract,Fat Burner,2031,14.57,0.19,Canada,iHerb
2020-11-23,Green Tea Extract,Fat Burner,72,58.42,0.11,Canada,Amazon
2020-12-07,Green Tea Extract,Fat Burner,212,41.34,0.09,Canada,iHerb
2020-12-14,Green Tea Extract,Fat Burner,172,48.59,0.12,Canada,iHerb
2021-02-01,Green Tea Extract,Fat Burner,713,26.18,0.05,Canada,iHerb
2021-02-15,Green Tea Extract,Fat Burner,1766,13.78,0.21,Canada,Walmart
2021-03-22,Green Tea Extract,Fat Burner,2552,16.63,0.19,Canada,Amazon
2021-04-12,Green Tea Extract,Fat Burner,4280,11.23,0.2,Canada,Walmart
2021-04-19,Green Tea Extract,Fat Burner,655,34.86,0.17,Canada,Walmart
2021-04-26,Green Tea Extract,Fat Burner,258,50.53,0.18,Canada,Walmart
2021-05-10,Green Tea Extract,Fat Burner,918,17.06,0.0,Canada,iHerb
2021-06-28,Green Tea Extract,Fat Burner,148,44.81,0.05,Canada,iHerb
2021-07-12,Green Tea Extract,Fat Burner,166,58.9,0.25,Canada,Walmart
2021-08-16,Green Tea Extract,Fat Burner,104,51.46,0.11,Canada,Amazon
2021-08-23,Green Tea Extract,Fat Burner,25,58.89,0.03,Canada,iHerb
2021-09-20,Green Tea Extract,Fat Burner,47,58.8,0.08,Canada,Walmart
2021-10-25,Green Tea Extract,Fat Burner,40,59.58,0.05,Canada,Walmart
2021-11-01,Green Tea Extract,Fat Burner,197,50.55,0.21,Canada,iHerb
2021-11-22,Green Tea Extract,Fat Burner,2025,11.79,0.18,Canada,iHerb
2021-11-29,Green Tea Extract,Fat Burner,74,54.43,0.06,Canada,iHerb
2021-12-13,Green Tea Extract,Fat Burner,830,33.24,0.25,Canada,Amazon
2021-12-20,Green Tea Extract,Fat Burner,600,36.26,0.24,Canada,Amazon
2022-01-17,Green Tea Extract,Fat Burner,72,51.86,0.02,Canada,Amazon
2022-01-24,Green Tea Extract,Fat Burner,1118,24.23,0.2,Canada,Walmart
2022-01-31,Green Tea Extract,Fat Burner,213,46.83,0.11,Canada,Walmart
2022-02-14,Green Tea Extract,Fat Burner,103,48.57,0.01,Canada,iHerb
2022-03-28,Green Tea Extract,Fat Burner,2600,18.75,0.22,Canada,Walmart
2022-05-02,Green Tea Extract,Fat Burner,1519,23.1,0.24,Canada,Walmart
2022-05-23,Green Tea Extract,Fat Burner,2333,17.63,0.21,Canada,Amazon
2022-05-30,Green Tea Extract,Fat Burner,80,49.09,0.0,Canada,Amazon
2022-06-20,Green Tea Extract,Fat Burner,239,51.8,0.23,Canada,Walmart
2022-06-27,Green Tea Extract,Fat Burner,593,34.07,0.17,Canada,Amazon
2022-07-04,Green Tea Extract,Fat Burner,106,48.95,0.09,Canada,iHerb
2022-07-25,Green Tea Extract,Fat Burner,1622,11.12,0.04,Canada,Walmart
2022-08-15,Green Tea Extract,Fat Burner,422,38.36,0.22,Canada,Walmart
2022-09-19,Green Tea Extract,Fat Burner,213,52.61,0.24,Canada,Walmart
2022-10-03,Green Tea Extract,Fat Burner,1959,11.75,0.19,Canada,iHerb
2022-10-17,Green Tea Extract,Fat Burner,214,38.39,0.09,Canada,Walmart
2022-10-24,Green Tea Extract,Fat Burner,305,36.97,0.13,Canada,iHerb
2022-10-31,Green Tea Extract,Fat Burner,648,29.76,0.16,Canada,Amazon
2022-11-14,Green Tea Extract,Fat Burner,83,47.31,0.05,Canada,Walmart
2022-12-12,Green Tea Extract,Fat Burner,244,44.62,0.16,Canada,iHerb
2023-01-09,Green Tea Extract,Fat Burner,386,36.46,0.11,Canada,iHerb
2023-01-16,Green Tea Extract,Fat Burner,710,23.58,0.01,Canada,iHerb
2023-01-23,Green Tea Extract,Fat Burner,108,56.86,0.15,Canada,Amazon
2023-01-30,Green Tea Extract,Fat Burner,1227,25.37,0.17,Canada,iHerb
2023-02-20,Green Tea Extract,Fat Burner,180,44.25,0.05,Canada,iHerb
2023-02-27,Green Tea Extract,Fat Burner,821,23.34,0.03,Canada,Walmart
2023-03-06,Green Tea Extract,Fat Burner,808,34.77,0.24,Canada,Walmart
2023-04-03,Green Tea Extract,Fat Burner,2644,12.81,0.16,Canada,iHerb
2023-04-17,Green Tea Extract,Fat Burner,459,31.01,0.02,Canada,iHerb
2023-05-08,Green Tea Extract,Fat Burner,2042,13.81,0.09,Canada,Amazon
2023-05-15,Green Tea Extract,Fat Burner,475,41.92,0.21,Canada,iHerb
2023-06-05,Green Tea Extract,Fat Burner,49,58.36,0.02,Canada,Amazon
2023-06-12,Green Tea Extract,Fat Burner,430,37.72,0.15,Canada,Walmart
2023-06-19,Green Tea Extract,Fat Burner,916,26.7,0.21,Canada,Amazon
2023-06-26,Green Tea Extract,Fat Burner,53,57.67,0.02,Canada,Walmart
2023-07-31,Green Tea Extract,Fat Burner,415,36.46,0.13,Canada,Amazon
2023-08-07,Green Tea Extract,Fat Burner,795,26.51,0.18,Canada,Walmart
2023-08-14,Green Tea Extract,Fat Burner,2575,10.48,0.24,Canada,Amazon
2023-09-04,Green Tea Extract,Fat Burner,478,27.64,0.14,Canada,Walmart
2023-10-09,Green Tea Extract,Fat Burner,554,26.59,0.12,Canada,Amazon
2023-10-30,Green Tea Extract,Fat Burner,91,47.29,0.05,Canada,Walmart
2023-11-06,Green Tea Extract,Fat Burner,846,19.33,0.06,Canada,Amazon
2023-11-20,Green Tea Extract,Fat Burner,2906,10.1,0.23,Canada,Walmart
2023-11-27,Green Tea Extract,Fat Burner,1493,11.64,0.06,Canada,Amazon
2023-12-11,Green Tea Extract,Fat Burner,213,51.97,0.19,Canada,Amazon
2023-12-18,Green Tea Extract,Fat Burner,677,32.47,0.22,Canada,Walmart
2024-01-01,Green Tea Extract,Fat Burner,2127,13.46,0.19,Canada,Amazon
2024-01-15,Green Tea Extract,Fat Burner,143,45.02,0.03,Canada,Walmart
2024-02-05,Green Tea Extract,Fat Burner,122,57.44,0.14,Canada,Walmart
2024-02-26,Green Tea Extract,Fat Burner,850,24.76,0.07,Canada,iHerb
2024-03-04,Green Tea Extract,Fat Burner,90,54.93,0.06,Canada,iHerb
2024-03-18,Green Tea Extract,Fat Burner,379,47.58,0.2,Canada,Amazon
2024-04-22,Green Tea Extract,Fat Burner,281,45.99,0.14,Canada,Amazon
2024-05-06,Green Tea Extract,Fat Burner,3512,13.63,0.25,Canada,Amazon
2024-06-17,Green Tea Extract,Fat Burner,409,37.7,0.16,Canada,Amazon
2024-06-24,Green Tea Extract,Fat Burner,2180,10.65,0.05,Canada,Amazon
2024-07-29,Green Tea Extract,Fat Burner,84,46.09,0.02,Canada,Walmart
2024-08-19,Green Tea Extract,Fat Burner,231,48.97,0.23,Canada,Amazon
2024-09-16,Green Tea Extract,Fat Burner,418,37.44,0.23,Canada,Walmart
2024-09-23,Green Tea Extract,Fat Burner,114,49.83,0.11,Canada,Walmart
2024-10-21,Green Tea Extract,Fat Burner,151,54.63,0.22,Canada,Walmart
2024-11-04,Green Tea Extract,Fat Burner,87,45.85,0.02,Canada,Walmart
2024-11-11,Green Tea Extract,Fat Burner,272,35.54,0.13,Canada,Amazon
2024-11-18,Green Tea Extract,Fat Burner,305,42.09,0.19,Canada,iHerb
2024-12-23,Green Tea Extract,Fat Burner,600,26.93,0.06,Canada,iHerb
2024-12-30,Green Tea Extract,Fat Burner,95,55.67,0.11,Canada,Walmart
2025-01-20,Green Tea Extract,Fat Burner,88,58.09,0.1,Canada,iHerb
2025-03-10,Green Tea Extract,Fat Burner,3832,12.62,0.25,Canada,iHerb
