Supplement_Sales_Weekly.csv
Date,Product Name,Category,Units Sold,Price,Discount,Location,Platform
2020-03-23,Electrolyte Powder,Hydration,1745,13.78,0.09,UK,Amazon
2020-04-06,Electrolyte Powder,Hydration,323,43.15,0.19,UK,iHerb
2020-04-20,Electrolyte Powder,Hydration,2365,,0.15,UK,Amazon
2020-05-11,Electrolyte Powder,Hydration,385,38.94,0.16,UK,iHerb
2020-05-25,Electrolyte Powder,Hydration,1296,15.05,0.04,UK,Amazon
2020-06-22,Electrolyte Powder,Hydration,1530,13.84,0.09,UK,iHerb
2020-07-27,Electrolyte Powder,Hydration,386,26.9,0.03,UK,iHerb
2020-08-17,Electrolyte Powder,Hydration,118,40.77,0.02,UK,iHerb
2020-09-14,Electrolyte Powder,Hydration,150,42.14,0.15,UK,Walmart
2020-09-21,Electrolyte Powder,Hydration,105,47.47,0.14,UK,iHerb
2020-10-26,Electrolyte Powder,Hydration,55,58.35,0.14,UK,iHerb
2020-11-02,Electrolyte Powder,Hydration,352,30.46,0.08,UK,Amazon
2020-11-16,Electrolyte Powder,Hydration,1245,12.45,0.14,UK,iHerb
2020-11-23,Electrolyte Powder,Hydration,577,31.15,0.2,UK,Walmart
2020-12-07,Electrolyte Powder,Hydration,210,39.31,0.12,UK,Walmart
2020-12-21,Electrolyte Powder,Hydration,414,34.52,0.21,UK,Amazon
2021-01-18,Electrolyte Powder,Hydration,351,44.67,0.25,UK,iHerb
2021-02-08,Electrolyte Powder,Hydration,93,53.25,0.08,UK,iHerb
2021-02-22,Electrolyte Powder,Hydration,606,36.02,0.24,UK,Amazon
2021-04-19,Electrolyte Powder,Hydration,243,43.93,0.11,UK,Walmart
2021-04-26,Electrolyte Powder,Hydration,88,47.32,0.0,UK,iHerb
2021-05-10,Electrolyte Powder,Hydration,1517,18.2,0.18,UK,Amazon
2021-05-24,Electrolyte Powder,Hydration,33,59.6,0.03,UK,iHerb
2021-06-07,Electrolyte Powder,Hydration,303,34.3,0.08,UK,iHerb
2021-07-12,Electrolyte Powder,Hydration,74,46.67,0.0,UK,Walmart
2021-07-26,Electrolyte Powder,Hydration,665,20.71,0.02,UK,iHerb
2021-08-02,Electrolyte Powder,Hydration,494,26.38,0.05,UK,Amazon
2021-10-25,Electrolyte Powder,Hydration,211,48.04,0.25,UK,Walmart
2021-12-13,Electrolyte Powder,Hydration,158,53.1,0.22,UK,Walmart
2022-01-10,Electrolyte Powder,Hydration,232,32.79,0.04,UK,Walmart
2022-02-14,Electrolyte Powder,Hydration,713,30.78,0.21,UK,iHerb
2022-03-07,Electrolyte Powder,Hydration,423,29.93,0.03,UK,iHerb
2022-03-14,Electrolyte Powder,Hydration,192,37.35,0.01,UK,iHerb
2022-03-21,Electrolyte Powder,Hydration,95,50.55,0.03,UK,iHerb
2022-03-28,Electrolyte Powder,Hydration,650,27.77,0.14,UK,iHerb
2022-04-04,Electrolyte Powder,Hydration,163,52.9,0.18,UK,iHerb
2022-04-11,Electrolyte Powder,Hydration,519,39.68,0.22,UK,Walmart
2022-04-18,Electrolyte Powder,Hydration,338,30.8,0.02,UK,iHerb
2022-04-25,Electrolyte Powder,Hydration,755,26.93,0.19,UK,Walmart
2022-05-02,Electrolyte Powder,Hydration,137,46.14,0.07,UK,iHerb
2022-05-23,Electrolyte Powder,Hydration,83,47.55,0.02,UK,iHerb
2022-06-06,Electrolyte Powder,Hydration,1718,15.04,0.15,UK,Walmart
2022-06-27,Electrolyte Powder,Hydration,1321,18.72,0.2,UK,Walmart
2022-07-18,Electrolyte Powder,Hydration,699,30.37,0.25,UK,iHerb
2022-08-01,Electrolyte Powder,Hydration,387,28.02,0.11,UK,iHerb
2022-09-19,Electrolyte Powder,Hydration,730,16.36,0.1,UK,Amazon
2022-09-26,Electrolyte Powder,Hydration,1314,10.67,0.05,UK,Walmart
2022-10-03,Electrolyte Powder,Hydration,860,19.76,0.15,UK,Amazon
2022-11-07,Electrolyte Powder,Hydration,257,41.41,0.18,UK,Walmart
2022-11-14,Electrolyte Powder,Hydration,34,55.11,0.01,UK,iHerb
2022-12-05,Electrolyte Powder,Hydration,38,59.57,0.06,UK,Walmart
2022-12-12,Electrolyte Powder,Hydration,80,48.01,0.04,UK,iHerb
2023-01-02,Electrolyte Powder,Hydration,1165,16.76,0.15,UK,iHerb
2023-01-09,Electrolyte Powder,Hydration,1949,15.43,0.19,UK,iHerb
2023-01-16,Electrolyte Powder,Hydration,289,42.09,0.17,UK,Amazon
2023-01-30,Electrolyte Powder,Hydration,344,45.47,0.23,UK,Walmart
2023-03-13,Electrolyte Powder,Hydration,2270,11.28,0.1,UK,Walmart
2023-03-27,Electrolyte Powder,Hydration,1448,17.93,0.1,UK,iHerb
2023-04-03,Electrolyte Powder,Hydration,1160,26.91,0.24,UK,iHerb
2023-05-15,Electrolyte Powder,Hydration,56,55.45,0.05,UK,Amazon
2023-06-12,Electrolyte Powder,Hydration,142,42.14,0.03,UK,iHerb
2023-06-19,Electrolyte Powder,Hydration,88,58.55,0.17,UK,iHerb
2023-07-10,Electrolyte Powder,Hydration,524,29.84,0.13,UK,iHerb
2023-08-07,Electrolyte Powder,Hydration,347,25.57,0.01,UK,Amazon
2023-09-04,Electrolyte Powder,Hydration,121,41.14,0.03,UK,Amazon
2023-10-02,Electrolyte Powder,Hydration,273,37.95,0.17,UK,iHerb
2023-10-09,Electrolyte Powder,Hydration,630,21.05,0.11,UK,iHerb
2023-11-27,Electrolyte Powder,Hydration,157,41.9,0.09,UK,iHerb
2023-12-11,Electrolyte Powder,Hydration,219,37.27,0.05,UK,Amazon
2023-12-25,Electrolyte Powder,Hydration,1418,16.18,0.16,UK,iHerb
2024-01-15,Electrolyte Powder,Hydration,368,34.98,0.13,UK,iHerb
2024-02-26,Electrolyte Powder,Hydration,892,29.35,0.21,UK,Walmart
2024-03-18,Electrolyte Powder,Hydration,2147,11.26,0.15,UK,Amazon
2024-04-01,Electrolyte Powder,Hydration,540,33.0,0.16,UK,Walmart
2024-04-22,Electrolyte Powder,Hydration,1823,11.92,0.01,UK,Walmart
2024-05-13,Electrolyte Powder,Hydration,183,45.19,0.1,UK,Amazon
2024-05-20,Electrolyte Powder,Hydration,98,53.84,0.1,UK,Walmart
2024-05-27,Electrolyte Powder,Hydration,123,59.9,0.21,UK,Amazon
2024-06-10,Electrolyte Powder,Hydration,54,53.15,0.01,UK,iHerb
2024-07-08,Electrolyte Powder,Hydration,70,59.53,0.13,UK,Walmart
2024-07-29,Electrolyte Powder,Hydration,227,50.13,0.23,UK,Amazon
2024-08-05,Electrolyte Powder,Hydration,639,29.37,0.16,UK,Amazon
2024-08-19,Electrolyte Powder,Hydration,65,56.0,0.12,UK,iHerb
2024-09-02,Electrolyte Powder,Hydration,159,52.62,0.21,UK,Amazon
2024-09-16,Electrolyte Powder,Hydration,232,38.91,0.14,UK,iHerb
2024-10-07,Electrolyte Powder,Hydration,59,49.82,0.06,UK,Walmart
2025-02-10,Electrolyte Powder,Hydration,221,50.17,0.22,UK,Walmart
2025-03-03,Electrolyte Powder,Hydration,1081,17.92,0.02,UK,Walmart
2025-03-31,Electrolyte Powder,Hydration,606,39.12,0.23,UK,iHerb
